Archive member included to satisfy reference by file (symbol)

.\CortexM3\ARM_GCC_541\Debug\P-Stat.a(AMux_TIA_input.o)
                              .\CortexM3\ARM_GCC_541\Debug\main.o (AMux_TIA_input_Start)
.\CortexM3\ARM_GCC_541\Debug\P-Stat.a(VDAC_TIA.o)
                              .\CortexM3\ARM_GCC_541\Debug\helper_functions.o (VDAC_TIA_Init)
.\CortexM3\ARM_GCC_541\Debug\P-Stat.a(VDAC_TIA_PM.o)
                              .\CortexM3\ARM_GCC_541\Debug\calibrate.o (VDAC_TIA_Sleep)
.\CortexM3\ARM_GCC_541\Debug\P-Stat.a(TIA.o)
                              .\CortexM3\ARM_GCC_541\Debug\helper_functions.o (TIA_Init)
.\CortexM3\ARM_GCC_541\Debug\P-Stat.a(TIA_PM.o)
                              .\CortexM3\ARM_GCC_541\Debug\calibrate.o (TIA_Sleep)
.\CortexM3\ARM_GCC_541\Debug\P-Stat.a(isr_adc.o)
                              .\CortexM3\ARM_GCC_541\Debug\main.o (isr_adc_StartEx)
.\CortexM3\ARM_GCC_541\Debug\P-Stat.a(USBUART.o)
                              .\CortexM3\ARM_GCC_541\Debug\main.o (USBUART_Start)
.\CortexM3\ARM_GCC_541\Debug\P-Stat.a(USBUART_cdc.o)
                              .\CortexM3\ARM_GCC_541\Debug\main.o (USBUART_CDC_Init)
.\CortexM3\ARM_GCC_541\Debug\P-Stat.a(USBUART_drv.o)
                              .\CortexM3\ARM_GCC_541\Debug\P-Stat.a(USBUART.o) (USBUART_EP)
.\CortexM3\ARM_GCC_541\Debug\P-Stat.a(USBUART_episr.o)
                              .\CortexM3\ARM_GCC_541\Debug\P-Stat.a(USBUART.o) (USBUART_EP_1_ISR)
.\CortexM3\ARM_GCC_541\Debug\P-Stat.a(USBUART_hid.o)
                              .\CortexM3\ARM_GCC_541\Debug\P-Stat.a(USBUART.o) (USBUART_hidProtocol)
.\CortexM3\ARM_GCC_541\Debug\P-Stat.a(USBUART_pm.o)
                              .\CortexM3\ARM_GCC_541\Debug\P-Stat.a(USBUART.o) (USBUART_DP_ISR)
.\CortexM3\ARM_GCC_541\Debug\P-Stat.a(USBUART_std.o)
                              .\CortexM3\ARM_GCC_541\Debug\P-Stat.a(USBUART_drv.o) (USBUART_HandleStandardRqst)
.\CortexM3\ARM_GCC_541\Debug\P-Stat.a(USBUART_vnd.o)
                              .\CortexM3\ARM_GCC_541\Debug\P-Stat.a(USBUART_drv.o) (USBUART_HandleVendorRqst)
.\CortexM3\ARM_GCC_541\Debug\P-Stat.a(IDAC_calibrate.o)
                              .\CortexM3\ARM_GCC_541\Debug\helper_functions.o (IDAC_calibrate_Init)
.\CortexM3\ARM_GCC_541\Debug\P-Stat.a(EEPROM.o)
                              .\CortexM3\ARM_GCC_541\Debug\helper_functions.o (EEPROM_Start)
.\CortexM3\ARM_GCC_541\Debug\P-Stat.a(VDAC_Poise.o)
                              .\CortexM3\ARM_GCC_541\Debug\helper_functions.o (VDAC_Poise_Init)
.\CortexM3\ARM_GCC_541\Debug\P-Stat.a(VDAC_Poise_PM.o)
                              .\CortexM3\ARM_GCC_541\Debug\helper_functions.o (VDAC_Poise_Sleep)
.\CortexM3\ARM_GCC_541\Debug\P-Stat.a(AMux_electrode.o)
                              .\CortexM3\ARM_GCC_541\Debug\main.o (AMux_electrode_Start)
.\CortexM3\ARM_GCC_541\Debug\P-Stat.a(Opamp_Aux.o)
                              .\CortexM3\ARM_GCC_541\Debug\helper_functions.o (Opamp_Aux_Init)
.\CortexM3\ARM_GCC_541\Debug\P-Stat.a(Opamp_Aux_PM.o)
                              .\CortexM3\ARM_GCC_541\Debug\helper_functions.o (Opamp_Aux_Sleep)
.\CortexM3\ARM_GCC_541\Debug\P-Stat.a(LCD.o)
                              .\CortexM3\ARM_GCC_541\Debug\main.o (LCD_WriteControl)
.\CortexM3\ARM_GCC_541\Debug\P-Stat.a(PWM_M.o)
                              .\CortexM3\ARM_GCC_541\Debug\helper_functions.o (PWM_M_Init)
.\CortexM3\ARM_GCC_541\Debug\P-Stat.a(ADC_DelSig.o)
                              .\CortexM3\ARM_GCC_541\Debug\helper_functions.o (ADC_DelSig_Init)
.\CortexM3\ARM_GCC_541\Debug\P-Stat.a(ADC_DelSig_INT.o)
                              .\CortexM3\ARM_GCC_541\Debug\P-Stat.a(ADC_DelSig.o) (ADC_DelSig_ISR1)
.\CortexM3\ARM_GCC_541\Debug\P-Stat.a(Clock_PWM.o)
                              .\CortexM3\ARM_GCC_541\Debug\helper_functions.o (Clock_PWM_Start)
.\CortexM3\ARM_GCC_541\Debug\P-Stat.a(PWM_S.o)
                              .\CortexM3\ARM_GCC_541\Debug\helper_functions.o (PWM_S_Init)
.\CortexM3\ARM_GCC_541\Debug\P-Stat.a(isr_adc_reset.o)
                              .\CortexM3\ARM_GCC_541\Debug\main.o (isr_adc_reset_StartEx)
.\CortexM3\ARM_GCC_541\Debug\P-Stat.a(USBUART_Dp.o)
                              .\CortexM3\ARM_GCC_541\Debug\P-Stat.a(USBUART.o) (USBUART_Dp_ClearInterrupt)
.\CortexM3\ARM_GCC_541\Debug\P-Stat.a(ADC_DelSig_Ext_CP_Clk.o)
                              .\CortexM3\ARM_GCC_541\Debug\P-Stat.a(ADC_DelSig.o) (ADC_DelSig_Ext_CP_Clk_SetDividerRegister)
.\CortexM3\ARM_GCC_541\Debug\P-Stat.a(ADC_DelSig_theACLK.o)
                              .\CortexM3\ARM_GCC_541\Debug\P-Stat.a(ADC_DelSig.o) (ADC_DelSig_theACLK_SetDividerRegister)
.\CortexM3\ARM_GCC_541\Debug\P-Stat.a(CyFlash.o)
                              .\CortexM3\ARM_GCC_541\Debug\P-Stat.a(EEPROM.o) (dieTemperature)
.\CortexM3\ARM_GCC_541\Debug\P-Stat.a(CyLib.o)
                              .\CortexM3\ARM_GCC_541\Debug\Cm3Start.o (CyResetStatus)
.\CortexM3\ARM_GCC_541\Debug\P-Stat.a(cyPm.o)
[...]
Memory Configuration

Name             Origin             Length             Attributes
rom              0x00000000         0x00040000         xr
ram              0x1fff8000         0x00010000         xrw
*default*        0x00000000         0xffffffff

Linker script and memory map

LOAD c:/program files (x86)/cypress/psoc creator/4.4/psoc creator/import/gnu/arm/5.4.1/bin/../lib/gcc/arm-none-eabi/5.4.1/armv7-m/crti.o
LOAD c:/program files (x86)/cypress/psoc creator/4.4/psoc creator/import/gnu/arm/5.4.1/bin/../lib/gcc/arm-none-eabi/5.4.1/armv7-m/crtbegin.o
LOAD c:/program files (x86)/cypress/psoc creator/4.4/psoc creator/import/gnu/arm/5.4.1/bin/../lib/gcc/arm-none-eabi/5.4.1/../../../../arm-none-eabi/lib/armv7-m/crt0.o
START GROUP
LOAD .\CortexM3\ARM_GCC_541\Debug\calibrate.o
LOAD .\CortexM3\ARM_GCC_541\Debug\dac.o
LOAD .\CortexM3\ARM_GCC_541\Debug\usb_protocols.o
LOAD .\CortexM3\ARM_GCC_541\Debug\user_selections.o
LOAD .\CortexM3\ARM_GCC_541\Debug\main.o
LOAD .\CortexM3\ARM_GCC_541\Debug\adc.o
LOAD .\CortexM3\ARM_GCC_541\Debug\helper_functions.o
LOAD .\CortexM3\ARM_GCC_541\Debug\cyfitter_cfg.o
LOAD .\CortexM3\ARM_GCC_541\Debug\cymetadata.o
LOAD .\CortexM3\ARM_GCC_541\Debug\Cm3Start.o
LOAD .\CortexM3\ARM_GCC_541\Debug\P-Stat.a
LOAD C:\Program Files (x86)\Cypress\PSoC Creator\4.4\PSoC Creator\psoc\content\cycomponentlibrary\CyComponentLibrary.cylib\CortexM3\ARM_GCC_541\Debug\CyComponentLibrary.a
LOAD c:/program files (x86)/cypress/psoc creator/4.4/psoc creator/import/gnu/arm/5.4.1/bin/../lib/gcc/arm-none-eabi/5.4.1/../../../../arm-none-eabi/lib/armv7-m\libm.a
END GROUP
START GROUP
LOAD c:/program files (x86)/cypress/psoc creator/4.4/psoc creator/import/gnu/arm/5.4.1/bin/../lib/gcc/arm-none-eabi/5.4.1/armv7-m\libgcc.a
LOAD c:/program files (x86)/cypress/psoc creator/4.4/psoc creator/import/gnu/arm/5.4.1/bin/../lib/gcc/arm-none-eabi/5.4.1/../../../../arm-none-eabi/lib/armv7-m\libg_nano.a
LOAD c:/program files (x86)/cypress/psoc creator/4.4/psoc creator/import/gnu/arm/5.4.1/bin/../lib/gcc/arm-none-eabi/5.4.1/../../../../arm-none-eabi/lib/armv7-m\libc_nano.a
END GROUP
START GROUP
LOAD c:/program files (x86)/cypress/psoc creator/4.4/psoc creator/import/gnu/arm/5.4.1/bin/../lib/gcc/arm-none-eabi/5.4.1/armv7-m\libgcc.a
LOAD c:/program files (x86)/cypress/psoc creator/4.4/psoc creator/import/gnu/arm/5.4.1/bin/../lib/gcc/arm-none-eabi/5.4.1/../../../../arm-none-eabi/lib/armv7-m\libc_nano.a
END GROUP
LOAD c:/program files (x86)/cypress/psoc creator/4.4/psoc creator/import/gnu/arm/5.4.1/bin/../lib/gcc/arm-none-eabi/5.4.1/armv7-m/crtend.o
LOAD c:/program files (x86)/cypress/psoc creator/4.4/psoc creator/import/gnu/arm/5.4.1/bin/../lib/gcc/arm-none-eabi/5.4.1/armv7-m/crtn.o
START GROUP
LOAD c:/program files (x86)/cypress/psoc creator/4.4/psoc creator/import/gnu/arm/5.4.1/bin/../lib/gcc/arm-none-eabi/5.4.1/armv7-m\libgcc.a
LOAD c:/program files (x86)/cypress/psoc creator/4.4/psoc creator/import/gnu/arm/5.4.1/bin/../lib/gcc/arm-none-eabi/5.4.1/../../../../arm-none-eabi/lib/armv7-m\libc.a
LOAD c:/program files (x86)/cypress/psoc creator/4.4/psoc creator/import/gnu/arm/5.4.1/bin/../lib/gcc/arm-none-eabi/5.4.1/../../../../arm-none-eabi/lib/armv7-m\libnosys.a
END GROUP
                0x00000000                CY_APPL_ORIGIN = 0x0
                0x00000100                CY_FLASH_ROW_SIZE = 0x100
                0x00000020                CY_ECC_ROW_SIZE = 0x20
                0x00000000                CY_EE_IN_BTLDR = 0x0
                0x00000000                CY_APPL_LOADABLE = 0x0
                0x00000800                CY_EE_SIZE = 0x800
                0x00000001                CY_APPL_NUM = 0x1
                0x00000001                CY_APPL_MAX = 0x1
                0x00000040                CY_METADATA_SIZE = 0x40
                0x00000000                CY_APPL_LOADABLE = 0x0
                0x00000000                CY_CHECKSUM_EXCLUDE_SIZE = ALIGN (0x0, CY_FLASH_ROW_SIZE)
                [!provide]                PROVIDE (__cy_heap_start, _end)
                0x00000001                PROVIDE (__cy_region_num, ((__cy_regions_end - __cy_regions) / 0x10))
                0x20008000                PROVIDE (__cy_stack, (ORIGIN (ram) + LENGTH (ram)))
                [!provide]                PROVIDE (__cy_heap_end, (__cy_stack - 0x800))

.cybootloader   0x00000000        0x0
 *(.cybootloader)
                0x00000000                appl1_start = CY_APPL_ORIGIN?CY_APPL_ORIGIN:ALIGN (CY_FLASH_ROW_SIZE)
                0x0001ff00                appl2_start = (appl1_start + ALIGN ((((LENGTH (rom) - appl1_start) - (0x2 * CY_FLASH_ROW_SIZE)) / 0x2), CY_FLASH_ROW_SIZE))
                0x00000000                appl_start = (CY_APPL_NUM == 0x1)?appl1_start:appl2_start
                0x00000000                ecc_offset = ((appl_start / CY_FLASH_ROW_SIZE) * CY_ECC_ROW_SIZE)
                0x00000000                ee_offset = (CY_APPL_LOADABLE && ! (CY_EE_IN_BTLDR))?((CY_EE_SIZE / CY_APPL_MAX) * (CY_APPL_NUM - 0x1)):0x0
                0x00000800                ee_size = (CY_APPL_LOADABLE && ! (CY_EE_IN_BTLDR))?(CY_EE_SIZE / CY_APPL_MAX):CY_EE_SIZE
                [!provide]                PROVIDE (CY_ECC_OFFSET, ecc_offset)

.text           0x00000000     0x9a3e
 CREATE_OBJECT_SYMBOLS
                0x00000000                PROVIDE (__cy_interrupt_vector, RomVectors)
 *(.romvectors)
 .romvectors    0x00000000       0x10 .\CortexM3\ARM_GCC_541\Debug\Cm3Start.o
                0x00000000                RomVectors
                0x00000001                ASSERT ((. != __cy_interrupt_vector), No interrupt vector)
                0x00000001                ASSERT (CY_APPL_ORIGIN?(SIZEOF (.cybootloader) <= CY_APPL_ORIGIN):0x1, Wrong image location)
                0x00000010                PROVIDE (__cy_reset, Reset)
 *(.text.Reset)
 .text.Reset    0x00000010       0x18 .\CortexM3\ARM_GCC_541\Debug\Cm3Start.o
                0x00000010                Reset
                0x00000001                ASSERT ((. != __cy_reset), No reset code)
 *(.dma_init)
                0x00000001                ASSERT ((((appl_start + .) <= 0x10000) || 0x1), DMA Init must be within the first 64k of flash)
 *(.text .text.* .gnu.linkonce.t.*)
 .text          0x00000028       0x5c c:/program files (x86)/cypress/psoc creator/4.4/psoc creator/import/gnu/arm/5.4.1/bin/../lib/gcc/arm-none-eabi/5.4.1/armv7-m/crtbegin.o
 .text.calibrate_TIA
                0x00000084      0x124 .\CortexM3\ARM_GCC_541\Debug\calibrate.o
                0x00000084                calibrate_TIA
 .text.calibrate_step
                0x000001a8       0x50 .\CortexM3\ARM_GCC_541\Debug\calibrate.o
                0x000001a8                calibrate_step
 .text.Calibrate_Hardware_Wakeup
                0x000001f8       0x18 .\CortexM3\ARM_GCC_541\Debug\calibrate.o
                0x000001f8                Calibrate_Hardware_Wakeup
 .text.Calibrate_Hardware_Sleep
                0x00000210       0x1c .\CortexM3\ARM_GCC_541\Debug\calibrate.o
                0x00000210                Calibrate_Hardware_Sleep
 .text.dac_Volts2adc
                0x0000022c      0x184 .\CortexM3\ARM_GCC_541\Debug\dac.o
                0x0000022c                dac_Volts2adc
 .text.dac_Setvalue
                0x000003b0       0x1c .\CortexM3\ARM_GCC_541\Debug\dac.o
                0x000003b0                dac_Setvalue
 .text.USB_send
                0x000003cc       0x58 .\CortexM3\ARM_GCC_541\Debug\usb_protocols.o
                0x000003cc                USB_send
 .text.user_setup_electrode
                0x00000424       0x74 .\CortexM3\ARM_GCC_541\Debug\user_selections.o
                0x00000424                user_setup_electrode
 .text.user_setup_ADC_CONFIG
                0x00000498       0x84 .\CortexM3\ARM_GCC_541\Debug\user_selections.o
                0x00000498                user_setup_ADC_CONFIG
 .text.user_setup_TIA_RESISTOR
                0x0000051c       0x5c .\CortexM3\ARM_GCC_541\Debug\user_selections.o
                0x0000051c                user_setup_TIA_RESISTOR
 .text.user_setup_ADC_BUFFER_GAIN
                0x00000578       0x78 .\CortexM3\ARM_GCC_541\Debug\user_selections.o
                0x00000578                user_setup_ADC_BUFFER_GAIN
 .text.user_reset_device
                0x000005f0        0xc .\CortexM3\ARM_GCC_541\Debug\user_selections.o
                0x000005f0                user_reset_device
 .text.user_identify
                0x000005fc       0x2c .\CortexM3\ARM_GCC_541\Debug\user_selections.o
                0x000005fc                user_identify
 .text.ADC_ISR_RESET
                0x00000628       0x20 .\CortexM3\ARM_GCC_541\Debug\main.o
                0x00000628                ADC_ISR_RESET
 .text.ADC_ISR  0x00000648       0xa8 .\CortexM3\ARM_GCC_541\Debug\main.o
                0x00000648                ADC_ISR
 .text.main     0x000006f0      0x2bc .\CortexM3\ARM_GCC_541\Debug\main.o
                0x000006f0                main
 .text.adc_VDAC_offset
                0x000009ac       0x74 .\CortexM3\ARM_GCC_541\Debug\adc.o
                0x000009ac                adc_VDAC_offset
 .text.adc_VDAC_Setvalue
                0x00000a20       0x1c .\CortexM3\ARM_GCC_541\Debug\adc.o
                0x00000a20                adc_VDAC_Setvalue
 .text.helper_HardwareInit
                0x00000a3c       0x38 .\CortexM3\ARM_GCC_541\Debug\helper_functions.o
                0x00000a3c                helper_HardwareInit
 .text.helper_HardwareEnable
                0x00000a74       0x2c .\CortexM3\ARM_GCC_541\Debug\helper_functions.o
                0x00000a74                helper_HardwareEnable
 .text.helper_HardwareSleep
                0x00000aa0       0x18 .\CortexM3\ARM_GCC_541\Debug\helper_functions.o
                0x00000aa0                helper_HardwareSleep
 .text.helper_HardwareWakeup
                0x00000ab8       0x18 .\CortexM3\ARM_GCC_541\Debug\helper_functions.o
                0x00000ab8                helper_HardwareWakeup
 .text.helper_WipeLCD
                0x00000ad0       0x24 .\CortexM3\ARM_GCC_541\Debug\helper_functions.o
                0x00000ad0                helper_WipeLCD
 .text.helper_ClrTx
                0x00000af4       0x18 .\CortexM3\ARM_GCC_541\Debug\helper_functions.o
                0x00000af4                helper_ClrTx
 .text.helper_ClrRx
                0x00000b0c       0x18 .\CortexM3\ARM_GCC_541\Debug\helper_functions.o
                0x00000b0c                helper_ClrRx
 .text.CYMEMZERO
                0x00000b24       0x1c .\CortexM3\ARM_GCC_541\Debug\cyfitter_cfg.o
 .text.CYCONFIGCPY
                0x00000b40       0x20 .\CortexM3\ARM_GCC_541\Debug\cyfitter_cfg.o
 .text.CyClockStartupError
                0x00000b60        0xc .\CortexM3\ARM_GCC_541\Debug\cyfitter_cfg.o
 .text.ClockSetup
                0x00000b6c      0x160 .\CortexM3\ARM_GCC_541\Debug\cyfitter_cfg.o
 .text.AnalogSetDefault
                0x00000ccc       0xbc .\CortexM3\ARM_GCC_541\Debug\cyfitter_cfg.o
 .text.AMux_TIA_input_Set
                0x00000d88       0xa4 .\CortexM3\ARM_GCC_541\Debug\cyfitter_cfg.o
                0x00000d88                AMux_TIA_input_Set
 .text.AMux_TIA_input_Unset
                0x00000e2c       0xb0 .\CortexM3\ARM_GCC_541\Debug\cyfitter_cfg.o
                0x00000e2c                AMux_TIA_input_Unset
 .text.AMux_electrode_Set
                0x00000edc       0x40 .\CortexM3\ARM_GCC_541\Debug\cyfitter_cfg.o
                0x00000edc                AMux_electrode_Set
 .text.AMux_electrode_Unset
                0x00000f1c       0x44 .\CortexM3\ARM_GCC_541\Debug\cyfitter_cfg.o
                0x00000f1c                AMux_electrode_Unset
 .text.cyfitter_cfg
                0x00000f60      0x194 .\CortexM3\ARM_GCC_541\Debug\cyfitter_cfg.o
                0x00000f60                cyfitter_cfg
 .text.IntDefaultHandler
                0x000010f4       0x14 .\CortexM3\ARM_GCC_541\Debug\Cm3Start.o
                0x000010f4                IntDefaultHandler
 .text._sbrk    0x00001108       0x50 .\CortexM3\ARM_GCC_541\Debug\Cm3Start.o
                0x00001108                _sbrk
 .text.Start_c  0x00001158       0x98 .\CortexM3\ARM_GCC_541\Debug\Cm3Start.o
                0x00001158                Start_c
 .text.initialize_psoc
                0x000011f0       0x90 .\CortexM3\ARM_GCC_541\Debug\Cm3Start.o
                0x000011f0                initialize_psoc
 .text.AMux_TIA_input_Start
                0x00001280       0x34 .\CortexM3\ARM_GCC_541\Debug\P-Stat.a(AMux_TIA_input.o)
                0x00001280                AMux_TIA_input_Start
 .text.AMux_TIA_input_FastSelect
                0x000012b4       0x38 .\CortexM3\ARM_GCC_541\Debug\P-Stat.a(AMux_TIA_input.o)
                0x000012b4                AMux_TIA_input_FastSelect
 .text.VDAC_TIA_Init
                0x000012ec       0x28 .\CortexM3\ARM_GCC_541\Debug\P-Stat.a(VDAC_TIA.o)
                0x000012ec                VDAC_TIA_Init
 .text.VDAC_TIA_Enable
                0x00001314       0x34 .\CortexM3\ARM_GCC_541\Debug\P-Stat.a(VDAC_TIA.o)
                0x00001314                VDAC_TIA_Enable
 .text.VDAC_TIA_Stop
                0x00001348       0x34 .\CortexM3\ARM_GCC_541\Debug\P-Stat.a(VDAC_TIA.o)
                0x00001348                VDAC_TIA_Stop
 .text.VDAC_TIA_SetSpeed
                0x0000137c       0x40 .\CortexM3\ARM_GCC_541\Debug\P-Stat.a(VDAC_TIA.o)
                0x0000137c                VDAC_TIA_SetSpeed
 .text.VDAC_TIA_SetRange
                0x000013bc       0x40 .\CortexM3\ARM_GCC_541\Debug\P-Stat.a(VDAC_TIA.o)
                0x000013bc                VDAC_TIA_SetRange
 .text.VDAC_TIA_SetValue
                0x000013fc       0x20 .\CortexM3\ARM_GCC_541\Debug\P-Stat.a(VDAC_TIA.o)
                0x000013fc                VDAC_TIA_SetValue
 .text.VDAC_TIA_DacTrim
                0x0000141c       0x3c .\CortexM3\ARM_GCC_541\Debug\P-Stat.a(VDAC_TIA.o)
                0x0000141c                VDAC_TIA_DacTrim
 .text.VDAC_TIA_SaveConfig
                0x00001458       0x30 .\CortexM3\ARM_GCC_541\Debug\P-Stat.a(VDAC_TIA_PM.o)
                0x00001458                VDAC_TIA_SaveConfig
 .text.VDAC_TIA_RestoreConfig
                0x00001488       0x6c .\CortexM3\ARM_GCC_541\Debug\P-Stat.a(VDAC_TIA_PM.o)
                0x00001488                VDAC_TIA_RestoreConfig
 .text.VDAC_TIA_Sleep
                0x000014f4       0x34 .\CortexM3\ARM_GCC_541\Debug\P-Stat.a(VDAC_TIA_PM.o)
                0x000014f4                VDAC_TIA_Sleep
 .text.VDAC_TIA_Wakeup
                0x00001528       0x2c .\CortexM3\ARM_GCC_541\Debug\P-Stat.a(VDAC_TIA_PM.o)
                0x00001528                VDAC_TIA_Wakeup
 .text.TIA_Init
                0x00001554       0x38 .\CortexM3\ARM_GCC_541\Debug\P-Stat.a(TIA.o)
                0x00001554                TIA_Init
 .text.TIA_Enable
                0x0000158c       0x48 .\CortexM3\ARM_GCC_541\Debug\P-Stat.a(TIA.o)
                0x0000158c                TIA_Enable
 .text.TIA_Stop
                0x000015d4       0x34 .\CortexM3\ARM_GCC_541\Debug\P-Stat.a(TIA.o)
                0x000015d4                TIA_Stop
 .text.TIA_SetPower
                0x00001608       0x38 .\CortexM3\ARM_GCC_541\Debug\P-Stat.a(TIA.o)
                0x00001608                TIA_SetPower
 .text.TIA_SetResFB
                0x00001640       0x44 .\CortexM3\ARM_GCC_541\Debug\P-Stat.a(TIA.o)
                0x00001640                TIA_SetResFB
 .text.TIA_SetCapFB
                0x00001684       0x44 .\CortexM3\ARM_GCC_541\Debug\P-Stat.a(TIA.o)
                0x00001684                TIA_SetCapFB
 .text.TIA_SaveConfig
                0x000016c8        0xc .\CortexM3\ARM_GCC_541\Debug\P-Stat.a(TIA_PM.o)
                0x000016c8                TIA_SaveConfig
 .text.TIA_RestoreConfig
                0x000016d4        0xc .\CortexM3\ARM_GCC_541\Debug\P-Stat.a(TIA_PM.o)
                0x000016d4                TIA_RestoreConfig
 .text.TIA_Sleep
                0x000016e0       0x34 .\CortexM3\ARM_GCC_541\Debug\P-Stat.a(TIA_PM.o)
                0x000016e0                TIA_Sleep
 .text.TIA_Wakeup
                0x00001714       0x1c .\CortexM3\ARM_GCC_541\Debug\P-Stat.a(TIA_PM.o)
                0x00001714                TIA_Wakeup
 .text.isr_adc_StartEx
                0x00001730       0x24 .\CortexM3\ARM_GCC_541\Debug\P-Stat.a(isr_adc.o)
                0x00001730                isr_adc_StartEx
 .text.isr_adc_SetVector
                0x00001754       0x24 .\CortexM3\ARM_GCC_541\Debug\P-Stat.a(isr_adc.o)
                0x00001754                isr_adc_SetVector
 .text.isr_adc_SetPriority
                0x00001778       0x24 .\CortexM3\ARM_GCC_541\Debug\P-Stat.a(isr_adc.o)
                0x00001778                isr_adc_SetPriority
 .text.isr_adc_Enable
                0x0000179c       0x18 .\CortexM3\ARM_GCC_541\Debug\P-Stat.a(isr_adc.o)
                0x0000179c                isr_adc_Enable
 .text.isr_adc_Disable
                0x000017b4       0x18 .\CortexM3\ARM_GCC_541\Debug\P-Stat.a(isr_adc.o)
                0x000017b4                isr_adc_Disable
 .text.USBUART_Start
                0x000017cc       0x3c .\CortexM3\ARM_GCC_541\Debug\P-Stat.a(USBUART.o)
                0x000017cc                USBUART_Start
 .text.USBUART_Init
                0x00001808      0x1a4 .\CortexM3\ARM_GCC_541\Debug\P-Stat.a(USBUART.o)
                0x00001808                USBUART_Init
 .text.USBUART_InitComponent
                0x000019ac      0x120 .\CortexM3\ARM_GCC_541\Debug\P-Stat.a(USBUART.o)
                0x000019ac                USBUART_InitComponent
 .text.USBUART_ReInitComponent
                0x00001acc       0x88 .\CortexM3\ARM_GCC_541\Debug\P-Stat.a(USBUART.o)
                0x00001acc                USBUART_ReInitComponent
 .text.USBUART_GetConfiguration
                0x00001b54       0x18 .\CortexM3\ARM_GCC_541\Debug\P-Stat.a(USBUART.o)
                0x00001b54                USBUART_GetConfiguration
 .text.USBUART_IsConfigurationChanged
                0x00001b6c       0x30 .\CortexM3\ARM_GCC_541\Debug\P-Stat.a(USBUART.o)
                0x00001b6c                USBUART_IsConfigurationChanged
 .text.USBUART_GetEPState
                0x00001b9c       0x2c .\CortexM3\ARM_GCC_541\Debug\P-Stat.a(USBUART.o)
                0x00001b9c                USBUART_GetEPState
 .text.USBUART_GetEPCount
                0x00001bc8       0x60 .\CortexM3\ARM_GCC_541\Debug\P-Stat.a(USBUART.o)
                0x00001bc8                USBUART_GetEPCount
 .text.USBUART_LoadInEP
                0x00001c28      0x108 .\CortexM3\ARM_GCC_541\Debug\P-Stat.a(USBUART.o)
                0x00001c28                USBUART_LoadInEP
 .text.USBUART_ReadOutEP
                0x00001d30       0x8c .\CortexM3\ARM_GCC_541\Debug\P-Stat.a(USBUART.o)
                0x00001d30                USBUART_ReadOutEP
 .text.USBUART_EnableOutEP
                0x00001dbc       0x5c .\CortexM3\ARM_GCC_541\Debug\P-Stat.a(USBUART.o)
                0x00001dbc                USBUART_EnableOutEP
 .text.USBUART_DispatchCDCClassRqst
                0x00001e18       0xe4 .\CortexM3\ARM_GCC_541\Debug\P-Stat.a(USBUART_cdc.o)
                0x00001e18                USBUART_DispatchCDCClassRqst
 .text.USBUART_GetInterfaceComPort
                0x00001efc       0x60 .\CortexM3\ARM_GCC_541\Debug\P-Stat.a(USBUART_cdc.o)
                0x00001efc                USBUART_GetInterfaceComPort
 .text.USBUART_CDC_Init
                0x00001f5c       0xa8 .\CortexM3\ARM_GCC_541\Debug\P-Stat.a(USBUART_cdc.o)
                0x00001f5c                USBUART_CDC_Init
 .text.USBUART_PutData
                0x00002004       0x6c .\CortexM3\ARM_GCC_541\Debug\P-Stat.a(USBUART_cdc.o)
                0x00002004                USBUART_PutData
 .text.USBUART_PutCRLF
                0x00002070       0x38 .\CortexM3\ARM_GCC_541\Debug\P-Stat.a(USBUART_cdc.o)
                0x00002070                USBUART_PutCRLF
 .text.USBUART_DataIsReady
                0x000020a8       0x24 .\CortexM3\ARM_GCC_541\Debug\P-Stat.a(USBUART_cdc.o)
                0x000020a8                USBUART_DataIsReady
 .text.USBUART_CDCIsReady
                0x000020cc       0x24 .\CortexM3\ARM_GCC_541\Debug\P-Stat.a(USBUART_cdc.o)
                0x000020cc                USBUART_CDCIsReady
 .text.USBUART_GetAll
                0x000020f0       0x4c .\CortexM3\ARM_GCC_541\Debug\P-Stat.a(USBUART_cdc.o)
                0x000020f0                USBUART_GetAll
 .text.USBUART_Cdc_EpInit
                0x0000213c       0x90 .\CortexM3\ARM_GCC_541\Debug\P-Stat.a(USBUART_cdc.o)
                0x0000213c                USBUART_Cdc_EpInit
 .text.USBUART_EP_0_ISR
                0x000021cc       0xf8 .\CortexM3\ARM_GCC_541\Debug\P-Stat.a(USBUART_drv.o)
                0x000021cc                USBUART_EP_0_ISR
 .text.USBUART_HandleSetup
                0x000022c4       0x88 .\CortexM3\ARM_GCC_541\Debug\P-Stat.a(USBUART_drv.o)
                0x000022c4                USBUART_HandleSetup
 .text.USBUART_HandleIN
                0x0000234c       0x4c .\CortexM3\ARM_GCC_541\Debug\P-Stat.a(USBUART_drv.o)
                0x0000234c                USBUART_HandleIN
 .text.USBUART_HandleOUT
                0x00002398       0x58 .\CortexM3\ARM_GCC_541\Debug\P-Stat.a(USBUART_drv.o)
                0x00002398                USBUART_HandleOUT
 .text.USBUART_LoadEP0
                0x000023f0       0xd0 .\CortexM3\ARM_GCC_541\Debug\P-Stat.a(USBUART_drv.o)
                0x000023f0                USBUART_LoadEP0
 .text.USBUART_InitControlRead
                0x000024c0       0x70 .\CortexM3\ARM_GCC_541\Debug\P-Stat.a(USBUART_drv.o)
                0x000024c0                USBUART_InitControlRead
 .text.USBUART_InitZeroLengthControlTransfer
                0x00002530       0x40 .\CortexM3\ARM_GCC_541\Debug\P-Stat.a(USBUART_drv.o)
                0x00002530                USBUART_InitZeroLengthControlTransfer
 .text.USBUART_ControlReadDataStage
                0x00002570        0xc .\CortexM3\ARM_GCC_541\Debug\P-Stat.a(USBUART_drv.o)
                0x00002570                USBUART_ControlReadDataStage
 .text.USBUART_ControlReadStatusStage
                0x0000257c       0x40 .\CortexM3\ARM_GCC_541\Debug\P-Stat.a(USBUART_drv.o)
                0x0000257c                USBUART_ControlReadStatusStage
 .text.USBUART_InitControlWrite
                0x000025bc       0x64 .\CortexM3\ARM_GCC_541\Debug\P-Stat.a(USBUART_drv.o)
                0x000025bc                USBUART_InitControlWrite
 .text.USBUART_ControlWriteDataStage
                0x00002620       0xb4 .\CortexM3\ARM_GCC_541\Debug\P-Stat.a(USBUART_drv.o)
                0x00002620                USBUART_ControlWriteDataStage
 .text.USBUART_ControlWriteStatusStage
                0x000026d4       0x24 .\CortexM3\ARM_GCC_541\Debug\P-Stat.a(USBUART_drv.o)
                0x000026d4                USBUART_ControlWriteStatusStage
 .text.USBUART_InitNoDataControlTransfer
                0x000026f8       0x38 .\CortexM3\ARM_GCC_541\Debug\P-Stat.a(USBUART_drv.o)
                0x000026f8                USBUART_InitNoDataControlTransfer
 .text.USBUART_NoDataControlStatusStage
                0x00002730       0x4c .\CortexM3\ARM_GCC_541\Debug\P-Stat.a(USBUART_drv.o)
                0x00002730                USBUART_NoDataControlStatusStage
 .text.USBUART_UpdateStatusBlock
                0x0000277c       0x40 .\CortexM3\ARM_GCC_541\Debug\P-Stat.a(USBUART_drv.o)
                0x0000277c                USBUART_UpdateStatusBlock
 .text.USBUART_InitializeStatusBlock
                0x000027bc       0x34 .\CortexM3\ARM_GCC_541\Debug\P-Stat.a(USBUART_drv.o)
                0x000027bc                USBUART_InitializeStatusBlock
 .text.USBUART_EP_1_ISR
                0x000027f0       0x48 .\CortexM3\ARM_GCC_541\Debug\P-Stat.a(USBUART_episr.o)
                0x000027f0                USBUART_EP_1_ISR
 .text.USBUART_EP_2_ISR
                0x00002838       0x4c .\CortexM3\ARM_GCC_541\Debug\P-Stat.a(USBUART_episr.o)
                0x00002838                USBUART_EP_2_ISR
 .text.USBUART_EP_3_ISR
                0x00002884       0x54 .\CortexM3\ARM_GCC_541\Debug\P-Stat.a(USBUART_episr.o)
                0x00002884                USBUART_EP_3_ISR
 .text.USBUART_SOF_ISR
                0x000028d8        0xc .\CortexM3\ARM_GCC_541\Debug\P-Stat.a(USBUART_episr.o)
                0x000028d8                USBUART_SOF_ISR
 .text.USBUART_BUS_RESET_ISR
                0x000028e4        0xc .\CortexM3\ARM_GCC_541\Debug\P-Stat.a(USBUART_episr.o)
                0x000028e4                USBUART_BUS_RESET_ISR
 .text.USBUART_DispatchHIDClassRqst
                0x000028f0      0x1e4 .\CortexM3\ARM_GCC_541\Debug\P-Stat.a(USBUART_hid.o)
                0x000028f0                USBUART_DispatchHIDClassRqst
 .text.USBUART_FindHidClassDecriptor
                0x00002ad4       0x7c .\CortexM3\ARM_GCC_541\Debug\P-Stat.a(USBUART_hid.o)
                0x00002ad4                USBUART_FindHidClassDecriptor
 .text.USBUART_FindReportDescriptor
                0x00002b50       0x90 .\CortexM3\ARM_GCC_541\Debug\P-Stat.a(USBUART_hid.o)
                0x00002b50                USBUART_FindReportDescriptor
 .text.USBUART_FindReport
                0x00002be0       0xcc .\CortexM3\ARM_GCC_541\Debug\P-Stat.a(USBUART_hid.o)
                0x00002be0                USBUART_FindReport
 .text.USBUART_DP_ISR
                0x00002cac        0xc .\CortexM3\ARM_GCC_541\Debug\P-Stat.a(USBUART_pm.o)
                0x00002cac                USBUART_DP_ISR
 .text.USBUART_HandleStandardRqst
                0x00002cb8      0x4a4 .\CortexM3\ARM_GCC_541\Debug\P-Stat.a(USBUART_std.o)
                0x00002cb8                USBUART_HandleStandardRqst
 .text.USBUART_ReadDieID
                0x0000315c       0xd8 .\CortexM3\ARM_GCC_541\Debug\P-Stat.a(USBUART_std.o)
                0x0000315c                USBUART_ReadDieID
 .text.USBUART_ConfigReg
                0x00003234      0x138 .\CortexM3\ARM_GCC_541\Debug\P-Stat.a(USBUART_std.o)
                0x00003234                USBUART_ConfigReg
 .text.USBUART_Config
                0x0000336c      0x3a4 .\CortexM3\ARM_GCC_541\Debug\P-Stat.a(USBUART_std.o)
                0x0000336c                USBUART_Config
 .text.USBUART_ConfigAltChanged
                0x00003710      0x25c .\CortexM3\ARM_GCC_541\Debug\P-Stat.a(USBUART_std.o)
                0x00003710                USBUART_ConfigAltChanged
 .text.USBUART_GetConfigTablePtr
                0x0000396c       0x50 .\CortexM3\ARM_GCC_541\Debug\P-Stat.a(USBUART_std.o)
                0x0000396c                USBUART_GetConfigTablePtr
 .text.USBUART_GetDeviceTablePtr
                0x000039bc       0x24 .\CortexM3\ARM_GCC_541\Debug\P-Stat.a(USBUART_std.o)
                0x000039bc                USBUART_GetDeviceTablePtr
 .text.USBUART_GetInterfaceClassTablePtr
                0x000039e0       0x4c .\CortexM3\ARM_GCC_541\Debug\P-Stat.a(USBUART_std.o)
                0x000039e0                USBUART_GetInterfaceClassTablePtr
 .text.USBUART_SetEndpointHalt
                0x00003a2c       0xe8 .\CortexM3\ARM_GCC_541\Debug\P-Stat.a(USBUART_std.o)
                0x00003a2c                USBUART_SetEndpointHalt
 .text.USBUART_ClearEndpointHalt
                0x00003b14      0x158 .\CortexM3\ARM_GCC_541\Debug\P-Stat.a(USBUART_std.o)
                0x00003b14                USBUART_ClearEndpointHalt
 .text.USBUART_ValidateAlternateSetting
                0x00003c6c       0x70 .\CortexM3\ARM_GCC_541\Debug\P-Stat.a(USBUART_std.o)
                0x00003c6c                USBUART_ValidateAlternateSetting
 .text.USBUART_HandleVendorRqst
                0x00003cdc       0x54 .\CortexM3\ARM_GCC_541\Debug\P-Stat.a(USBUART_vnd.o)
                0x00003cdc                USBUART_HandleVendorRqst
 .text.IDAC_calibrate_Init
                0x00003d30       0x30 .\CortexM3\ARM_GCC_541\Debug\P-Stat.a(IDAC_calibrate.o)
                0x00003d30                IDAC_calibrate_Init
 .text.IDAC_calibrate_Enable
                0x00003d60       0x34 .\CortexM3\ARM_GCC_541\Debug\P-Stat.a(IDAC_calibrate.o)
                0x00003d60                IDAC_calibrate_Enable
 .text.IDAC_calibrate_Start
                0x00003d94       0x28 .\CortexM3\ARM_GCC_541\Debug\P-Stat.a(IDAC_calibrate.o)
                0x00003d94                IDAC_calibrate_Start
 .text.IDAC_calibrate_Stop
                0x00003dbc       0x34 .\CortexM3\ARM_GCC_541\Debug\P-Stat.a(IDAC_calibrate.o)
                0x00003dbc                IDAC_calibrate_Stop
 .text.IDAC_calibrate_SetSpeed
                0x00003df0       0x40 .\CortexM3\ARM_GCC_541\Debug\P-Stat.a(IDAC_calibrate.o)
                0x00003df0                IDAC_calibrate_SetSpeed
 .text.IDAC_calibrate_SetPolarity
                0x00003e30       0x40 .\CortexM3\ARM_GCC_541\Debug\P-Stat.a(IDAC_calibrate.o)
                0x00003e30                IDAC_calibrate_SetPolarity
 .text.IDAC_calibrate_SetValue
                0x00003e70       0x20 .\CortexM3\ARM_GCC_541\Debug\P-Stat.a(IDAC_calibrate.o)
                0x00003e70                IDAC_calibrate_SetValue
 .text.IDAC_calibrate_DacTrim
                0x00003e90       0x54 .\CortexM3\ARM_GCC_541\Debug\P-Stat.a(IDAC_calibrate.o)
                0x00003e90                IDAC_calibrate_DacTrim
 .text.VDAC_Poise_Init
                0x00003ee4       0x28 .\CortexM3\ARM_GCC_541\Debug\P-Stat.a(VDAC_Poise.o)
                0x00003ee4                VDAC_Poise_Init
 .text.VDAC_Poise_Enable
                0x00003f0c       0x34 .\CortexM3\ARM_GCC_541\Debug\P-Stat.a(VDAC_Poise.o)
                0x00003f0c                VDAC_Poise_Enable
 .text.VDAC_Poise_Stop
                0x00003f40       0x34 .\CortexM3\ARM_GCC_541\Debug\P-Stat.a(VDAC_Poise.o)
                0x00003f40                VDAC_Poise_Stop
 .text.VDAC_Poise_SetSpeed
                0x00003f74       0x40 .\CortexM3\ARM_GCC_541\Debug\P-Stat.a(VDAC_Poise.o)
                0x00003f74                VDAC_Poise_SetSpeed
 .text.VDAC_Poise_SetRange
                0x00003fb4       0x40 .\CortexM3\ARM_GCC_541\Debug\P-Stat.a(VDAC_Poise.o)
                0x00003fb4                VDAC_Poise_SetRange
 .text.VDAC_Poise_SetValue
                0x00003ff4       0x20 .\CortexM3\ARM_GCC_541\Debug\P-Stat.a(VDAC_Poise.o)
                0x00003ff4                VDAC_Poise_SetValue
 .text.VDAC_Poise_DacTrim
                0x00004014       0x3c .\CortexM3\ARM_GCC_541\Debug\P-Stat.a(VDAC_Poise.o)
                0x00004014                VDAC_Poise_DacTrim
 .text.VDAC_Poise_SaveConfig
                0x00004050       0x30 .\CortexM3\ARM_GCC_541\Debug\P-Stat.a(VDAC_Poise_PM.o)
                0x00004050                VDAC_Poise_SaveConfig
 .text.VDAC_Poise_RestoreConfig
                0x00004080       0x6c .\CortexM3\ARM_GCC_541\Debug\P-Stat.a(VDAC_Poise_PM.o)
                0x00004080                VDAC_Poise_RestoreConfig
 .text.VDAC_Poise_Sleep
                0x000040ec       0x34 .\CortexM3\ARM_GCC_541\Debug\P-Stat.a(VDAC_Poise_PM.o)
                0x000040ec                VDAC_Poise_Sleep
 .text.VDAC_Poise_Wakeup
                0x00004120       0x2c .\CortexM3\ARM_GCC_541\Debug\P-Stat.a(VDAC_Poise_PM.o)
                0x00004120                VDAC_Poise_Wakeup
 .text.AMux_electrode_Start
                0x0000414c       0x34 .\CortexM3\ARM_GCC_541\Debug\P-Stat.a(AMux_electrode.o)
                0x0000414c                AMux_electrode_Start
 .text.AMux_electrode_FastSelect
                0x00004180       0x38 .\CortexM3\ARM_GCC_541\Debug\P-Stat.a(AMux_electrode.o)
                0x00004180                AMux_electrode_FastSelect
 .text.Opamp_Aux_Init
                0x000041b8       0x10 .\CortexM3\ARM_GCC_541\Debug\P-Stat.a(Opamp_Aux.o)
                0x000041b8                Opamp_Aux_Init
 .text.Opamp_Aux_Enable
                0x000041c8       0x48 .\CortexM3\ARM_GCC_541\Debug\P-Stat.a(Opamp_Aux.o)
                0x000041c8                Opamp_Aux_Enable
 .text.Opamp_Aux_Stop
                0x00004210       0x54 .\CortexM3\ARM_GCC_541\Debug\P-Stat.a(Opamp_Aux.o)
                0x00004210                Opamp_Aux_Stop
 .text.Opamp_Aux_SetPower
                0x00004264       0x40 .\CortexM3\ARM_GCC_541\Debug\P-Stat.a(Opamp_Aux.o)
                0x00004264                Opamp_Aux_SetPower
 .text.Opamp_Aux_SaveConfig
                0x000042a4        0xc .\CortexM3\ARM_GCC_541\Debug\P-Stat.a(Opamp_Aux_PM.o)
                0x000042a4                Opamp_Aux_SaveConfig
 .text.Opamp_Aux_RestoreConfig
                0x000042b0        0xc .\CortexM3\ARM_GCC_541\Debug\P-Stat.a(Opamp_Aux_PM.o)
                0x000042b0                Opamp_Aux_RestoreConfig
 .text.Opamp_Aux_Sleep
                0x000042bc       0x34 .\CortexM3\ARM_GCC_541\Debug\P-Stat.a(Opamp_Aux_PM.o)
                0x000042bc                Opamp_Aux_Sleep
 .text.Opamp_Aux_Wakeup
                0x000042f0       0x1c .\CortexM3\ARM_GCC_541\Debug\P-Stat.a(Opamp_Aux_PM.o)
                0x000042f0                Opamp_Aux_Wakeup
 .text.LCD_Init
                0x0000430c       0x70 .\CortexM3\ARM_GCC_541\Debug\P-Stat.a(LCD.o)
                0x0000430c                LCD_Init
 .text.LCD_Enable
                0x0000437c       0x18 .\CortexM3\ARM_GCC_541\Debug\P-Stat.a(LCD.o)
                0x0000437c                LCD_Enable
 .text.LCD_Start
                0x00004394       0x24 .\CortexM3\ARM_GCC_541\Debug\P-Stat.a(LCD.o)
                0x00004394                LCD_Start
 .text.LCD_Position
                0x000043b8       0x70 .\CortexM3\ARM_GCC_541\Debug\P-Stat.a(LCD.o)
                0x000043b8                LCD_Position
 .text.LCD_PrintString
                0x00004428       0x3c .\CortexM3\ARM_GCC_541\Debug\P-Stat.a(LCD.o)
                0x00004428                LCD_PrintString
 .text.LCD_WriteData
                0x00004464       0x34 .\CortexM3\ARM_GCC_541\Debug\P-Stat.a(LCD.o)
                0x00004464                LCD_WriteData
 .text.LCD_WriteControl
                0x00004498       0x34 .\CortexM3\ARM_GCC_541\Debug\P-Stat.a(LCD.o)
                0x00004498                LCD_WriteControl
 .text.LCD_IsReady
                0x000044cc      0x178 .\CortexM3\ARM_GCC_541\Debug\P-Stat.a(LCD.o)
                0x000044cc                LCD_IsReady
 .text.LCD_WrDatNib
                0x00004644       0x78 .\CortexM3\ARM_GCC_541\Debug\P-Stat.a(LCD.o)
 .text.LCD_WrCntrlNib
                0x000046bc       0x64 .\CortexM3\ARM_GCC_541\Debug\P-Stat.a(LCD.o)
 .text.PWM_M_Init
                0x00004720       0x6c .\CortexM3\ARM_GCC_541\Debug\P-Stat.a(PWM_M.o)
                0x00004720                PWM_M_Init
 .text.PWM_M_Enable
                0x0000478c       0x20 .\CortexM3\ARM_GCC_541\Debug\P-Stat.a(PWM_M.o)
                0x0000478c                PWM_M_Enable
 .text.PWM_M_WriteCounter
                0x000047ac       0x20 .\CortexM3\ARM_GCC_541\Debug\P-Stat.a(PWM_M.o)
                0x000047ac                PWM_M_WriteCounter
 .text.PWM_M_WritePeriod
                0x000047cc       0x20 .\CortexM3\ARM_GCC_541\Debug\P-Stat.a(PWM_M.o)
                0x000047cc                PWM_M_WritePeriod
 .text.PWM_M_WriteCompare
                0x000047ec       0x20 .\CortexM3\ARM_GCC_541\Debug\P-Stat.a(PWM_M.o)
                0x000047ec                PWM_M_WriteCompare
 .text.ADC_DelSig_Init
                0x0000480c      0x158 .\CortexM3\ARM_GCC_541\Debug\P-Stat.a(ADC_DelSig.o)
                0x0000480c                ADC_DelSig_Init
 .text.ADC_DelSig_Enable
                0x00004964      0x158 .\CortexM3\ARM_GCC_541\Debug\P-Stat.a(ADC_DelSig.o)
                0x00004964                ADC_DelSig_Enable
 .text.ADC_DelSig_Start
                0x00004abc       0x30 .\CortexM3\ARM_GCC_541\Debug\P-Stat.a(ADC_DelSig.o)
                0x00004abc                ADC_DelSig_Start
 .text.ADC_DelSig_Stop
                0x00004aec      0x17c .\CortexM3\ARM_GCC_541\Debug\P-Stat.a(ADC_DelSig.o)
                0x00004aec                ADC_DelSig_Stop
 .text.ADC_DelSig_SetBufferGain
                0x00004c68       0x3c .\CortexM3\ARM_GCC_541\Debug\P-Stat.a(ADC_DelSig.o)
                0x00004c68                ADC_DelSig_SetBufferGain
 .text.ADC_DelSig_StartConvert
                0x00004ca4       0x20 .\CortexM3\ARM_GCC_541\Debug\P-Stat.a(ADC_DelSig.o)
                0x00004ca4                ADC_DelSig_StartConvert
 .text.ADC_DelSig_IsEndConversion
                0x00004cc4       0x4c .\CortexM3\ARM_GCC_541\Debug\P-Stat.a(ADC_DelSig.o)
                0x00004cc4                ADC_DelSig_IsEndConversion
 .text.ADC_DelSig_GetResult16
                0x00004d10       0x7c .\CortexM3\ARM_GCC_541\Debug\P-Stat.a(ADC_DelSig.o)
                0x00004d10                ADC_DelSig_GetResult16
 .text.ADC_DelSig_GetResult32
                0x00004d8c       0xa8 .\CortexM3\ARM_GCC_541\Debug\P-Stat.a(ADC_DelSig.o)
                0x00004d8c                ADC_DelSig_GetResult32
 .text.ADC_DelSig_InitConfig
                0x00004e34      0x3f4 .\CortexM3\ARM_GCC_541\Debug\P-Stat.a(ADC_DelSig.o)
 .text.ADC_DelSig_SelectConfiguration
                0x00005228       0x90 .\CortexM3\ARM_GCC_541\Debug\P-Stat.a(ADC_DelSig.o)
                0x00005228                ADC_DelSig_SelectConfiguration
 .text.ADC_DelSig_GainCompensation
                0x000052b8      0x170 .\CortexM3\ARM_GCC_541\Debug\P-Stat.a(ADC_DelSig.o)
 .text.ADC_DelSig_SetDSMRef0Reg
                0x00005428       0x7c .\CortexM3\ARM_GCC_541\Debug\P-Stat.a(ADC_DelSig.o)
 .text.ADC_DelSig_ISR1
                0x000054a4        0xc .\CortexM3\ARM_GCC_541\Debug\P-Stat.a(ADC_DelSig_INT.o)
                0x000054a4                ADC_DelSig_ISR1
 .text.ADC_DelSig_ISR2
                0x000054b0        0xc .\CortexM3\ARM_GCC_541\Debug\P-Stat.a(ADC_DelSig_INT.o)
                0x000054b0                ADC_DelSig_ISR2
 .text.ADC_DelSig_ISR3
                0x000054bc        0xc .\CortexM3\ARM_GCC_541\Debug\P-Stat.a(ADC_DelSig_INT.o)
                0x000054bc                ADC_DelSig_ISR3
 .text.ADC_DelSig_ISR4
                0x000054c8        0xc .\CortexM3\ARM_GCC_541\Debug\P-Stat.a(ADC_DelSig_INT.o)
                0x000054c8                ADC_DelSig_ISR4
 .text.Clock_PWM_Start
                0x000054d4       0x34 .\CortexM3\ARM_GCC_541\Debug\P-Stat.a(Clock_PWM.o)
                0x000054d4                Clock_PWM_Start
 .text.PWM_S_Init
                0x00005508       0x64 .\CortexM3\ARM_GCC_541\Debug\P-Stat.a(PWM_S.o)
                0x00005508                PWM_S_Init
 .text.PWM_S_Enable
                0x0000556c       0x20 .\CortexM3\ARM_GCC_541\Debug\P-Stat.a(PWM_S.o)
                0x0000556c                PWM_S_Enable
 .text.PWM_S_WriteCounter
                0x0000558c       0x20 .\CortexM3\ARM_GCC_541\Debug\P-Stat.a(PWM_S.o)
                0x0000558c                PWM_S_WriteCounter
 .text.PWM_S_WritePeriod
                0x000055ac       0x20 .\CortexM3\ARM_GCC_541\Debug\P-Stat.a(PWM_S.o)
                0x000055ac                PWM_S_WritePeriod
 .text.PWM_S_WriteCompare
                0x000055cc       0x20 .\CortexM3\ARM_GCC_541\Debug\P-Stat.a(PWM_S.o)
                0x000055cc                PWM_S_WriteCompare
 .text.isr_adc_reset_StartEx
                0x000055ec       0x24 .\CortexM3\ARM_GCC_541\Debug\P-Stat.a(isr_adc_reset.o)
                0x000055ec                isr_adc_reset_StartEx
 .text.isr_adc_reset_SetVector
                0x00005610       0x24 .\CortexM3\ARM_GCC_541\Debug\P-Stat.a(isr_adc_reset.o)
                0x00005610                isr_adc_reset_SetVector
 .text.isr_adc_reset_SetPriority
                0x00005634       0x24 .\CortexM3\ARM_GCC_541\Debug\P-Stat.a(isr_adc_reset.o)
                0x00005634                isr_adc_reset_SetPriority
 .text.isr_adc_reset_Enable
                0x00005658       0x18 .\CortexM3\ARM_GCC_541\Debug\P-Stat.a(isr_adc_reset.o)
                0x00005658                isr_adc_reset_Enable
 .text.isr_adc_reset_Disable
                0x00005670       0x18 .\CortexM3\ARM_GCC_541\Debug\P-Stat.a(isr_adc_reset.o)
                0x00005670                isr_adc_reset_Disable
 .text.USBUART_Dp_ClearInterrupt
                0x00005688       0x20 .\CortexM3\ARM_GCC_541\Debug\P-Stat.a(USBUART_Dp.o)
                0x00005688                USBUART_Dp_ClearInterrupt
 .text.ADC_DelSig_Ext_CP_Clk_SetDividerRegister
                0x000056a8      0x164 .\CortexM3\ARM_GCC_541\Debug\P-Stat.a(ADC_DelSig_Ext_CP_Clk.o)
                0x000056a8                ADC_DelSig_Ext_CP_Clk_SetDividerRegister
 .text.ADC_DelSig_Ext_CP_Clk_GetDividerRegister
                0x0000580c       0x18 .\CortexM3\ARM_GCC_541\Debug\P-Stat.a(ADC_DelSig_Ext_CP_Clk.o)
                0x0000580c                ADC_DelSig_Ext_CP_Clk_GetDividerRegister
 .text.ADC_DelSig_Ext_CP_Clk_SetModeRegister
                0x00005824       0x34 .\CortexM3\ARM_GCC_541\Debug\P-Stat.a(ADC_DelSig_Ext_CP_Clk.o)
                0x00005824                ADC_DelSig_Ext_CP_Clk_SetModeRegister
 .text.ADC_DelSig_Ext_CP_Clk_GetSourceRegister
                0x00005858       0x1c .\CortexM3\ARM_GCC_541\Debug\P-Stat.a(ADC_DelSig_Ext_CP_Clk.o)
                0x00005858                ADC_DelSig_Ext_CP_Clk_GetSourceRegister
 .text.ADC_DelSig_theACLK_SetDividerRegister
                0x00005874      0x164 .\CortexM3\ARM_GCC_541\Debug\P-Stat.a(ADC_DelSig_theACLK.o)
                0x00005874                ADC_DelSig_theACLK_SetDividerRegister
 .text.ADC_DelSig_theACLK_GetDividerRegister
                0x000059d8       0x18 .\CortexM3\ARM_GCC_541\Debug\P-Stat.a(ADC_DelSig_theACLK.o)
                0x000059d8                ADC_DelSig_theACLK_GetDividerRegister
 .text.ADC_DelSig_theACLK_SetModeRegister
                0x000059f0       0x34 .\CortexM3\ARM_GCC_541\Debug\P-Stat.a(ADC_DelSig_theACLK.o)
                0x000059f0                ADC_DelSig_theACLK_SetModeRegister
 .text.ADC_DelSig_theACLK_GetSourceRegister
                0x00005a24       0x1c .\CortexM3\ARM_GCC_541\Debug\P-Stat.a(ADC_DelSig_theACLK.o)
                0x00005a24                ADC_DelSig_theACLK_GetSourceRegister
 .text.CyHalt   0x00005a40       0x18 .\CortexM3\ARM_GCC_541\Debug\P-Stat.a(CyLib.o)
                0x00005a40                CyHalt
 .text.CyDelay  0x00005a58       0x44 .\CortexM3\ARM_GCC_541\Debug\P-Stat.a(CyLib.o)
                0x00005a58                CyDelay
 .text.CyDelayUs
                0x00005a9c       0x28 .\CortexM3\ARM_GCC_541\Debug\P-Stat.a(CyLib.o)
                0x00005a9c                CyDelayUs
 .text.CyIntSetVector
                0x00005ac4       0x50 .\CortexM3\ARM_GCC_541\Debug\P-Stat.a(CyLib.o)
                0x00005ac4                CyIntSetVector
 .text.CyIntSetPriority
                0x00005b14       0x48 .\CortexM3\ARM_GCC_541\Debug\P-Stat.a(CyLib.o)
                0x00005b14                CyIntSetPriority
 .text.CyGetUniqueId
                0x00005b5c       0xc4 .\CortexM3\ARM_GCC_541\Debug\P-Stat.a(CyLib.o)
                0x00005b5c                CyGetUniqueId
 .text          0x00005c20       0x20 .\CortexM3\ARM_GCC_541\Debug\P-Stat.a(CyBootAsmGnu.o)
                0x00005c20                CyDelayCycles
                0x00005c30                CyEnterCriticalSection
                0x00005c38                CyExitCriticalSection
 .text.USBUART_DispatchClassRqst
                0x00005c40       0x94 .\CortexM3\ARM_GCC_541\Debug\P-Stat.a(USBUART_cls.o)
                0x00005c40                USBUART_DispatchClassRqst
 .text.round    0x00005cd4       0xa0 c:/program files (x86)/cypress/psoc creator/4.4/psoc creator/import/gnu/arm/5.4.1/bin/../lib/gcc/arm-none-eabi/5.4.1/../../../../arm-none-eabi/lib/armv7-m\libm.a(lib_a-s_round.o)
                0x00005cd4                round
 .text.pow      0x00005d74      0x330 c:/program files (x86)/cypress/psoc creator/4.4/psoc creator/import/gnu/arm/5.4.1/bin/../lib/gcc/arm-none-eabi/5.4.1/../../../../arm-none-eabi/lib/armv7-m\libm.a(lib_a-w_pow.o)
                0x00005d74                pow
 *fill*         0x000060a4        0x4 
 .text.__ieee754_pow
                0x000060a8      0xac4 c:/program files (x86)/cypress/psoc creator/4.4/psoc creator/import/gnu/arm/5.4.1/bin/../lib/gcc/arm-none-eabi/5.4.1/../../../../arm-none-eabi/lib/armv7-m\libm.a(lib_a-e_pow.o)
                0x000060a8                __ieee754_pow
 .text.__ieee754_sqrt
                0x00006b6c      0x188 c:/program files (x86)/cypress/psoc creator/4.4/psoc creator/import/gnu/arm/5.4.1/bin/../lib/gcc/arm-none-eabi/5.4.1/../../../../arm-none-eabi/lib/armv7-m\libm.a(lib_a-e_sqrt.o)
                0x00006b6c                __ieee754_sqrt
 .text.fabs     0x00006cf4        0x8 c:/program files (x86)/cypress/psoc creator/4.4/psoc creator/import/gnu/arm/5.4.1/bin/../lib/gcc/arm-none-eabi/5.4.1/../../../../arm-none-eabi/lib/armv7-m\libm.a(lib_a-s_fabs.o)
                0x00006cf4                fabs
 .text.finite   0x00006cfc        0xc c:/program files (x86)/cypress/psoc creator/4.4/psoc creator/import/gnu/arm/5.4.1/bin/../lib/gcc/arm-none-eabi/5.4.1/../../../../arm-none-eabi/lib/armv7-m\libm.a(lib_a-s_finite.o)
                0x00006cfc                finite
 .text.matherr  0x00006d08        0x4 c:/program files (x86)/cypress/psoc creator/4.4/psoc creator/import/gnu/arm/5.4.1/bin/../lib/gcc/arm-none-eabi/5.4.1/../../../../arm-none-eabi/lib/armv7-m\libm.a(lib_a-s_matherr.o)
                0x00006d08                matherr
 .text.nan      0x00006d0c        0xc c:/program files (x86)/cypress/psoc creator/4.4/psoc creator/import/gnu/arm/5.4.1/bin/../lib/gcc/arm-none-eabi/5.4.1/../../../../arm-none-eabi/lib/armv7-m\libm.a(lib_a-s_nan.o)
                0x00006d0c                nan
 .text.rint     0x00006d18      0x120 c:/program files (x86)/cypress/psoc creator/4.4/psoc creator/import/gnu/arm/5.4.1/bin/../lib/gcc/arm-none-eabi/5.4.1/../../../../arm-none-eabi/lib/armv7-m\libm.a(lib_a-s_rint.o)
                0x00006d18                rint
 .text.scalbn   0x00006e38       0xe4 c:/program files (x86)/cypress/psoc creator/4.4/psoc creator/import/gnu/arm/5.4.1/bin/../lib/gcc/arm-none-eabi/5.4.1/../../../../arm-none-eabi/lib/armv7-m\libm.a(lib_a-s_scalbn.o)
                0x00006e38                scalbn
 .text.copysign
                0x00006f1c       0x10 c:/program files (x86)/cypress/psoc creator/4.4/psoc creator/import/gnu/arm/5.4.1/bin/../lib/gcc/arm-none-eabi/5.4.1/../../../../arm-none-eabi/lib/armv7-m\libm.a(lib_a-s_copysign.o)
                0x00006f1c                copysign
 .text          0x00006f2c      0x370 c:/program files (x86)/cypress/psoc creator/4.4/psoc creator/import/gnu/arm/5.4.1/bin/../lib/gcc/arm-none-eabi/5.4.1/armv7-m\libgcc.a(_arm_addsubdf3.o)
                0x00006f2c                __aeabi_drsub
                0x00006f34                __aeabi_dsub
                0x00006f34                __subdf3
                0x00006f38                __aeabi_dadd
                0x00006f38                __adddf3
                0x000071b0                __floatunsidf
                0x000071b0                __aeabi_ui2d
                0x000071d0                __floatsidf
                0x000071d0                __aeabi_i2d
                0x000071f4                __aeabi_f2d
                0x000071f4                __extendsfdf2
                0x00007230                __floatundidf
                0x00007230                __aeabi_ul2d
                0x00007240                __floatdidf
                0x00007240                __aeabi_l2d
 .text          0x0000729c      0x424 c:/program files (x86)/cypress/psoc creator/4.4/psoc creator/import/gnu/arm/5.4.1/bin/../lib/gcc/arm-none-eabi/5.4.1/armv7-m\libgcc.a(_arm_muldivdf3.o)
                0x0000729c                __aeabi_dmul
                0x0000729c                __muldf3
                0x000074f0                __divdf3
                0x000074f0                __aeabi_ddiv
 .text          0x000076c0      0x110 c:/program files (x86)/cypress/psoc creator/4.4/psoc creator/import/gnu/arm/5.4.1/bin/../lib/gcc/arm-none-eabi/5.4.1/armv7-m\libgcc.a(_arm_cmpdf2.o)
                0x000076c0                __gtdf2
                0x000076c0                __gedf2
                0x000076c8                __ltdf2
                0x000076c8                __ledf2
                0x000076d0                __nedf2
                0x000076d0                __eqdf2
                0x000076d0                __cmpdf2
                0x0000774c                __aeabi_cdrcmple
                0x0000775c                __aeabi_cdcmpeq
                0x0000775c                __aeabi_cdcmple
                0x0000776c                __aeabi_dcmpeq
                0x00007780                __aeabi_dcmplt
                0x00007794                __aeabi_dcmple
                0x000077a8                __aeabi_dcmpge
                0x000077bc                __aeabi_dcmpgt
 .text          0x000077d0       0x2c c:/program files (x86)/cypress/psoc creator/4.4/psoc creator/import/gnu/arm/5.4.1/bin/../lib/gcc/arm-none-eabi/5.4.1/armv7-m\libgcc.a(_arm_unorddf2.o)
                0x000077d0                __unorddf2
                0x000077d0                __aeabi_dcmpun
 .text          0x000077fc       0x50 c:/program files (x86)/cypress/psoc creator/4.4/psoc creator/import/gnu/arm/5.4.1/bin/../lib/gcc/arm-none-eabi/5.4.1/armv7-m\libgcc.a(_arm_fixdfsi.o)
                0x000077fc                __aeabi_d2iz
                0x000077fc                __fixdfsi
 .text          0x0000784c       0x40 c:/program files (x86)/cypress/psoc creator/4.4/psoc creator/import/gnu/arm/5.4.1/bin/../lib/gcc/arm-none-eabi/5.4.1/armv7-m\libgcc.a(_arm_fixunsdfsi.o)
                0x0000784c                __aeabi_d2uiz
                0x0000784c                __fixunsdfsi
 .text          0x0000788c       0xa0 c:/program files (x86)/cypress/psoc creator/4.4/psoc creator/import/gnu/arm/5.4.1/bin/../lib/gcc/arm-none-eabi/5.4.1/armv7-m\libgcc.a(_arm_truncdfsf2.o)
                0x0000788c                __truncdfsf2
                0x0000788c                __aeabi_d2f
 .text          0x0000792c       0x4c c:/program files (x86)/cypress/psoc creator/4.4/psoc creator/import/gnu/arm/5.4.1/bin/../lib/gcc/arm-none-eabi/5.4.1/armv7-m\libgcc.a(_arm_fixsfsi.o)
                0x0000792c                __aeabi_f2iz
                0x0000792c                __fixsfsi
 .text.__errno  0x00007978        0xc c:/program files (x86)/cypress/psoc creator/4.4/psoc creator/import/gnu/arm/5.4.1/bin/../lib/gcc/arm-none-eabi/5.4.1/../../../../arm-none-eabi/lib/armv7-m\libg_nano.a(lib_a-errno.o)
                0x00007978                __errno
 .text.__libc_init_array
                0x00007984       0x4c c:/program files (x86)/cypress/psoc creator/4.4/psoc creator/import/gnu/arm/5.4.1/bin/../lib/gcc/arm-none-eabi/5.4.1/../../../../arm-none-eabi/lib/armv7-m\libg_nano.a(lib_a-init.o)
                0x00007984                __libc_init_array
 .text.memcpy   0x000079d0       0x16 c:/program files (x86)/cypress/psoc creator/4.4/psoc creator/import/gnu/arm/5.4.1/bin/../lib/gcc/arm-none-eabi/5.4.1/../../../../arm-none-eabi/lib/armv7-m\libg_nano.a(lib_a-memcpy-stub.o)
                0x000079d0                memcpy
 .text.memset   0x000079e6       0x10 c:/program files (x86)/cypress/psoc creator/4.4/psoc creator/import/gnu/arm/5.4.1/bin/../lib/gcc/arm-none-eabi/5.4.1/../../../../arm-none-eabi/lib/armv7-m\libg_nano.a(lib_a-memset.o)
                0x000079e6                memset
 .text.__cvt    0x000079f6       0xc0 c:/program files (x86)/cypress/psoc creator/4.4/psoc creator/import/gnu/arm/5.4.1/bin/../lib/gcc/arm-none-eabi/5.4.1/../../../../arm-none-eabi/lib/armv7-m\libg_nano.a(lib_a-nano-vfprintf_float.o)
                0x000079f6                __cvt
 .text.__exponent
                0x00007ab6       0x62 c:/program files (x86)/cypress/psoc creator/4.4/psoc creator/import/gnu/arm/5.4.1/bin/../lib/gcc/arm-none-eabi/5.4.1/../../../../arm-none-eabi/lib/armv7-m\libg_nano.a(lib_a-nano-vfprintf_float.o)
                0x00007ab6                __exponent
 .text._printf_float
                0x00007b18      0x488 c:/program files (x86)/cypress/psoc creator/4.4/psoc creator/import/gnu/arm/5.4.1/bin/../lib/gcc/arm-none-eabi/5.4.1/../../../../arm-none-eabi/lib/armv7-m\libg_nano.a(lib_a-nano-vfprintf_float.o)
                0x00007b18                _printf_float
 .text._printf_common
                0x00007fa0       0xec c:/program files (x86)/cypress/psoc creator/4.4/psoc creator/import/gnu/arm/5.4.1/bin/../lib/gcc/arm-none-eabi/5.4.1/../../../../arm-none-eabi/lib/armv7-m\libg_nano.a(lib_a-nano-vfprintf_i.o)
                0x00007fa0                _printf_common
 .text._printf_i
                0x0000808c      0x24c c:/program files (x86)/cypress/psoc creator/4.4/psoc creator/import/gnu/arm/5.4.1/bin/../lib/gcc/arm-none-eabi/5.4.1/../../../../arm-none-eabi/lib/armv7-m\libg_nano.a(lib_a-nano-vfprintf_i.o)
                0x0000808c                _printf_i
 .text.snprintf
                0x000082d8       0x64 c:/program files (x86)/cypress/psoc creator/4.4/psoc creator/import/gnu/arm/5.4.1/bin/../lib/gcc/arm-none-eabi/5.4.1/../../../../arm-none-eabi/lib/armv7-m\libg_nano.a(lib_a-snprintf.o)
                0x000082d8                sniprintf
                0x000082d8                snprintf
 .text          0x0000833c       0x10 c:/program files (x86)/cypress/psoc creator/4.4/psoc creator/import/gnu/arm/5.4.1/bin/../lib/gcc/arm-none-eabi/5.4.1/../../../../arm-none-eabi/lib/armv7-m\libg_nano.a(lib_a-strlen.o)
                0x0000833c                strlen
 .text.quorem   0x0000834c      0x116 c:/program files (x86)/cypress/psoc creator/4.4/psoc creator/import/gnu/arm/5.4.1/bin/../lib/gcc/arm-none-eabi/5.4.1/../../../../arm-none-eabi/lib/armv7-m\libg_nano.a(lib_a-dtoa.o)
 *fill*         0x00008462        0x6 
 .text._dtoa_r  0x00008468      0xb30 c:/program files (x86)/cypress/psoc creator/4.4/psoc creator/import/gnu/arm/5.4.1/bin/../lib/gcc/arm-none-eabi/5.4.1/../../../../arm-none-eabi/lib/armv7-m\libg_nano.a(lib_a-dtoa.o)
                0x00008468                _dtoa_r
 .text._localeconv_r
                0x00008f98        0x8 c:/program files (x86)/cypress/psoc creator/4.4/psoc creator/import/gnu/arm/5.4.1/bin/../lib/gcc/arm-none-eabi/5.4.1/../../../../arm-none-eabi/lib/armv7-m\libg_nano.a(lib_a-locale.o)
                0x00008f98                _localeconv_r
 .text.malloc   0x00008fa0       0x10 c:/program files (x86)/cypress/psoc creator/4.4/psoc creator/import/gnu/arm/5.4.1/bin/../lib/gcc/arm-none-eabi/5.4.1/../../../../arm-none-eabi/lib/armv7-m\libg_nano.a(lib_a-malloc.o)
                0x00008fa0                malloc
 .text.memchr   0x00008fb0       0x1c c:/program files (x86)/cypress/psoc creator/4.4/psoc creator/import/gnu/arm/5.4.1/bin/../lib/gcc/arm-none-eabi/5.4.1/../../../../arm-none-eabi/lib/armv7-m\libg_nano.a(lib_a-memchr-stub.o)
                0x00008fb0                memchr
 .text._Balloc  0x00008fcc       0x6a c:/program files (x86)/cypress/psoc creator/4.4/psoc creator/import/gnu/arm/5.4.1/bin/../lib/gcc/arm-none-eabi/5.4.1/../../../../arm-none-eabi/lib/armv7-m\libg_nano.a(lib_a-mprec.o)
                0x00008fcc                _Balloc
 .text._Bfree   0x00009036       0x2e c:/program files (x86)/cypress/psoc creator/4.4/psoc creator/import/gnu/arm/5.4.1/bin/../lib/gcc/arm-none-eabi/5.4.1/../../../../arm-none-eabi/lib/armv7-m\libg_nano.a(lib_a-mprec.o)
                0x00009036                _Bfree
 .text.__multadd
                0x00009064       0x76 c:/program files (x86)/cypress/psoc creator/4.4/psoc creator/import/gnu/arm/5.4.1/bin/../lib/gcc/arm-none-eabi/5.4.1/../../../../arm-none-eabi/lib/armv7-m\libg_nano.a(lib_a-mprec.o)
                0x00009064                __multadd
 .text.__hi0bits
                0x000090da       0x40 c:/program files (x86)/cypress/psoc creator/4.4/psoc creator/import/gnu/arm/5.4.1/bin/../lib/gcc/arm-none-eabi/5.4.1/../../../../arm-none-eabi/lib/armv7-m\libg_nano.a(lib_a-mprec.o)
                0x000090da                __hi0bits
 .text.__lo0bits
                0x0000911a       0x5a c:/program files (x86)/cypress/psoc creator/4.4/psoc creator/import/gnu/arm/5.4.1/bin/../lib/gcc/arm-none-eabi/5.4.1/../../../../arm-none-eabi/lib/armv7-m\libg_nano.a(lib_a-mprec.o)
                0x0000911a                __lo0bits
 .text.__i2b    0x00009174       0x12 c:/program files (x86)/cypress/psoc creator/4.4/psoc creator/import/gnu/arm/5.4.1/bin/../lib/gcc/arm-none-eabi/5.4.1/../../../../arm-none-eabi/lib/armv7-m\libg_nano.a(lib_a-mprec.o)
                0x00009174                __i2b
 .text.__multiply
                0x00009186      0x120 c:/program files (x86)/cypress/psoc creator/4.4/psoc creator/import/gnu/arm/5.4.1/bin/../lib/gcc/arm-none-eabi/5.4.1/../../../../arm-none-eabi/lib/armv7-m\libg_nano.a(lib_a-mprec.o)
                0x00009186                __multiply
 *fill*         0x000092a6        0x2 
 .text.__pow5mult
                0x000092a8       0x9c c:/program files (x86)/cypress/psoc creator/4.4/psoc creator/import/gnu/arm/5.4.1/bin/../lib/gcc/arm-none-eabi/5.4.1/../../../../arm-none-eabi/lib/armv7-m\libg_nano.a(lib_a-mprec.o)
                0x000092a8                __pow5mult
 .text.__lshift
                0x00009344       0xa2 c:/program files (x86)/cypress/psoc creator/4.4/psoc creator/import/gnu/arm/5.4.1/bin/../lib/gcc/arm-none-eabi/5.4.1/../../../../arm-none-eabi/lib/armv7-m\libg_nano.a(lib_a-mprec.o)
                0x00009344                __lshift
 .text.__mcmp   0x000093e6       0x38 c:/program files (x86)/cypress/psoc creator/4.4/psoc creator/import/gnu/arm/5.4.1/bin/../lib/gcc/arm-none-eabi/5.4.1/../../../../arm-none-eabi/lib/armv7-m\libg_nano.a(lib_a-mprec.o)
                0x000093e6                __mcmp
 .text.__mdiff  0x0000941e       0xbe c:/program files (x86)/cypress/psoc creator/4.4/psoc creator/import/gnu/arm/5.4.1/bin/../lib/gcc/arm-none-eabi/5.4.1/../../../../arm-none-eabi/lib/armv7-m\libg_nano.a(lib_a-mprec.o)
                0x0000941e                __mdiff
 .text.__d2b    0x000094dc       0x9c c:/program files (x86)/cypress/psoc creator/4.4/psoc creator/import/gnu/arm/5.4.1/bin/../lib/gcc/arm-none-eabi/5.4.1/../../../../arm-none-eabi/lib/armv7-m\libg_nano.a(lib_a-mprec.o)
                0x000094dc                __d2b
 .text._calloc_r
                0x00009578       0x1c c:/program files (x86)/cypress/psoc creator/4.4/psoc creator/import/gnu/arm/5.4.1/bin/../lib/gcc/arm-none-eabi/5.4.1/../../../../arm-none-eabi/lib/armv7-m\libg_nano.a(lib_a-nano-callocr.o)
                0x00009578                _calloc_r
 .text._free_r  0x00009594       0x98 c:/program files (x86)/cypress/psoc creator/4.4/psoc creator/import/gnu/arm/5.4.1/bin/../lib/gcc/arm-none-eabi/5.4.1/../../../../arm-none-eabi/lib/armv7-m\libg_nano.a(lib_a-nano-freer.o)
                0x00009594                _free_r
 .text._malloc_r
                0x0000962c       0xbc c:/program files (x86)/cypress/psoc creator/4.4/psoc creator/import/gnu/arm/5.4.1/bin/../lib/gcc/arm-none-eabi/5.4.1/../../../../arm-none-eabi/lib/armv7-m\libg_nano.a(lib_a-nano-mallocr.o)
                0x0000962c                _malloc_r
 .text.__ssputs_r
                0x000096e8       0xb2 c:/program files (x86)/cypress/psoc creator/4.4/psoc creator/import/gnu/arm/5.4.1/bin/../lib/gcc/arm-none-eabi/5.4.1/../../../../arm-none-eabi/lib/armv7-m\libg_nano.a(lib_a-nano-svfprintf.o)
                0x000096e8                __ssputs_r
 *fill*         0x0000979a        0x2 
 .text._svfprintf_r
                0x0000979c      0x1e8 c:/program files (x86)/cypress/psoc creator/4.4/psoc creator/import/gnu/arm/5.4.1/bin/../lib/gcc/arm-none-eabi/5.4.1/../../../../arm-none-eabi/lib/armv7-m\libg_nano.a(lib_a-nano-svfprintf.o)
                0x0000979c                _svfiprintf_r
                0x0000979c                _svfprintf_r
 .text._sbrk_r  0x00009984       0x20 c:/program files (x86)/cypress/psoc creator/4.4/psoc creator/import/gnu/arm/5.4.1/bin/../lib/gcc/arm-none-eabi/5.4.1/../../../../arm-none-eabi/lib/armv7-m\libg_nano.a(lib_a-sbrkr.o)
                0x00009984                _sbrk_r
 .text.memmove  0x000099a4       0x36 c:/program files (x86)/cypress/psoc creator/4.4/psoc creator/import/gnu/arm/5.4.1/bin/../lib/gcc/arm-none-eabi/5.4.1/../../../../arm-none-eabi/lib/armv7-m\libg_nano.a(lib_a-memmove.o)
                0x000099a4                memmove
 .text.__malloc_lock
                0x000099da        0x2 c:/program files (x86)/cypress/psoc creator/4.4/psoc creator/import/gnu/arm/5.4.1/bin/../lib/gcc/arm-none-eabi/5.4.1/../../../../arm-none-eabi/lib/armv7-m\libg_nano.a(lib_a-mlock.o)
                0x000099da                __malloc_lock
 .text.__malloc_unlock
                0x000099dc        0x2 c:/program files (x86)/cypress/psoc creator/4.4/psoc creator/import/gnu/arm/5.4.1/bin/../lib/gcc/arm-none-eabi/5.4.1/../../../../arm-none-eabi/lib/armv7-m\libg_nano.a(lib_a-mlock.o)
                0x000099dc                __malloc_unlock
 .text._realloc_r
                0x000099de       0x4c c:/program files (x86)/cypress/psoc creator/4.4/psoc creator/import/gnu/arm/5.4.1/bin/../lib/gcc/arm-none-eabi/5.4.1/../../../../arm-none-eabi/lib/armv7-m\libg_nano.a(lib_a-nano-reallocr.o)
                0x000099de                _realloc_r
 .text._malloc_usable_size_r
                0x00009a2a       0x14 c:/program files (x86)/cypress/psoc creator/4.4/psoc creator/import/gnu/arm/5.4.1/bin/../lib/gcc/arm-none-eabi/5.4.1/../../../../arm-none-eabi/lib/armv7-m\libg_nano.a(lib_a-nano-msizer.o)
                0x00009a2a                _malloc_usable_size_r
 *(.plt)
 *(.gnu.warning)
 *(.glue_7t)
 .glue_7t       0x00009a3e        0x0 linker stubs
 *(.glue_7)
 .glue_7        0x00009a3e        0x0 linker stubs
 *(.vfp11_veneer)
 .vfp11_veneer  0x00009a3e        0x0 linker stubs
 *(.bootloader)
 *(.ARM.extab* .gnu.linkonce.armextab.*)
 *(.gcc_except_table)

.v4_bx          0x00009a40        0x0
 .v4_bx         0x00009a40        0x0 linker stubs

.iplt           0x00009a40        0x0
 .iplt          0x00009a40        0x0 c:/program files (x86)/cypress/psoc creator/4.4/psoc creator/import/gnu/arm/5.4.1/bin/../lib/gcc/arm-none-eabi/5.4.1/armv7-m/crtbegin.o

.eh_frame_hdr
 *(.eh_frame_hdr)

.eh_frame       0x00009a40        0x4
 *(.eh_frame)
 .eh_frame      0x00009a40        0x0 c:/program files (x86)/cypress/psoc creator/4.4/psoc creator/import/gnu/arm/5.4.1/bin/../lib/gcc/arm-none-eabi/5.4.1/armv7-m/crtbegin.o
 .eh_frame      0x00009a40        0x4 c:/program files (x86)/cypress/psoc creator/4.4/psoc creator/import/gnu/arm/5.4.1/bin/../lib/gcc/arm-none-eabi/5.4.1/armv7-m/crtend.o
                [!provide]                PROVIDE (__exidx_start, .)

.ARM.exidx
 *(.ARM.exidx* .gnu.linkonce.armexidx.*)
                0x00009a44                __exidx_end = .

.rodata         0x00009a48      0x688
 *(.rodata .rodata.* .gnu.linkonce.r.*)
 .rodata        0x00009a48       0x3d .\CortexM3\ARM_GCC_541\Debug\dac.o
 *fill*         0x00009a85        0x3 
 .rodata        0x00009a88       0x92 .\CortexM3\ARM_GCC_541\Debug\user_selections.o
 *fill*         0x00009b1a        0x2 
 .rodata        0x00009b1c       0x16 .\CortexM3\ARM_GCC_541\Debug\main.o
 *fill*         0x00009b32        0x2 
 .rodata        0x00009b34       0x11 .\CortexM3\ARM_GCC_541\Debug\adc.o
 *fill*         0x00009b45        0x3 
 .rodata        0x00009b48      0x1e8 .\CortexM3\ARM_GCC_541\Debug\cyfitter_cfg.o
                0x00009b60                AMux_electrode__addrTable
                0x00009b68                AMux_electrode__maskTable
 .rodata        0x00009d30        0x2 .\CortexM3\ARM_GCC_541\Debug\P-Stat.a(USBUART_cdc.o)
 *fill*         0x00009d32        0x2 
 .rodata        0x00009d34       0x11 .\CortexM3\ARM_GCC_541\Debug\P-Stat.a(USBUART_std.o)
 *fill*         0x00009d45        0x3 
 .rodata        0x00009d48      0x1d4 .\CortexM3\ARM_GCC_541\Debug\P-Stat.a(USBUART_descr.o)
                0x00009d48                USBUART_DEVICE0_DESCR
                0x00009d5c                USBUART_DEVICE0_CONFIGURATION0_DESCR
                0x00009da0                USBUART_STRING_DESCRIPTORS
                0x00009e40                USBUART_SN_STRING_DESCRIPTOR
                0x00009e44                USBUART_HIDREPORT_DESCRIPTOR1
                0x00009e7c                USBUART_DEVICE0_CONFIGURATION0_EP_SETTINGS_TABLE
                0x00009e94                USBUART_DEVICE0_CONFIGURATION0_INTERFACE_CLASS
                0x00009e98                USBUART_DEVICE0_CONFIGURATION0_TABLE
                0x00009ec0                USBUART_DEVICE0_TABLE
                0x00009ed8                USBUART_TABLE
                0x00009ee0                USBUART_MSOS_DESCRIPTOR
                0x00009ef4                USBUART_MSOS_CONFIGURATION_DESCR
 .rodata.str1.4
                0x00009f1c        0x4 c:/program files (x86)/cypress/psoc creator/4.4/psoc creator/import/gnu/arm/5.4.1/bin/../lib/gcc/arm-none-eabi/5.4.1/../../../../arm-none-eabi/lib/armv7-m\libm.a(lib_a-w_pow.o)
 .rodata.str1.4
                0x00009f20        0x4 c:/program files (x86)/cypress/psoc creator/4.4/psoc creator/import/gnu/arm/5.4.1/bin/../lib/gcc/arm-none-eabi/5.4.1/../../../../arm-none-eabi/lib/armv7-m\libm.a(lib_a-e_pow.o)
                                  0x1 (size before relaxing)
 *fill*         0x00009f24        0x4 
 .rodata.TWO52  0x00009f28       0x10 c:/program files (x86)/cypress/psoc creator/4.4/psoc creator/import/gnu/arm/5.4.1/bin/../lib/gcc/arm-none-eabi/5.4.1/../../../../arm-none-eabi/lib/armv7-m\libm.a(lib_a-s_rint.o)
 .rodata.str1.1
                0x00009f38        0x2 c:/program files (x86)/cypress/psoc creator/4.4/psoc creator/import/gnu/arm/5.4.1/bin/../lib/gcc/arm-none-eabi/5.4.1/../../../../arm-none-eabi/lib/armv7-m\libg_nano.a(lib_a-impure.o)
 .rodata.str1.1
                0x00009f3a       0x12 c:/program files (x86)/cypress/psoc creator/4.4/psoc creator/import/gnu/arm/5.4.1/bin/../lib/gcc/arm-none-eabi/5.4.1/../../../../arm-none-eabi/lib/armv7-m\libg_nano.a(lib_a-nano-vfprintf_float.o)
 .rodata.str1.1
                0x00009f4c       0x22 c:/program files (x86)/cypress/psoc creator/4.4/psoc creator/import/gnu/arm/5.4.1/bin/../lib/gcc/arm-none-eabi/5.4.1/../../../../arm-none-eabi/lib/armv7-m\libg_nano.a(lib_a-nano-vfprintf_i.o)
 .rodata.str1.1
                0x00009f6e        0xd c:/program files (x86)/cypress/psoc creator/4.4/psoc creator/import/gnu/arm/5.4.1/bin/../lib/gcc/arm-none-eabi/5.4.1/../../../../arm-none-eabi/lib/armv7-m\libg_nano.a(lib_a-dtoa.o)
                                  0xf (size before relaxing)
 .rodata.str1.1
                0x00009f7b        0x8 c:/program files (x86)/cypress/psoc creator/4.4/psoc creator/import/gnu/arm/5.4.1/bin/../lib/gcc/arm-none-eabi/5.4.1/../../../../arm-none-eabi/lib/armv7-m\libg_nano.a(lib_a-locale.o)
                                  0xb (size before relaxing)
 *fill*         0x00009f83        0x5 
 .rodata.__mprec_tens
                0x00009f88       0xc8 c:/program files (x86)/cypress/psoc creator/4.4/psoc creator/import/gnu/arm/5.4.1/bin/../lib/gcc/arm-none-eabi/5.4.1/../../../../arm-none-eabi/lib/armv7-m\libg_nano.a(lib_a-mprec.o)
                0x00009f88                __mprec_tens
 .rodata.p05.5408
                0x0000a050        0xc c:/program files (x86)/cypress/psoc creator/4.4/psoc creator/import/gnu/arm/5.4.1/bin/../lib/gcc/arm-none-eabi/5.4.1/../../../../arm-none-eabi/lib/armv7-m\libg_nano.a(lib_a-mprec.o)
 *fill*         0x0000a05c        0x4 
 .rodata.__mprec_bigtens
                0x0000a060       0x28 c:/program files (x86)/cypress/psoc creator/4.4/psoc creator/import/gnu/arm/5.4.1/bin/../lib/gcc/arm-none-eabi/5.4.1/../../../../arm-none-eabi/lib/armv7-m\libg_nano.a(lib_a-mprec.o)
                0x0000a060                __mprec_bigtens
 .rodata.str1.1
                0x0000a088       0x11 c:/program files (x86)/cypress/psoc creator/4.4/psoc creator/import/gnu/arm/5.4.1/bin/../lib/gcc/arm-none-eabi/5.4.1/../../../../arm-none-eabi/lib/armv7-m\libg_nano.a(lib_a-nano-svfprintf.o)
                0x0000a09c                . = ALIGN (0x4)
 *fill*         0x0000a099        0x3 
 *(.init)
 .init          0x0000a09c        0x4 c:/program files (x86)/cypress/psoc creator/4.4/psoc creator/import/gnu/arm/5.4.1/bin/../lib/gcc/arm-none-eabi/5.4.1/armv7-m/crti.o
                0x0000a09c                _init
 .init          0x0000a0a0        0x8 c:/program files (x86)/cypress/psoc creator/4.4/psoc creator/import/gnu/arm/5.4.1/bin/../lib/gcc/arm-none-eabi/5.4.1/armv7-m/crtn.o
                0x0000a0a8                . = ALIGN (0x4)
                0x0000a0a8                __preinit_array_start = .
 *(.preinit_array)
                0x0000a0a8                __preinit_array_end = .
                0x0000a0a8                . = ALIGN (0x4)
                0x0000a0a8                __init_array_start = .
 *(SORT(.init_array.*))
 *(.init_array)
 .init_array    0x0000a0a8        0x4 c:/program files (x86)/cypress/psoc creator/4.4/psoc creator/import/gnu/arm/5.4.1/bin/../lib/gcc/arm-none-eabi/5.4.1/armv7-m/crtbegin.o
 .init_array    0x0000a0ac        0x4 .\CortexM3\ARM_GCC_541\Debug\Cm3Start.o
                0x0000a0b0                __init_array_end = .
                0x0000a0b0                . = ALIGN (0x4)
 *(.fini)
 .fini          0x0000a0b0        0x4 c:/program files (x86)/cypress/psoc creator/4.4/psoc creator/import/gnu/arm/5.4.1/bin/../lib/gcc/arm-none-eabi/5.4.1/armv7-m/crti.o
                0x0000a0b0                _fini
 .fini          0x0000a0b4        0x8 c:/program files (x86)/cypress/psoc creator/4.4/psoc creator/import/gnu/arm/5.4.1/bin/../lib/gcc/arm-none-eabi/5.4.1/armv7-m/crtn.o
                0x0000a0bc                . = ALIGN (0x4)
                0x0000a0bc                __fini_array_start = .
 *(.fini_array)
 .fini_array    0x0000a0bc        0x4 c:/program files (x86)/cypress/psoc creator/4.4/psoc creator/import/gnu/arm/5.4.1/bin/../lib/gcc/arm-none-eabi/5.4.1/armv7-m/crtbegin.o
 *(SORT(.fini_array.*))
                0x0000a0c0                __fini_array_end = .
                0x0000a0c0                . = ALIGN (0x4)
 *crtbegin.o(.ctors)
 *(EXCLUDE_FILE(*crtend.o) .ctors)
 *(SORT(.ctors.*))
 *crtend.o(.ctors)
                0x0000a0c0                . = ALIGN (0x4)
 *crtbegin.o(.dtors)
 *(EXCLUDE_FILE(*crtend.o) .dtors)
 *(SORT(.dtors.*))
 *crtend.o(.dtors)
                0x0000a0c0                . = ALIGN (0x4)
                0x0000a0c0                __cy_regions = .
                0x0000a0c0        0x4 LONG 0xa0d0 __cy_region_init_ram
                0x0000a0c4        0x4 LONG 0x1fff80c8 __cy_region_start_data
                0x0000a0c8        0x4 LONG 0xf8 __cy_region_init_size_ram
                0x0000a0cc        0x4 LONG 0x268 __cy_region_zero_size_ram
                0x0000a0d0                __cy_regions_end = .
                0x0000a0d0                . = ALIGN (0x8)
                0x0000a0d0                _etext = .

.cy_checksum_exclude
                0x0000a0d0        0x0
 *(.cy_checksum_exclude)

.ramvectors     0x1fff8000       0xc0
                0x1fff8000                __cy_region_start_ram = .
 *(.ramvectors)
 .ramvectors    0x1fff8000       0xc0 .\CortexM3\ARM_GCC_541\Debug\Cm3Start.o
                0x1fff8000                CyRamVectors

.noinit         0x1fff80c0        0x5
 *(.noinit)
 .noinit        0x1fff80c0        0x4 .\CortexM3\ARM_GCC_541\Debug\Cm3Start.o
 .noinit        0x1fff80c4        0x1 .\CortexM3\ARM_GCC_541\Debug\P-Stat.a(CyLib.o)
                0x1fff80c4                CyResetStatus

.data           0x1fff80c8       0xf8 load address 0x0000a0d0
                0x1fff80c8                __cy_region_start_data = .
 *(.jcr)
 .jcr           0x1fff80c8        0x0 c:/program files (x86)/cypress/psoc creator/4.4/psoc creator/import/gnu/arm/5.4.1/bin/../lib/gcc/arm-none-eabi/5.4.1/armv7-m/crtbegin.o
 .jcr           0x1fff80c8        0x4 c:/program files (x86)/cypress/psoc creator/4.4/psoc creator/import/gnu/arm/5.4.1/bin/../lib/gcc/arm-none-eabi/5.4.1/armv7-m/crtend.o
 *(.got.plt)
 *(.got)
 *(.shdata)
 *(.data .data.* .gnu.linkonce.d.*)
 .data          0x1fff80cc       0x20 .\CortexM3\ARM_GCC_541\Debug\calibrate.o
                0x1fff80cc                calibrate_TIA_resistor_list
 .data          0x1fff80ec        0x4 .\CortexM3\ARM_GCC_541\Debug\Cm3Start.o
 .data          0x1fff80f0        0x1 .\CortexM3\ARM_GCC_541\Debug\P-Stat.a(AMux_TIA_input.o)
 *fill*         0x1fff80f1        0x3 
 .data          0x1fff80f4       0x1a .\CortexM3\ARM_GCC_541\Debug\P-Stat.a(USBUART_cdc.o)
                0x1fff80f4                USBUART_linesCoding
 .data          0x1fff810e        0x1 .\CortexM3\ARM_GCC_541\Debug\P-Stat.a(AMux_electrode.o)
 .data          0x1fff810f        0x1 .\CortexM3\ARM_GCC_541\Debug\P-Stat.a(ADC_DelSig.o)
                0x1fff810f                ADC_DelSig_Config
 .data          0x1fff8110       0x10 .\CortexM3\ARM_GCC_541\Debug\P-Stat.a(CyLib.o)
                0x1fff8110                cydelay_freq_hz
                0x1fff8114                cydelay_freq_khz
                0x1fff8118                cydelay_freq_mhz
                0x1fff811c                cydelay_32k_ms
 .data.__fdlib_version
                0x1fff8120        0x1 c:/program files (x86)/cypress/psoc creator/4.4/psoc creator/import/gnu/arm/5.4.1/bin/../lib/gcc/arm-none-eabi/5.4.1/../../../../arm-none-eabi/lib/armv7-m\libm.a(lib_a-s_lib_ver.o)
                0x1fff8120                __fdlib_version
 *fill*         0x1fff8121        0x3 
 .data.impure_data
                0x1fff8124       0x60 c:/program files (x86)/cypress/psoc creator/4.4/psoc creator/import/gnu/arm/5.4.1/bin/../lib/gcc/arm-none-eabi/5.4.1/../../../../arm-none-eabi/lib/armv7-m\libg_nano.a(lib_a-impure.o)
 .data._impure_ptr
                0x1fff8184        0x4 c:/program files (x86)/cypress/psoc creator/4.4/psoc creator/import/gnu/arm/5.4.1/bin/../lib/gcc/arm-none-eabi/5.4.1/../../../../arm-none-eabi/lib/armv7-m\libg_nano.a(lib_a-impure.o)
                0x1fff8184                _impure_ptr
 .data.lconv    0x1fff8188       0x38 c:/program files (x86)/cypress/psoc creator/4.4/psoc creator/import/gnu/arm/5.4.1/bin/../lib/gcc/arm-none-eabi/5.4.1/../../../../arm-none-eabi/lib/armv7-m\libg_nano.a(lib_a-locale.o)
                0x1fff81c0                . = ALIGN (0x8)
 *(.ram)
                0x1fff81c0                _edata = .

.igot.plt       0x1fff81c0        0x0 load address 0x0000a1c8
 .igot.plt      0x1fff81c0        0x0 c:/program files (x86)/cypress/psoc creator/4.4/psoc creator/import/gnu/arm/5.4.1/bin/../lib/gcc/arm-none-eabi/5.4.1/armv7-m/crtbegin.o

.bss            0x1fff81c0      0x268 load address 0x0000a1c8
                0x1fff81c0                PROVIDE (__bss_start__, .)
 *(.shbss)
 *(.bss .bss.* .gnu.linkonce.b.*)
 .bss           0x1fff81c0       0x1c c:/program files (x86)/cypress/psoc creator/4.4/psoc creator/import/gnu/arm/5.4.1/bin/../lib/gcc/arm-none-eabi/5.4.1/armv7-m/crtbegin.o
 .bss           0x1fff81dc       0x1c .\CortexM3\ARM_GCC_541\Debug\main.o
                0x1fff81dc                voltage
                0x1fff81e0                current
                0x1fff81e4                dac_Volts
                0x1fff81e5                conversionCount
                0x1fff81e6                dataReady
                0x1fff81e8                adcVolts
                0x1fff81ec                measureADC
                0x1fff81f0                adcValue
                0x1fff81f4                signedValue
 .bss           0x1fff81f8        0x5 .\CortexM3\ARM_GCC_541\Debug\cyfitter_cfg.o
 *fill*         0x1fff81fd        0x3 
 .bss           0x1fff8200        0x2 .\CortexM3\ARM_GCC_541\Debug\P-Stat.a(VDAC_TIA_PM.o)
 *fill*         0x1fff8202        0x2 
 .bss           0x1fff8204        0x4 .\CortexM3\ARM_GCC_541\Debug\P-Stat.a(TIA_PM.o)
 .bss           0x1fff8208        0x1 .\CortexM3\ARM_GCC_541\Debug\P-Stat.a(USBUART.o)
                0x1fff8208                USBUART_initVar
 .bss           0x1fff8209        0x1 .\CortexM3\ARM_GCC_541\Debug\P-Stat.a(USBUART_cdc.o)
 *fill*         0x1fff820a        0x2 
 .bss           0x1fff820c        0x2 .\CortexM3\ARM_GCC_541\Debug\P-Stat.a(USBUART_std.o)
 .bss           0x1fff820e        0x1 .\CortexM3\ARM_GCC_541\Debug\P-Stat.a(IDAC_calibrate.o)
                0x1fff820e                IDAC_calibrate_initVar
 *fill*         0x1fff820f        0x1 
 .bss           0x1fff8210        0x2 .\CortexM3\ARM_GCC_541\Debug\P-Stat.a(VDAC_Poise_PM.o)
 *fill*         0x1fff8212        0x2 
 .bss           0x1fff8214        0x1 .\CortexM3\ARM_GCC_541\Debug\P-Stat.a(Opamp_Aux_PM.o)
 .bss           0x1fff8215        0x2 .\CortexM3\ARM_GCC_541\Debug\P-Stat.a(LCD.o)
                0x1fff8215                LCD_enableState
                0x1fff8216                LCD_initVar
 *fill*         0x1fff8217        0x1 
 .bss           0x1fff8218       0x18 .\CortexM3\ARM_GCC_541\Debug\P-Stat.a(ADC_DelSig.o)
                0x1fff8218                ADC_DelSig_convDone
                0x1fff8219                ADC_DelSig_stopConversion
                0x1fff821a                ADC_DelSig_initVar
                0x1fff821b                ADC_DelSig_started
                0x1fff821c                ADC_DelSig_Offset
 .bss.__malloc_sbrk_start
                0x1fff8230        0x4 c:/program files (x86)/cypress/psoc creator/4.4/psoc creator/import/gnu/arm/5.4.1/bin/../lib/gcc/arm-none-eabi/5.4.1/../../../../arm-none-eabi/lib/armv7-m\libg_nano.a(lib_a-nano-mallocr.o)
                0x1fff8230                __malloc_sbrk_start
 .bss.__malloc_free_list
                0x1fff8234        0x4 c:/program files (x86)/cypress/psoc creator/4.4/psoc creator/import/gnu/arm/5.4.1/bin/../lib/gcc/arm-none-eabi/5.4.1/../../../../arm-none-eabi/lib/armv7-m\libg_nano.a(lib_a-nano-mallocr.o)
                0x1fff8234                __malloc_free_list
 *(COMMON)
 COMMON         0x1fff8238       0x58 .\CortexM3\ARM_GCC_541\Debug\calibrate.o
                0x1fff8238                TIA_resistor_value_index
                0x1fff823c                buffer
                0x1fff827c                calibrate_array
 COMMON         0x1fff8290       0xa8 .\CortexM3\ARM_GCC_541\Debug\main.o
                0x1fff8290                TX_Data
                0x1fff82d0                ADC_buffer_index
                0x1fff82d4                RX_Data
                0x1fff8314                TIA_offset
                0x1fff8315                ADC_config
                0x1fff8318                LCD_str_bot
                0x1fff8328                LCD_str_top
 COMMON         0x1fff8338       0x18 .\CortexM3\ARM_GCC_541\Debug\P-Stat.a(USBUART_cdc.o)
                0x1fff8338                USBUART_linesChanged
                0x1fff833c                USBUART_cdcDataInEp
                0x1fff8340                USBUART_cdcCommInInterruptEp
                0x1fff8344                USBUART_cdcDataOutEp
                0x1fff8348                USBUART_serialStateBitmap
                0x1fff834c                USBUART_linesControlBitmap
 COMMON         0x1fff8350       0x9a .\CortexM3\ARM_GCC_541\Debug\P-Stat.a(USBUART_drv.o)
                0x1fff8350                USBUART_lastPacketSize
                0x1fff8351                USBUART_device
                0x1fff8352                USBUART_transferByteCount
                0x1fff8354                USBUART_transferState
                0x1fff8358                USBUART_interfaceSettingLast
                0x1fff835c                USBUART_currentTD
                0x1fff8368                USBUART_interfaceNumber
                0x1fff836c                USBUART_interfaceClass
                0x1fff8370                USBUART_configurationChanged
                0x1fff8371                USBUART_ep0Mode
                0x1fff8372                USBUART_deviceAddress
                0x1fff8373                USBUART_configuration
                0x1fff8374                USBUART_ep0Count
                0x1fff8375                USBUART_deviceStatus
                0x1fff8378                USBUART_EP
                0x1fff83e4                USBUART_interfaceSetting
                0x1fff83e6                USBUART_ep0Toggle
                0x1fff83e8                USBUART_interfaceStatus
 *fill*         0x1fff83ea        0x2 
 COMMON         0x1fff83ec        0xa .\CortexM3\ARM_GCC_541\Debug\P-Stat.a(USBUART_hid.o)
                0x1fff83ec                USBUART_hidProtocol
                0x1fff83f0                USBUART_hidIdleTimer
                0x1fff83f4                USBUART_hidIdleRate
 *fill*         0x1fff83f6        0x2 
 COMMON         0x1fff83f8        0x4 .\CortexM3\ARM_GCC_541\Debug\P-Stat.a(ADC_DelSig.o)
                0x1fff83f8                ADC_DelSig_CountsPerVolt
 COMMON         0x1fff83fc       0x22 .\CortexM3\ARM_GCC_541\Debug\P-Stat.a(USBUART_descr.o)
                0x1fff83fc                USBUART_idSerialNumberStringDescriptor
 *fill*         0x1fff841e        0x2 
 COMMON         0x1fff8420        0x4 c:/program files (x86)/cypress/psoc creator/4.4/psoc creator/import/gnu/arm/5.4.1/bin/../lib/gcc/arm-none-eabi/5.4.1/../../../../arm-none-eabi/lib/armv7-m\libg_nano.a(lib_a-reent.o)
                0x1fff8420                errno
                0x1fff8428                . = ALIGN (0x8)
 *fill*         0x1fff8424        0x4 
 *(.ram.b)
                0x1fff8428                _end = .
                0x1fff8428                __end = .
                0x1fff8428                PROVIDE (end, .)
                0x1fff8428                PROVIDE (__bss_end__, .)
                0x0000a0d0                __cy_region_init_ram = LOADADDR (.data)
                0x000000f8                __cy_region_init_size_ram = (_edata - ADDR (.data))
                0x00000268                __cy_region_zero_size_ram = (_end - _edata)

.heap           0x1fff8428       0x80 load address 0x0000a1c8
                0x1fff8428                . = _end
                0x1fff84a8                . = (. + 0x80)
 *fill*         0x1fff8428       0x80 
                0x1fff84a8                __cy_heap_limit = .

.stack          0x20007800      0x800
                0x20007800                __cy_stack_limit = .
                0x20008000                . = (. + 0x800)
 *fill*         0x20007800      0x800 
                0x00000001                ASSERT ((__cy_stack_limit >= __cy_heap_limit), region RAM overflowed with stack)
                0x00000000                cy_checksum_exclude_size = (CY_APPL_LOADABLE == 0x1)?SIZEOF (.cy_checksum_exclude):0x0
                0x00000001                ASSERT ((cy_checksum_exclude_size <= CY_CHECKSUM_EXCLUDE_SIZE), CY_BOOT: Section .cy_checksum_exclude size exceedes specified limit.)

.cyloadermeta
 *(.cyloadermeta)

.cyloadablemeta
 *(.cyloadablemeta)

.cyconfigecc    0x80000000      0xfe0
 *(.cyconfigecc)
 .cyconfigecc   0x80000000      0xfe0 .\CortexM3\ARM_GCC_541\Debug\cymetadata.o
                0x80000000                cy_meta_configecc

.cycustnvl      0x90000000        0x4
 *(.cycustnvl)
 .cycustnvl     0x90000000        0x4 .\CortexM3\ARM_GCC_541\Debug\cymetadata.o
                0x90000000                cy_meta_custnvl

.cywolatch      0x90100000        0x4
 *(.cywolatch)
 .cywolatch     0x90100000        0x4 .\CortexM3\ARM_GCC_541\Debug\cymetadata.o
                0x90100000                cy_meta_wonvl

.cyeeprom       0x90200000        0x0
 *(.cyeeprom)
                0x00000001                ASSERT ((. <= ((0x90200000 + ee_offset) + ee_size)), .cyeeprom data will not fit in EEPROM)

.cyflashprotect
                0x90400000      0x100
 *(.cyflashprotect)
 .cyflashprotect
                0x90400000      0x100 .\CortexM3\ARM_GCC_541\Debug\cymetadata.o
                0x90400000                cy_meta_flashprotect

.cymeta         0x90500000        0xc
 *(.cymeta)
 .cymeta        0x90500000        0xc .\CortexM3\ARM_GCC_541\Debug\cymetadata.o
                0x90500000                cy_metadata

.rel.dyn        0x0000a1c8        0x0 load address 0x9050000c
 .rel.iplt      0x0000a1c8        0x0 c:/program files (x86)/cypress/psoc creator/4.4/psoc creator/import/gnu/arm/5.4.1/bin/../lib/gcc/arm-none-eabi/5.4.1/armv7-m/crtbegin.o

.stab
 *(.stab)

.stabstr
 *(.stabstr)

.debug
 *(.debug)

.line
 *(.line)

.debug_srcinfo
 *(.debug_srcinfo)

.debug_sfnames
 *(.debug_sfnames)

.debug_aranges  0x00000000     0x1370
 *(.debug_aranges)
 .debug_aranges
                0x00000000       0x38 .\CortexM3\ARM_GCC_541\Debug\calibrate.o
 .debug_aranges
                0x00000038       0x28 .\CortexM3\ARM_GCC_541\Debug\dac.o
 .debug_aranges
                0x00000060       0x20 .\CortexM3\ARM_GCC_541\Debug\usb_protocols.o
 .debug_aranges
                0x00000080       0x48 .\CortexM3\ARM_GCC_541\Debug\user_selections.o
 .debug_aranges
                0x000000c8       0x30 .\CortexM3\ARM_GCC_541\Debug\main.o
 .debug_aranges
                0x000000f8       0x30 .\CortexM3\ARM_GCC_541\Debug\adc.o
 .debug_aranges
                0x00000128       0x70 .\CortexM3\ARM_GCC_541\Debug\helper_functions.o
 .debug_aranges
                0x00000198       0x78 .\CortexM3\ARM_GCC_541\Debug\cyfitter_cfg.o
 .debug_aranges
                0x00000210       0x18 .\CortexM3\ARM_GCC_541\Debug\cymetadata.o
 .debug_aranges
                0x00000228       0x48 .\CortexM3\ARM_GCC_541\Debug\Cm3Start.o
 .debug_aranges
                0x00000270       0x30 .\CortexM3\ARM_GCC_541\Debug\P-Stat.a(AMux_TIA_input.o)
 .debug_aranges
                0x000002a0       0x58 .\CortexM3\ARM_GCC_541\Debug\P-Stat.a(VDAC_TIA.o)
 .debug_aranges
                0x000002f8       0x38 .\CortexM3\ARM_GCC_541\Debug\P-Stat.a(VDAC_TIA_PM.o)
 .debug_aranges
                0x00000330       0x50 .\CortexM3\ARM_GCC_541\Debug\P-Stat.a(TIA.o)
 .debug_aranges
                0x00000380       0x38 .\CortexM3\ARM_GCC_541\Debug\P-Stat.a(TIA_PM.o)
 .debug_aranges
                0x000003b8       0x80 .\CortexM3\ARM_GCC_541\Debug\P-Stat.a(isr_adc.o)
 .debug_aranges
                0x00000438       0xc8 .\CortexM3\ARM_GCC_541\Debug\P-Stat.a(USBUART.o)
 .debug_aranges
                0x00000500       0xe8 .\CortexM3\ARM_GCC_541\Debug\P-Stat.a(USBUART_cdc.o)
 .debug_aranges
                0x000005e8       0x98 .\CortexM3\ARM_GCC_541\Debug\P-Stat.a(USBUART_drv.o)
 .debug_aranges
                0x00000680       0x40 .\CortexM3\ARM_GCC_541\Debug\P-Stat.a(USBUART_episr.o)
 .debug_aranges
                0x000006c0       0x48 .\CortexM3\ARM_GCC_541\Debug\P-Stat.a(USBUART_hid.o)
 .debug_aranges
                0x00000708       0x40 .\CortexM3\ARM_GCC_541\Debug\P-Stat.a(USBUART_pm.o)
 .debug_aranges
                0x00000748       0x80 .\CortexM3\ARM_GCC_541\Debug\P-Stat.a(USBUART_std.o)
 .debug_aranges
                0x000007c8       0x20 .\CortexM3\ARM_GCC_541\Debug\P-Stat.a(USBUART_vnd.o)
 .debug_aranges
                0x000007e8       0x60 .\CortexM3\ARM_GCC_541\Debug\P-Stat.a(IDAC_calibrate.o)
 .debug_aranges
                0x00000848       0x78 .\CortexM3\ARM_GCC_541\Debug\P-Stat.a(EEPROM.o)
 .debug_aranges
                0x000008c0       0x58 .\CortexM3\ARM_GCC_541\Debug\P-Stat.a(VDAC_Poise.o)
 .debug_aranges
                0x00000918       0x38 .\CortexM3\ARM_GCC_541\Debug\P-Stat.a(VDAC_Poise_PM.o)
 .debug_aranges
                0x00000950       0x30 .\CortexM3\ARM_GCC_541\Debug\P-Stat.a(AMux_electrode.o)
 .debug_aranges
                0x00000980       0x40 .\CortexM3\ARM_GCC_541\Debug\P-Stat.a(Opamp_Aux.o)
 .debug_aranges
                0x000009c0       0x38 .\CortexM3\ARM_GCC_541\Debug\P-Stat.a(Opamp_Aux_PM.o)
 .debug_aranges
                0x000009f8       0x98 .\CortexM3\ARM_GCC_541\Debug\P-Stat.a(LCD.o)
 .debug_aranges
                0x00000a90       0x80 .\CortexM3\ARM_GCC_541\Debug\P-Stat.a(PWM_M.o)
 .debug_aranges
                0x00000b10       0xe8 .\CortexM3\ARM_GCC_541\Debug\P-Stat.a(ADC_DelSig.o)
 .debug_aranges
                0x00000bf8       0x38 .\CortexM3\ARM_GCC_541\Debug\P-Stat.a(ADC_DelSig_INT.o)
 .debug_aranges
                0x00000c30       0x70 .\CortexM3\ARM_GCC_541\Debug\P-Stat.a(Clock_PWM.o)
 .debug_aranges
                0x00000ca0       0x80 .\CortexM3\ARM_GCC_541\Debug\P-Stat.a(PWM_S.o)
 .debug_aranges
                0x00000d20       0x80 .\CortexM3\ARM_GCC_541\Debug\P-Stat.a(isr_adc_reset.o)
 .debug_aranges
                0x00000da0       0x48 .\CortexM3\ARM_GCC_541\Debug\P-Stat.a(USBUART_Dp.o)
 .debug_aranges
                0x00000de8       0x70 .\CortexM3\ARM_GCC_541\Debug\P-Stat.a(ADC_DelSig_Ext_CP_Clk.o)
 .debug_aranges
                0x00000e58       0x80 .\CortexM3\ARM_GCC_541\Debug\P-Stat.a(ADC_DelSig_theACLK.o)
 .debug_aranges
                0x00000ed8       0x88 .\CortexM3\ARM_GCC_541\Debug\P-Stat.a(CyFlash.o)
 .debug_aranges
                0x00000f60      0x2a0 .\CortexM3\ARM_GCC_541\Debug\P-Stat.a(CyLib.o)
 .debug_aranges
                0x00001200       0x98 .\CortexM3\ARM_GCC_541\Debug\P-Stat.a(cyPm.o)
 .debug_aranges
                0x00001298       0x80 .\CortexM3\ARM_GCC_541\Debug\P-Stat.a(CySpc.o)
 .debug_aranges
                0x00001318       0x20 .\CortexM3\ARM_GCC_541\Debug\P-Stat.a(CyBootAsmGnu.o)
 .debug_aranges
                0x00001338       0x20 .\CortexM3\ARM_GCC_541\Debug\P-Stat.a(USBUART_cls.o)
 .debug_aranges
                0x00001358       0x18 .\CortexM3\ARM_GCC_541\Debug\P-Stat.a(USBUART_descr.o)

.debug_pubnames
 *(.debug_pubnames)

.debug_info     0x00000000     0x92c0
 *(.debug_info .gnu.linkonce.wi.*)
 .debug_info    0x00000000      0x299 .\CortexM3\ARM_GCC_541\Debug\calibrate.o
 .debug_info    0x00000299      0x227 .\CortexM3\ARM_GCC_541\Debug\dac.o
 .debug_info    0x000004c0      0x135 .\CortexM3\ARM_GCC_541\Debug\usb_protocols.o
 .debug_info    0x000005f5      0x280 .\CortexM3\ARM_GCC_541\Debug\user_selections.o
 .debug_info    0x00000875      0x32f .\CortexM3\ARM_GCC_541\Debug\main.o
 .debug_info    0x00000ba4      0x291 .\CortexM3\ARM_GCC_541\Debug\adc.o
 .debug_info    0x00000e35      0x2d8 .\CortexM3\ARM_GCC_541\Debug\helper_functions.o
 .debug_info    0x0000110d      0x595 .\CortexM3\ARM_GCC_541\Debug\cyfitter_cfg.o
 .debug_info    0x000016a2      0x139 .\CortexM3\ARM_GCC_541\Debug\cymetadata.o
 .debug_info    0x000017db      0x324 .\CortexM3\ARM_GCC_541\Debug\Cm3Start.o
 .debug_info    0x00001aff       0xf7 .\CortexM3\ARM_GCC_541\Debug\P-Stat.a(AMux_TIA_input.o)
 .debug_info    0x00001bf6      0x185 .\CortexM3\ARM_GCC_541\Debug\P-Stat.a(VDAC_TIA.o)
 .debug_info    0x00001d7b      0x11f .\CortexM3\ARM_GCC_541\Debug\P-Stat.a(VDAC_TIA_PM.o)
 .debug_info    0x00001e9a      0x178 .\CortexM3\ARM_GCC_541\Debug\P-Stat.a(TIA.o)
 .debug_info    0x00002012      0x13e .\CortexM3\ARM_GCC_541\Debug\P-Stat.a(TIA_PM.o)
 .debug_info    0x00002150      0x23a .\CortexM3\ARM_GCC_541\Debug\P-Stat.a(isr_adc.o)
 .debug_info    0x0000238a      0x740 .\CortexM3\ARM_GCC_541\Debug\P-Stat.a(USBUART.o)
 .debug_info    0x00002aca      0x91d .\CortexM3\ARM_GCC_541\Debug\P-Stat.a(USBUART_cdc.o)
 .debug_info    0x000033e7      0x526 .\CortexM3\ARM_GCC_541\Debug\P-Stat.a(USBUART_drv.o)
 .debug_info    0x0000390d      0x234 .\CortexM3\ARM_GCC_541\Debug\P-Stat.a(USBUART_episr.o)
 .debug_info    0x00003b41      0x374 .\CortexM3\ARM_GCC_541\Debug\P-Stat.a(USBUART_hid.o)
 .debug_info    0x00003eb5      0x186 .\CortexM3\ARM_GCC_541\Debug\P-Stat.a(USBUART_pm.o)
 .debug_info    0x0000403b      0x95a .\CortexM3\ARM_GCC_541\Debug\P-Stat.a(USBUART_std.o)
 .debug_info    0x00004995      0x1a2 .\CortexM3\ARM_GCC_541\Debug\P-Stat.a(USBUART_vnd.o)
 .debug_info    0x00004b37      0x1ad .\CortexM3\ARM_GCC_541\Debug\P-Stat.a(IDAC_calibrate.o)
 .debug_info    0x00004ce4      0x352 .\CortexM3\ARM_GCC_541\Debug\P-Stat.a(EEPROM.o)
 .debug_info    0x00005036      0x185 .\CortexM3\ARM_GCC_541\Debug\P-Stat.a(VDAC_Poise.o)
 .debug_info    0x000051bb      0x11f .\CortexM3\ARM_GCC_541\Debug\P-Stat.a(VDAC_Poise_PM.o)
 .debug_info    0x000052da       0xf7 .\CortexM3\ARM_GCC_541\Debug\P-Stat.a(AMux_electrode.o)
 .debug_info    0x000053d1      0x11e .\CortexM3\ARM_GCC_541\Debug\P-Stat.a(Opamp_Aux.o)
 .debug_info    0x000054ef      0x11a .\CortexM3\ARM_GCC_541\Debug\P-Stat.a(Opamp_Aux_PM.o)
 .debug_info    0x00005609      0x3c8 .\CortexM3\ARM_GCC_541\Debug\P-Stat.a(LCD.o)
 .debug_info    0x000059d1      0x244 .\CortexM3\ARM_GCC_541\Debug\P-Stat.a(PWM_M.o)
 .debug_info    0x00005c15      0x725 .\CortexM3\ARM_GCC_541\Debug\P-Stat.a(ADC_DelSig.o)
 .debug_info    0x0000633a       0xcc .\CortexM3\ARM_GCC_541\Debug\P-Stat.a(ADC_DelSig_INT.o)
 .debug_info    0x00006406      0x25d .\CortexM3\ARM_GCC_541\Debug\P-Stat.a(Clock_PWM.o)
 .debug_info    0x00006663      0x244 .\CortexM3\ARM_GCC_541\Debug\P-Stat.a(PWM_S.o)
 .debug_info    0x000068a7      0x23a .\CortexM3\ARM_GCC_541\Debug\P-Stat.a(isr_adc_reset.o)
 .debug_info    0x00006ae1      0x171 .\CortexM3\ARM_GCC_541\Debug\P-Stat.a(USBUART_Dp.o)
 .debug_info    0x00006c52      0x25d .\CortexM3\ARM_GCC_541\Debug\P-Stat.a(ADC_DelSig_Ext_CP_Clk.o)
 .debug_info    0x00006eaf      0x299 .\CortexM3\ARM_GCC_541\Debug\P-Stat.a(ADC_DelSig_theACLK.o)
 .debug_info    0x00007148      0x3b2 .\CortexM3\ARM_GCC_541\Debug\P-Stat.a(CyFlash.o)
 .debug_info    0x000074fa      0xe4a .\CortexM3\ARM_GCC_541\Debug\P-Stat.a(CyLib.o)
 .debug_info    0x00008344      0x573 .\CortexM3\ARM_GCC_541\Debug\P-Stat.a(cyPm.o)
 .debug_info    0x000088b7      0x4b9 .\CortexM3\ARM_GCC_541\Debug\P-Stat.a(CySpc.o)
 .debug_info    0x00008d70       0x8b .\CortexM3\ARM_GCC_541\Debug\P-Stat.a(CyBootAsmGnu.o)
 .debug_info    0x00008dfb      0x1c1 .\CortexM3\ARM_GCC_541\Debug\P-Stat.a(USBUART_cls.o)
 .debug_info    0x00008fbc      0x304 .\CortexM3\ARM_GCC_541\Debug\P-Stat.a(USBUART_descr.o)

.debug_abbrev   0x00000000     0x339b
 *(.debug_abbrev)
 .debug_abbrev  0x00000000      0x118 .\CortexM3\ARM_GCC_541\Debug\calibrate.o
 .debug_abbrev  0x00000118      0x139 .\CortexM3\ARM_GCC_541\Debug\dac.o
 .debug_abbrev  0x00000251       0xb1 .\CortexM3\ARM_GCC_541\Debug\usb_protocols.o
 .debug_abbrev  0x00000302      0x112 .\CortexM3\ARM_GCC_541\Debug\user_selections.o
 .debug_abbrev  0x00000414      0x10c .\CortexM3\ARM_GCC_541\Debug\main.o
 .debug_abbrev  0x00000520      0x160 .\CortexM3\ARM_GCC_541\Debug\adc.o
 .debug_abbrev  0x00000680      0x10b .\CortexM3\ARM_GCC_541\Debug\helper_functions.o
 .debug_abbrev  0x0000078b      0x1a8 .\CortexM3\ARM_GCC_541\Debug\cyfitter_cfg.o
 .debug_abbrev  0x00000933       0x77 .\CortexM3\ARM_GCC_541\Debug\cymetadata.o