Archive member included to satisfy reference by file (symbol)

.\CortexM3\ARM_GCC_541\Debug\Biosensor.a(AMux_TIA_input.o)
                              .\CortexM3\ARM_GCC_541\Debug\main.o (AMux_TIA_input_Start)
.\CortexM3\ARM_GCC_541\Debug\Biosensor.a(VDAC_TIA.o)
                              .\CortexM3\ARM_GCC_541\Debug\helper_functions.o (VDAC_TIA_Init)
.\CortexM3\ARM_GCC_541\Debug\Biosensor.a(VDAC_TIA_PM.o)
                              .\CortexM3\ARM_GCC_541\Debug\calibrate.o (VDAC_TIA_Sleep)
.\CortexM3\ARM_GCC_541\Debug\Biosensor.a(TIA.o)
                              .\CortexM3\ARM_GCC_541\Debug\helper_functions.o (TIA_Init)
.\CortexM3\ARM_GCC_541\Debug\Biosensor.a(TIA_PM.o)
                              .\CortexM3\ARM_GCC_541\Debug\calibrate.o (TIA_Sleep)
.\CortexM3\ARM_GCC_541\Debug\Biosensor.a(isr_adc.o)
                              .\CortexM3\ARM_GCC_541\Debug\main.o (isr_adc_StartEx)
.\CortexM3\ARM_GCC_541\Debug\Biosensor.a(USBUART.o)
                              .\CortexM3\ARM_GCC_541\Debug\main.o (USBUART_Start)
.\CortexM3\ARM_GCC_541\Debug\Biosensor.a(USBUART_cdc.o)
                              .\CortexM3\ARM_GCC_541\Debug\main.o (USBUART_CDC_Init)
.\CortexM3\ARM_GCC_541\Debug\Biosensor.a(USBUART_drv.o)
                              .\CortexM3\ARM_GCC_541\Debug\Biosensor.a(USBUART.o) (USBUART_EP)
.\CortexM3\ARM_GCC_541\Debug\Biosensor.a(USBUART_episr.o)
                              .\CortexM3\ARM_GCC_541\Debug\Biosensor.a(USBUART.o) (USBUART_EP_1_ISR)
.\CortexM3\ARM_GCC_541\Debug\Biosensor.a(USBUART_hid.o)
                              .\CortexM3\ARM_GCC_541\Debug\Biosensor.a(USBUART.o) (USBUART_hidProtocol)
.\CortexM3\ARM_GCC_541\Debug\Biosensor.a(USBUART_pm.o)
                              .\CortexM3\ARM_GCC_541\Debug\Biosensor.a(USBUART.o) (USBUART_DP_ISR)
.\CortexM3\ARM_GCC_541\Debug\Biosensor.a(USBUART_std.o)
                              .\CortexM3\ARM_GCC_541\Debug\Biosensor.a(USBUART_drv.o) (USBUART_HandleStandardRqst)
.\CortexM3\ARM_GCC_541\Debug\Biosensor.a(USBUART_vnd.o)
                              .\CortexM3\ARM_GCC_541\Debug\Biosensor.a(USBUART_drv.o) (USBUART_HandleVendorRqst)
.\CortexM3\ARM_GCC_541\Debug\Biosensor.a(IDAC_calibrate.o)
                              .\CortexM3\ARM_GCC_541\Debug\helper_functions.o (IDAC_calibrate_Init)
.\CortexM3\ARM_GCC_541\Debug\Biosensor.a(EEPROM.o)
                              .\CortexM3\ARM_GCC_541\Debug\helper_functions.o (EEPROM_Start)
.\CortexM3\ARM_GCC_541\Debug\Biosensor.a(VDAC_Poise.o)
                              .\CortexM3\ARM_GCC_541\Debug\helper_functions.o (VDAC_Poise_Init)
.\CortexM3\ARM_GCC_541\Debug\Biosensor.a(VDAC_Poise_PM.o)
                              .\CortexM3\ARM_GCC_541\Debug\helper_functions.o (VDAC_Poise_Sleep)
.\CortexM3\ARM_GCC_541\Debug\Biosensor.a(AMux_electrode.o)
                              .\CortexM3\ARM_GCC_541\Debug\main.o (AMux_electrode_Start)
.\CortexM3\ARM_GCC_541\Debug\Biosensor.a(Opamp_Aux.o)
                              .\CortexM3\ARM_GCC_541\Debug\helper_functions.o (Opamp_Aux_Init)
.\CortexM3\ARM_GCC_541\Debug\Biosensor.a(Opamp_Aux_PM.o)
                              .\CortexM3\ARM_GCC_541\Debug\helper_functions.o (Opamp_Aux_Sleep)
.\CortexM3\ARM_GCC_541\Debug\Biosensor.a(LCD.o)
                              .\CortexM3\ARM_GCC_541\Debug\main.o (LCD_WriteControl)
.\CortexM3\ARM_GCC_541\Debug\Biosensor.a(PWM_M.o)
                              .\CortexM3\ARM_GCC_541\Debug\helper_functions.o (PWM_M_Init)
.\CortexM3\ARM_GCC_541\Debug\Biosensor.a(ADC_DelSig.o)
                              .\CortexM3\ARM_GCC_541\Debug\helper_functions.o (ADC_DelSig_Init)
.\CortexM3\ARM_GCC_541\Debug\Biosensor.a(ADC_DelSig_INT.o)
                              .\CortexM3\ARM_GCC_541\Debug\Biosensor.a(ADC_DelSig.o) (ADC_DelSig_ISR1)
.\CortexM3\ARM_GCC_541\Debug\Biosensor.a(Clock_PWM.o)
                              .\CortexM3\ARM_GCC_541\Debug\helper_functions.o (Clock_PWM_Start)
.\CortexM3\ARM_GCC_541\Debug\Biosensor.a(PWM_S.o)
                              .\CortexM3\ARM_GCC_541\Debug\helper_functions.o (PWM_S_Init)
.\CortexM3\ARM_GCC_541\Debug\Biosensor.a(isr_adc_reset.o)
                              .\CortexM3\ARM_GCC_541\Debug\main.o (isr_adc_reset_StartEx)
.\CortexM3\ARM_GCC_541\Debug\Biosensor.a(USBUART_Dp.o)
                              .\CortexM3\ARM_GCC_541\Debug\Biosensor.a(USBUART.o) (USBUART_Dp_ClearInterrupt)
.\CortexM3\ARM_GCC_541\Debug\Biosensor.a(ADC_DelSig_Ext_CP_Clk.o)
                              .\CortexM3\ARM_GCC_541\Debug\Biosensor.a(ADC_DelSig.o) (ADC_DelSig_Ext_CP_Clk_SetDividerRegister)
.\CortexM3\ARM_GCC_541\Debug\Biosensor.a(ADC_DelSig_theACLK.o)
                              .\CortexM3\ARM_GCC_541\Debug\Biosensor.a(ADC_DelSig.o) (ADC_DelSig_theACLK_SetDividerRegister)
.\CortexM3\ARM_GCC_541\Debug\Biosensor.a(CyFlash.o)
                              .\CortexM3\ARM_GCC_541\Debug\Biosensor.a(EEPROM.o) (dieTemperature)
.\CortexM3\ARM_GCC_541\Debug\Biosensor.a(CyLib.o)
[...]
Memory Configuration

Name             Origin             Length             Attributes
rom              0x00000000         0x00040000         xr
ram              0x1fff8000         0x00010000         xrw
*default*        0x00000000         0xffffffff

Linker script and memory map

LOAD c:/program files (x86)/cypress/psoc creator/4.4/psoc creator/import/gnu/arm/5.4.1/bin/../lib/gcc/arm-none-eabi/5.4.1/armv7-m/crti.o
LOAD c:/program files (x86)/cypress/psoc creator/4.4/psoc creator/import/gnu/arm/5.4.1/bin/../lib/gcc/arm-none-eabi/5.4.1/armv7-m/crtbegin.o
LOAD c:/program files (x86)/cypress/psoc creator/4.4/psoc creator/import/gnu/arm/5.4.1/bin/../lib/gcc/arm-none-eabi/5.4.1/../../../../arm-none-eabi/lib/armv7-m/crt0.o
START GROUP
LOAD .\CortexM3\ARM_GCC_541\Debug\calibrate.o
LOAD .\CortexM3\ARM_GCC_541\Debug\dac.o
LOAD .\CortexM3\ARM_GCC_541\Debug\usb_protocols.o
LOAD .\CortexM3\ARM_GCC_541\Debug\user_selections.o
LOAD .\CortexM3\ARM_GCC_541\Debug\main.o
LOAD .\CortexM3\ARM_GCC_541\Debug\adc.o
LOAD .\CortexM3\ARM_GCC_541\Debug\helper_functions.o
LOAD .\CortexM3\ARM_GCC_541\Debug\cyfitter_cfg.o
LOAD .\CortexM3\ARM_GCC_541\Debug\cymetadata.o
LOAD .\CortexM3\ARM_GCC_541\Debug\Cm3Start.o
LOAD .\CortexM3\ARM_GCC_541\Debug\Biosensor.a
LOAD C:\Program Files (x86)\Cypress\PSoC Creator\4.4\PSoC Creator\psoc\content\cycomponentlibrary\CyComponentLibrary.cylib\CortexM3\ARM_GCC_541\Debug\CyComponentLibrary.a
LOAD c:/program files (x86)/cypress/psoc creator/4.4/psoc creator/import/gnu/arm/5.4.1/bin/../lib/gcc/arm-none-eabi/5.4.1/../../../../arm-none-eabi/lib/armv7-m\libm.a
END GROUP
START GROUP
LOAD c:/program files (x86)/cypress/psoc creator/4.4/psoc creator/import/gnu/arm/5.4.1/bin/../lib/gcc/arm-none-eabi/5.4.1/armv7-m\libgcc.a
LOAD c:/program files (x86)/cypress/psoc creator/4.4/psoc creator/import/gnu/arm/5.4.1/bin/../lib/gcc/arm-none-eabi/5.4.1/../../../../arm-none-eabi/lib/armv7-m\libg_nano.a
LOAD c:/program files (x86)/cypress/psoc creator/4.4/psoc creator/import/gnu/arm/5.4.1/bin/../lib/gcc/arm-none-eabi/5.4.1/../../../../arm-none-eabi/lib/armv7-m\libc_nano.a
END GROUP
START GROUP
LOAD c:/program files (x86)/cypress/psoc creator/4.4/psoc creator/import/gnu/arm/5.4.1/bin/../lib/gcc/arm-none-eabi/5.4.1/armv7-m\libgcc.a
LOAD c:/program files (x86)/cypress/psoc creator/4.4/psoc creator/import/gnu/arm/5.4.1/bin/../lib/gcc/arm-none-eabi/5.4.1/../../../../arm-none-eabi/lib/armv7-m\libc_nano.a
END GROUP
LOAD c:/program files (x86)/cypress/psoc creator/4.4/psoc creator/import/gnu/arm/5.4.1/bin/../lib/gcc/arm-none-eabi/5.4.1/armv7-m/crtend.o
LOAD c:/program files (x86)/cypress/psoc creator/4.4/psoc creator/import/gnu/arm/5.4.1/bin/../lib/gcc/arm-none-eabi/5.4.1/armv7-m/crtn.o
START GROUP
LOAD c:/program files (x86)/cypress/psoc creator/4.4/psoc creator/import/gnu/arm/5.4.1/bin/../lib/gcc/arm-none-eabi/5.4.1/armv7-m\libgcc.a
LOAD c:/program files (x86)/cypress/psoc creator/4.4/psoc creator/import/gnu/arm/5.4.1/bin/../lib/gcc/arm-none-eabi/5.4.1/../../../../arm-none-eabi/lib/armv7-m\libc.a
LOAD c:/program files (x86)/cypress/psoc creator/4.4/psoc creator/import/gnu/arm/5.4.1/bin/../lib/gcc/arm-none-eabi/5.4.1/../../../../arm-none-eabi/lib/armv7-m\libnosys.a
END GROUP
                0x00000000                CY_APPL_ORIGIN = 0x0
                0x00000100                CY_FLASH_ROW_SIZE = 0x100
                0x00000020                CY_ECC_ROW_SIZE = 0x20
                0x00000000                CY_EE_IN_BTLDR = 0x0
                0x00000000                CY_APPL_LOADABLE = 0x0
                0x00000800                CY_EE_SIZE = 0x800
                0x00000001                CY_APPL_NUM = 0x1
                0x00000001                CY_APPL_MAX = 0x1
                0x00000040                CY_METADATA_SIZE = 0x40
                0x00000000                CY_APPL_LOADABLE = 0x0
                0x00000000                CY_CHECKSUM_EXCLUDE_SIZE = ALIGN (0x0, CY_FLASH_ROW_SIZE)
                [!provide]                PROVIDE (__cy_heap_start, _end)
                0x00000001                PROVIDE (__cy_region_num, ((__cy_regions_end - __cy_regions) / 0x10))
                0x20008000                PROVIDE (__cy_stack, (ORIGIN (ram) + LENGTH (ram)))
                [!provide]                PROVIDE (__cy_heap_end, (__cy_stack - 0x800))

.cybootloader   0x00000000        0x0
 *(.cybootloader)
                0x00000000                appl1_start = CY_APPL_ORIGIN?CY_APPL_ORIGIN:ALIGN (CY_FLASH_ROW_SIZE)
                0x0001ff00                appl2_start = (appl1_start + ALIGN ((((LENGTH (rom) - appl1_start) - (0x2 * CY_FLASH_ROW_SIZE)) / 0x2), CY_FLASH_ROW_SIZE))
                0x00000000                appl_start = (CY_APPL_NUM == 0x1)?appl1_start:appl2_start
                0x00000000                ecc_offset = ((appl_start / CY_FLASH_ROW_SIZE) * CY_ECC_ROW_SIZE)
                0x00000000                ee_offset = (CY_APPL_LOADABLE && ! (CY_EE_IN_BTLDR))?((CY_EE_SIZE / CY_APPL_MAX) * (CY_APPL_NUM - 0x1)):0x0
                0x00000800                ee_size = (CY_APPL_LOADABLE && ! (CY_EE_IN_BTLDR))?(CY_EE_SIZE / CY_APPL_MAX):CY_EE_SIZE
                [!provide]                PROVIDE (CY_ECC_OFFSET, ecc_offset)

.text           0x00000000     0x98b6
 CREATE_OBJECT_SYMBOLS
                0x00000000                PROVIDE (__cy_interrupt_vector, RomVectors)
 *(.romvectors)
 .romvectors    0x00000000       0x10 .\CortexM3\ARM_GCC_541\Debug\Cm3Start.o
                0x00000000                RomVectors
                0x00000001                ASSERT ((. != __cy_interrupt_vector), No interrupt vector)
                0x00000001                ASSERT (CY_APPL_ORIGIN?(SIZEOF (.cybootloader) <= CY_APPL_ORIGIN):0x1, Wrong image location)
                0x00000010                PROVIDE (__cy_reset, Reset)
 *(.text.Reset)
 .text.Reset    0x00000010       0x18 .\CortexM3\ARM_GCC_541\Debug\Cm3Start.o
                0x00000010                Reset
                0x00000001                ASSERT ((. != __cy_reset), No reset code)
 *(.dma_init)
                0x00000001                ASSERT ((((appl_start + .) <= 0x10000) || 0x1), DMA Init must be within the first 64k of flash)
 *(.text .text.* .gnu.linkonce.t.*)
 .text          0x00000028       0x5c c:/program files (x86)/cypress/psoc creator/4.4/psoc creator/import/gnu/arm/5.4.1/bin/../lib/gcc/arm-none-eabi/5.4.1/armv7-m/crtbegin.o
 .text.calibrate_TIA
                0x00000084      0x124 .\CortexM3\ARM_GCC_541\Debug\calibrate.o
                0x00000084                calibrate_TIA
 .text.calibrate_step
                0x000001a8       0x50 .\CortexM3\ARM_GCC_541\Debug\calibrate.o
                0x000001a8                calibrate_step
 .text.Calibrate_Hardware_Wakeup
                0x000001f8       0x18 .\CortexM3\ARM_GCC_541\Debug\calibrate.o
                0x000001f8                Calibrate_Hardware_Wakeup
 .text.Calibrate_Hardware_Sleep
                0x00000210       0x1c .\CortexM3\ARM_GCC_541\Debug\calibrate.o
                0x00000210                Calibrate_Hardware_Sleep
 .text.dac_Volts2adc
                0x0000022c      0x184 .\CortexM3\ARM_GCC_541\Debug\dac.o
                0x0000022c                dac_Volts2adc
 .text.dac_Setvalue
                0x000003b0       0x1c .\CortexM3\ARM_GCC_541\Debug\dac.o
                0x000003b0                dac_Setvalue
 .text.USB_send
                0x000003cc       0x58 .\CortexM3\ARM_GCC_541\Debug\usb_protocols.o
                0x000003cc                USB_send
 .text.user_setup_electrode
                0x00000424       0x74 .\CortexM3\ARM_GCC_541\Debug\user_selections.o
                0x00000424                user_setup_electrode
 .text.user_setup_ADC_CONFIG
                0x00000498       0x84 .\CortexM3\ARM_GCC_541\Debug\user_selections.o
                0x00000498                user_setup_ADC_CONFIG
 .text.user_setup_TIA_RESISTOR
                0x0000051c       0x5c .\CortexM3\ARM_GCC_541\Debug\user_selections.o
                0x0000051c                user_setup_TIA_RESISTOR
 .text.user_setup_ADC_BUFFER_GAIN
                0x00000578       0x78 .\CortexM3\ARM_GCC_541\Debug\user_selections.o
                0x00000578                user_setup_ADC_BUFFER_GAIN
 .text.user_reset_device
                0x000005f0        0xc .\CortexM3\ARM_GCC_541\Debug\user_selections.o
                0x000005f0                user_reset_device
 .text.user_identify
                0x000005fc       0x34 .\CortexM3\ARM_GCC_541\Debug\user_selections.o
                0x000005fc                user_identify
 .text.ADC_ISR_RESET
                0x00000630       0x28 .\CortexM3\ARM_GCC_541\Debug\main.o
                0x00000630                ADC_ISR_RESET
 .text.ADC_ISR  0x00000658       0xb8 .\CortexM3\ARM_GCC_541\Debug\main.o
                0x00000658                ADC_ISR
 .text.main     0x00000710      0x2a0 .\CortexM3\ARM_GCC_541\Debug\main.o
                0x00000710                main
 .text.helper_HardwareInit
                0x000009b0       0x38 .\CortexM3\ARM_GCC_541\Debug\helper_functions.o
                0x000009b0                helper_HardwareInit
 .text.helper_HardwareEnable
                0x000009e8       0x2c .\CortexM3\ARM_GCC_541\Debug\helper_functions.o
                0x000009e8                helper_HardwareEnable
 .text.helper_HardwareSleep
                0x00000a14       0x18 .\CortexM3\ARM_GCC_541\Debug\helper_functions.o
                0x00000a14                helper_HardwareSleep
 .text.helper_HardwareWakeup
                0x00000a2c       0x18 .\CortexM3\ARM_GCC_541\Debug\helper_functions.o
                0x00000a2c                helper_HardwareWakeup
 .text.helper_WipeLCD
                0x00000a44       0x24 .\CortexM3\ARM_GCC_541\Debug\helper_functions.o
                0x00000a44                helper_WipeLCD
 .text.helper_ClrTx
                0x00000a68       0x18 .\CortexM3\ARM_GCC_541\Debug\helper_functions.o
                0x00000a68                helper_ClrTx
 .text.helper_ClrRx
                0x00000a80       0x18 .\CortexM3\ARM_GCC_541\Debug\helper_functions.o
                0x00000a80                helper_ClrRx
 .text.CYMEMZERO
                0x00000a98       0x1c .\CortexM3\ARM_GCC_541\Debug\cyfitter_cfg.o
 .text.CYCONFIGCPY
                0x00000ab4       0x20 .\CortexM3\ARM_GCC_541\Debug\cyfitter_cfg.o
 .text.CyClockStartupError
                0x00000ad4        0xc .\CortexM3\ARM_GCC_541\Debug\cyfitter_cfg.o
 .text.ClockSetup
                0x00000ae0      0x160 .\CortexM3\ARM_GCC_541\Debug\cyfitter_cfg.o
 .text.AnalogSetDefault
                0x00000c40       0xbc .\CortexM3\ARM_GCC_541\Debug\cyfitter_cfg.o
 .text.AMux_TIA_input_Set
                0x00000cfc       0xa4 .\CortexM3\ARM_GCC_541\Debug\cyfitter_cfg.o
                0x00000cfc                AMux_TIA_input_Set
 .text.AMux_TIA_input_Unset
                0x00000da0       0xb0 .\CortexM3\ARM_GCC_541\Debug\cyfitter_cfg.o
                0x00000da0                AMux_TIA_input_Unset
 .text.AMux_electrode_Set
                0x00000e50       0x40 .\CortexM3\ARM_GCC_541\Debug\cyfitter_cfg.o
                0x00000e50                AMux_electrode_Set
 .text.AMux_electrode_Unset
                0x00000e90       0x44 .\CortexM3\ARM_GCC_541\Debug\cyfitter_cfg.o
                0x00000e90                AMux_electrode_Unset
 .text.cyfitter_cfg
                0x00000ed4      0x194 .\CortexM3\ARM_GCC_541\Debug\cyfitter_cfg.o
                0x00000ed4                cyfitter_cfg
 .text.IntDefaultHandler
                0x00001068       0x14 .\CortexM3\ARM_GCC_541\Debug\Cm3Start.o
                0x00001068                IntDefaultHandler
 .text._sbrk    0x0000107c       0x50 .\CortexM3\ARM_GCC_541\Debug\Cm3Start.o
                0x0000107c                _sbrk
 .text.Start_c  0x000010cc       0x98 .\CortexM3\ARM_GCC_541\Debug\Cm3Start.o
                0x000010cc                Start_c
 .text.initialize_psoc
                0x00001164       0x90 .\CortexM3\ARM_GCC_541\Debug\Cm3Start.o
                0x00001164                initialize_psoc
 .text.AMux_TIA_input_Start
                0x000011f4       0x34 .\CortexM3\ARM_GCC_541\Debug\Biosensor.a(AMux_TIA_input.o)
                0x000011f4                AMux_TIA_input_Start
 .text.AMux_TIA_input_FastSelect
                0x00001228       0x38 .\CortexM3\ARM_GCC_541\Debug\Biosensor.a(AMux_TIA_input.o)
                0x00001228                AMux_TIA_input_FastSelect
 .text.VDAC_TIA_Init
                0x00001260       0x28 .\CortexM3\ARM_GCC_541\Debug\Biosensor.a(VDAC_TIA.o)
                0x00001260                VDAC_TIA_Init
 .text.VDAC_TIA_Enable
                0x00001288       0x34 .\CortexM3\ARM_GCC_541\Debug\Biosensor.a(VDAC_TIA.o)
                0x00001288                VDAC_TIA_Enable
 .text.VDAC_TIA_Stop
                0x000012bc       0x34 .\CortexM3\ARM_GCC_541\Debug\Biosensor.a(VDAC_TIA.o)
                0x000012bc                VDAC_TIA_Stop
 .text.VDAC_TIA_SetSpeed
                0x000012f0       0x40 .\CortexM3\ARM_GCC_541\Debug\Biosensor.a(VDAC_TIA.o)
                0x000012f0                VDAC_TIA_SetSpeed
 .text.VDAC_TIA_SetRange
                0x00001330       0x40 .\CortexM3\ARM_GCC_541\Debug\Biosensor.a(VDAC_TIA.o)
                0x00001330                VDAC_TIA_SetRange
 .text.VDAC_TIA_SetValue
                0x00001370       0x20 .\CortexM3\ARM_GCC_541\Debug\Biosensor.a(VDAC_TIA.o)
                0x00001370                VDAC_TIA_SetValue
 .text.VDAC_TIA_DacTrim
                0x00001390       0x3c .\CortexM3\ARM_GCC_541\Debug\Biosensor.a(VDAC_TIA.o)
                0x00001390                VDAC_TIA_DacTrim
 .text.VDAC_TIA_SaveConfig
                0x000013cc       0x30 .\CortexM3\ARM_GCC_541\Debug\Biosensor.a(VDAC_TIA_PM.o)
                0x000013cc                VDAC_TIA_SaveConfig
 .text.VDAC_TIA_RestoreConfig
                0x000013fc       0x6c .\CortexM3\ARM_GCC_541\Debug\Biosensor.a(VDAC_TIA_PM.o)
                0x000013fc                VDAC_TIA_RestoreConfig
 .text.VDAC_TIA_Sleep
                0x00001468       0x34 .\CortexM3\ARM_GCC_541\Debug\Biosensor.a(VDAC_TIA_PM.o)
                0x00001468                VDAC_TIA_Sleep
 .text.VDAC_TIA_Wakeup
                0x0000149c       0x2c .\CortexM3\ARM_GCC_541\Debug\Biosensor.a(VDAC_TIA_PM.o)
                0x0000149c                VDAC_TIA_Wakeup
 .text.TIA_Init
                0x000014c8       0x38 .\CortexM3\ARM_GCC_541\Debug\Biosensor.a(TIA.o)
                0x000014c8                TIA_Init
 .text.TIA_Enable
                0x00001500       0x48 .\CortexM3\ARM_GCC_541\Debug\Biosensor.a(TIA.o)
                0x00001500                TIA_Enable
 .text.TIA_Stop
                0x00001548       0x34 .\CortexM3\ARM_GCC_541\Debug\Biosensor.a(TIA.o)
                0x00001548                TIA_Stop
 .text.TIA_SetPower
                0x0000157c       0x38 .\CortexM3\ARM_GCC_541\Debug\Biosensor.a(TIA.o)
                0x0000157c                TIA_SetPower
 .text.TIA_SetResFB
                0x000015b4       0x44 .\CortexM3\ARM_GCC_541\Debug\Biosensor.a(TIA.o)
                0x000015b4                TIA_SetResFB
 .text.TIA_SetCapFB
                0x000015f8       0x44 .\CortexM3\ARM_GCC_541\Debug\Biosensor.a(TIA.o)
                0x000015f8                TIA_SetCapFB
 .text.TIA_SaveConfig
                0x0000163c        0xc .\CortexM3\ARM_GCC_541\Debug\Biosensor.a(TIA_PM.o)
                0x0000163c                TIA_SaveConfig
 .text.TIA_RestoreConfig
                0x00001648        0xc .\CortexM3\ARM_GCC_541\Debug\Biosensor.a(TIA_PM.o)
                0x00001648                TIA_RestoreConfig
 .text.TIA_Sleep
                0x00001654       0x34 .\CortexM3\ARM_GCC_541\Debug\Biosensor.a(TIA_PM.o)
                0x00001654                TIA_Sleep
 .text.TIA_Wakeup
                0x00001688       0x1c .\CortexM3\ARM_GCC_541\Debug\Biosensor.a(TIA_PM.o)
                0x00001688                TIA_Wakeup
 .text.isr_adc_StartEx
                0x000016a4       0x24 .\CortexM3\ARM_GCC_541\Debug\Biosensor.a(isr_adc.o)
                0x000016a4                isr_adc_StartEx
 .text.isr_adc_SetVector
                0x000016c8       0x24 .\CortexM3\ARM_GCC_541\Debug\Biosensor.a(isr_adc.o)
                0x000016c8                isr_adc_SetVector
 .text.isr_adc_SetPriority
                0x000016ec       0x24 .\CortexM3\ARM_GCC_541\Debug\Biosensor.a(isr_adc.o)
                0x000016ec                isr_adc_SetPriority
 .text.isr_adc_Enable
                0x00001710       0x18 .\CortexM3\ARM_GCC_541\Debug\Biosensor.a(isr_adc.o)
                0x00001710                isr_adc_Enable
 .text.isr_adc_Disable
                0x00001728       0x18 .\CortexM3\ARM_GCC_541\Debug\Biosensor.a(isr_adc.o)
                0x00001728                isr_adc_Disable
 .text.USBUART_Start
                0x00001740       0x3c .\CortexM3\ARM_GCC_541\Debug\Biosensor.a(USBUART.o)
                0x00001740                USBUART_Start
 .text.USBUART_Init
                0x0000177c      0x1a4 .\CortexM3\ARM_GCC_541\Debug\Biosensor.a(USBUART.o)
                0x0000177c                USBUART_Init
 .text.USBUART_InitComponent
                0x00001920      0x120 .\CortexM3\ARM_GCC_541\Debug\Biosensor.a(USBUART.o)
                0x00001920                USBUART_InitComponent
 .text.USBUART_ReInitComponent
                0x00001a40       0x88 .\CortexM3\ARM_GCC_541\Debug\Biosensor.a(USBUART.o)
                0x00001a40                USBUART_ReInitComponent
 .text.USBUART_GetConfiguration
                0x00001ac8       0x18 .\CortexM3\ARM_GCC_541\Debug\Biosensor.a(USBUART.o)
                0x00001ac8                USBUART_GetConfiguration
 .text.USBUART_IsConfigurationChanged
                0x00001ae0       0x30 .\CortexM3\ARM_GCC_541\Debug\Biosensor.a(USBUART.o)
                0x00001ae0                USBUART_IsConfigurationChanged
 .text.USBUART_GetEPState
                0x00001b10       0x2c .\CortexM3\ARM_GCC_541\Debug\Biosensor.a(USBUART.o)
                0x00001b10                USBUART_GetEPState
 .text.USBUART_GetEPCount
                0x00001b3c       0x60 .\CortexM3\ARM_GCC_541\Debug\Biosensor.a(USBUART.o)
                0x00001b3c                USBUART_GetEPCount
 .text.USBUART_LoadInEP
                0x00001b9c      0x108 .\CortexM3\ARM_GCC_541\Debug\Biosensor.a(USBUART.o)
                0x00001b9c                USBUART_LoadInEP
 .text.USBUART_ReadOutEP
                0x00001ca4       0x8c .\CortexM3\ARM_GCC_541\Debug\Biosensor.a(USBUART.o)
                0x00001ca4                USBUART_ReadOutEP
 .text.USBUART_EnableOutEP
                0x00001d30       0x5c .\CortexM3\ARM_GCC_541\Debug\Biosensor.a(USBUART.o)
                0x00001d30                USBUART_EnableOutEP
 .text.USBUART_DispatchCDCClassRqst
                0x00001d8c       0xe4 .\CortexM3\ARM_GCC_541\Debug\Biosensor.a(USBUART_cdc.o)
                0x00001d8c                USBUART_DispatchCDCClassRqst
 .text.USBUART_GetInterfaceComPort
                0x00001e70       0x60 .\CortexM3\ARM_GCC_541\Debug\Biosensor.a(USBUART_cdc.o)
                0x00001e70                USBUART_GetInterfaceComPort
 .text.USBUART_CDC_Init
                0x00001ed0       0xa8 .\CortexM3\ARM_GCC_541\Debug\Biosensor.a(USBUART_cdc.o)
                0x00001ed0                USBUART_CDC_Init
 .text.USBUART_PutData
                0x00001f78       0x6c .\CortexM3\ARM_GCC_541\Debug\Biosensor.a(USBUART_cdc.o)
                0x00001f78                USBUART_PutData
 .text.USBUART_PutCRLF
                0x00001fe4       0x38 .\CortexM3\ARM_GCC_541\Debug\Biosensor.a(USBUART_cdc.o)
                0x00001fe4                USBUART_PutCRLF
 .text.USBUART_DataIsReady
                0x0000201c       0x24 .\CortexM3\ARM_GCC_541\Debug\Biosensor.a(USBUART_cdc.o)
                0x0000201c                USBUART_DataIsReady
 .text.USBUART_CDCIsReady
                0x00002040       0x24 .\CortexM3\ARM_GCC_541\Debug\Biosensor.a(USBUART_cdc.o)
                0x00002040                USBUART_CDCIsReady
 .text.USBUART_GetAll
                0x00002064       0x4c .\CortexM3\ARM_GCC_541\Debug\Biosensor.a(USBUART_cdc.o)
                0x00002064                USBUART_GetAll
 .text.USBUART_Cdc_EpInit
                0x000020b0       0x90 .\CortexM3\ARM_GCC_541\Debug\Biosensor.a(USBUART_cdc.o)
                0x000020b0                USBUART_Cdc_EpInit
 .text.USBUART_EP_0_ISR
                0x00002140       0xf8 .\CortexM3\ARM_GCC_541\Debug\Biosensor.a(USBUART_drv.o)
                0x00002140                USBUART_EP_0_ISR
 .text.USBUART_HandleSetup
                0x00002238       0x88 .\CortexM3\ARM_GCC_541\Debug\Biosensor.a(USBUART_drv.o)
                0x00002238                USBUART_HandleSetup
 .text.USBUART_HandleIN
                0x000022c0       0x4c .\CortexM3\ARM_GCC_541\Debug\Biosensor.a(USBUART_drv.o)
                0x000022c0                USBUART_HandleIN
 .text.USBUART_HandleOUT
                0x0000230c       0x58 .\CortexM3\ARM_GCC_541\Debug\Biosensor.a(USBUART_drv.o)
                0x0000230c                USBUART_HandleOUT
 .text.USBUART_LoadEP0
                0x00002364       0xd0 .\CortexM3\ARM_GCC_541\Debug\Biosensor.a(USBUART_drv.o)
                0x00002364                USBUART_LoadEP0
 .text.USBUART_InitControlRead
                0x00002434       0x70 .\CortexM3\ARM_GCC_541\Debug\Biosensor.a(USBUART_drv.o)
                0x00002434                USBUART_InitControlRead
 .text.USBUART_InitZeroLengthControlTransfer
                0x000024a4       0x40 .\CortexM3\ARM_GCC_541\Debug\Biosensor.a(USBUART_drv.o)
                0x000024a4                USBUART_InitZeroLengthControlTransfer
 .text.USBUART_ControlReadDataStage
                0x000024e4        0xc .\CortexM3\ARM_GCC_541\Debug\Biosensor.a(USBUART_drv.o)
                0x000024e4                USBUART_ControlReadDataStage
 .text.USBUART_ControlReadStatusStage
                0x000024f0       0x40 .\CortexM3\ARM_GCC_541\Debug\Biosensor.a(USBUART_drv.o)
                0x000024f0                USBUART_ControlReadStatusStage
 .text.USBUART_InitControlWrite
                0x00002530       0x64 .\CortexM3\ARM_GCC_541\Debug\Biosensor.a(USBUART_drv.o)
                0x00002530                USBUART_InitControlWrite
 .text.USBUART_ControlWriteDataStage
                0x00002594       0xb4 .\CortexM3\ARM_GCC_541\Debug\Biosensor.a(USBUART_drv.o)
                0x00002594                USBUART_ControlWriteDataStage
 .text.USBUART_ControlWriteStatusStage
                0x00002648       0x24 .\CortexM3\ARM_GCC_541\Debug\Biosensor.a(USBUART_drv.o)
                0x00002648                USBUART_ControlWriteStatusStage
 .text.USBUART_InitNoDataControlTransfer
                0x0000266c       0x38 .\CortexM3\ARM_GCC_541\Debug\Biosensor.a(USBUART_drv.o)
                0x0000266c                USBUART_InitNoDataControlTransfer
 .text.USBUART_NoDataControlStatusStage
                0x000026a4       0x4c .\CortexM3\ARM_GCC_541\Debug\Biosensor.a(USBUART_drv.o)
                0x000026a4                USBUART_NoDataControlStatusStage
 .text.USBUART_UpdateStatusBlock
                0x000026f0       0x40 .\CortexM3\ARM_GCC_541\Debug\Biosensor.a(USBUART_drv.o)
                0x000026f0                USBUART_UpdateStatusBlock
 .text.USBUART_InitializeStatusBlock
                0x00002730       0x34 .\CortexM3\ARM_GCC_541\Debug\Biosensor.a(USBUART_drv.o)
                0x00002730                USBUART_InitializeStatusBlock
 .text.USBUART_EP_1_ISR
                0x00002764       0x48 .\CortexM3\ARM_GCC_541\Debug\Biosensor.a(USBUART_episr.o)
                0x00002764                USBUART_EP_1_ISR
 .text.USBUART_EP_2_ISR
                0x000027ac       0x4c .\CortexM3\ARM_GCC_541\Debug\Biosensor.a(USBUART_episr.o)
                0x000027ac                USBUART_EP_2_ISR
 .text.USBUART_EP_3_ISR
                0x000027f8       0x54 .\CortexM3\ARM_GCC_541\Debug\Biosensor.a(USBUART_episr.o)
                0x000027f8                USBUART_EP_3_ISR
 .text.USBUART_SOF_ISR
                0x0000284c        0xc .\CortexM3\ARM_GCC_541\Debug\Biosensor.a(USBUART_episr.o)
                0x0000284c                USBUART_SOF_ISR
 .text.USBUART_BUS_RESET_ISR
                0x00002858        0xc .\CortexM3\ARM_GCC_541\Debug\Biosensor.a(USBUART_episr.o)
                0x00002858                USBUART_BUS_RESET_ISR
 .text.USBUART_DispatchHIDClassRqst
                0x00002864      0x1e4 .\CortexM3\ARM_GCC_541\Debug\Biosensor.a(USBUART_hid.o)
                0x00002864                USBUART_DispatchHIDClassRqst
 .text.USBUART_FindHidClassDecriptor
                0x00002a48       0x7c .\CortexM3\ARM_GCC_541\Debug\Biosensor.a(USBUART_hid.o)
                0x00002a48                USBUART_FindHidClassDecriptor
 .text.USBUART_FindReportDescriptor
                0x00002ac4       0x90 .\CortexM3\ARM_GCC_541\Debug\Biosensor.a(USBUART_hid.o)
                0x00002ac4                USBUART_FindReportDescriptor
 .text.USBUART_FindReport
                0x00002b54       0xcc .\CortexM3\ARM_GCC_541\Debug\Biosensor.a(USBUART_hid.o)
                0x00002b54                USBUART_FindReport
 .text.USBUART_DP_ISR
                0x00002c20        0xc .\CortexM3\ARM_GCC_541\Debug\Biosensor.a(USBUART_pm.o)
                0x00002c20                USBUART_DP_ISR
 .text.USBUART_HandleStandardRqst
                0x00002c2c      0x4a4 .\CortexM3\ARM_GCC_541\Debug\Biosensor.a(USBUART_std.o)
                0x00002c2c                USBUART_HandleStandardRqst
 .text.USBUART_ReadDieID
                0x000030d0       0xd8 .\CortexM3\ARM_GCC_541\Debug\Biosensor.a(USBUART_std.o)
                0x000030d0                USBUART_ReadDieID
 .text.USBUART_ConfigReg
                0x000031a8      0x138 .\CortexM3\ARM_GCC_541\Debug\Biosensor.a(USBUART_std.o)
                0x000031a8                USBUART_ConfigReg
 .text.USBUART_Config
                0x000032e0      0x3a4 .\CortexM3\ARM_GCC_541\Debug\Biosensor.a(USBUART_std.o)
                0x000032e0                USBUART_Config
 .text.USBUART_ConfigAltChanged
                0x00003684      0x25c .\CortexM3\ARM_GCC_541\Debug\Biosensor.a(USBUART_std.o)
                0x00003684                USBUART_ConfigAltChanged
 .text.USBUART_GetConfigTablePtr
                0x000038e0       0x50 .\CortexM3\ARM_GCC_541\Debug\Biosensor.a(USBUART_std.o)
                0x000038e0                USBUART_GetConfigTablePtr
 .text.USBUART_GetDeviceTablePtr
                0x00003930       0x24 .\CortexM3\ARM_GCC_541\Debug\Biosensor.a(USBUART_std.o)
                0x00003930                USBUART_GetDeviceTablePtr
 .text.USBUART_GetInterfaceClassTablePtr
                0x00003954       0x4c .\CortexM3\ARM_GCC_541\Debug\Biosensor.a(USBUART_std.o)
                0x00003954                USBUART_GetInterfaceClassTablePtr
 .text.USBUART_SetEndpointHalt
                0x000039a0       0xe8 .\CortexM3\ARM_GCC_541\Debug\Biosensor.a(USBUART_std.o)
                0x000039a0                USBUART_SetEndpointHalt
 .text.USBUART_ClearEndpointHalt
                0x00003a88      0x158 .\CortexM3\ARM_GCC_541\Debug\Biosensor.a(USBUART_std.o)
                0x00003a88                USBUART_ClearEndpointHalt
 .text.USBUART_ValidateAlternateSetting
                0x00003be0       0x70 .\CortexM3\ARM_GCC_541\Debug\Biosensor.a(USBUART_std.o)
                0x00003be0                USBUART_ValidateAlternateSetting
 .text.USBUART_HandleVendorRqst
                0x00003c50       0x54 .\CortexM3\ARM_GCC_541\Debug\Biosensor.a(USBUART_vnd.o)
                0x00003c50                USBUART_HandleVendorRqst
 .text.IDAC_calibrate_Init
                0x00003ca4       0x30 .\CortexM3\ARM_GCC_541\Debug\Biosensor.a(IDAC_calibrate.o)
                0x00003ca4                IDAC_calibrate_Init
 .text.IDAC_calibrate_Enable
                0x00003cd4       0x34 .\CortexM3\ARM_GCC_541\Debug\Biosensor.a(IDAC_calibrate.o)
                0x00003cd4                IDAC_calibrate_Enable
 .text.IDAC_calibrate_Start
                0x00003d08       0x28 .\CortexM3\ARM_GCC_541\Debug\Biosensor.a(IDAC_calibrate.o)
                0x00003d08                IDAC_calibrate_Start
 .text.IDAC_calibrate_Stop
                0x00003d30       0x34 .\CortexM3\ARM_GCC_541\Debug\Biosensor.a(IDAC_calibrate.o)
                0x00003d30                IDAC_calibrate_Stop
 .text.IDAC_calibrate_SetSpeed
                0x00003d64       0x40 .\CortexM3\ARM_GCC_541\Debug\Biosensor.a(IDAC_calibrate.o)
                0x00003d64                IDAC_calibrate_SetSpeed
 .text.IDAC_calibrate_SetPolarity
                0x00003da4       0x40 .\CortexM3\ARM_GCC_541\Debug\Biosensor.a(IDAC_calibrate.o)
                0x00003da4                IDAC_calibrate_SetPolarity
 .text.IDAC_calibrate_SetValue
                0x00003de4       0x20 .\CortexM3\ARM_GCC_541\Debug\Biosensor.a(IDAC_calibrate.o)
                0x00003de4                IDAC_calibrate_SetValue
 .text.IDAC_calibrate_DacTrim
                0x00003e04       0x54 .\CortexM3\ARM_GCC_541\Debug\Biosensor.a(IDAC_calibrate.o)
                0x00003e04                IDAC_calibrate_DacTrim
 .text.VDAC_Poise_Init
                0x00003e58       0x28 .\CortexM3\ARM_GCC_541\Debug\Biosensor.a(VDAC_Poise.o)
                0x00003e58                VDAC_Poise_Init
 .text.VDAC_Poise_Enable
                0x00003e80       0x34 .\CortexM3\ARM_GCC_541\Debug\Biosensor.a(VDAC_Poise.o)
                0x00003e80                VDAC_Poise_Enable
 .text.VDAC_Poise_Stop
                0x00003eb4       0x34 .\CortexM3\ARM_GCC_541\Debug\Biosensor.a(VDAC_Poise.o)
                0x00003eb4                VDAC_Poise_Stop
 .text.VDAC_Poise_SetSpeed
                0x00003ee8       0x40 .\CortexM3\ARM_GCC_541\Debug\Biosensor.a(VDAC_Poise.o)
                0x00003ee8                VDAC_Poise_SetSpeed
 .text.VDAC_Poise_SetRange
                0x00003f28       0x40 .\CortexM3\ARM_GCC_541\Debug\Biosensor.a(VDAC_Poise.o)
                0x00003f28                VDAC_Poise_SetRange
 .text.VDAC_Poise_SetValue
                0x00003f68       0x20 .\CortexM3\ARM_GCC_541\Debug\Biosensor.a(VDAC_Poise.o)
                0x00003f68                VDAC_Poise_SetValue
 .text.VDAC_Poise_DacTrim
                0x00003f88       0x3c .\CortexM3\ARM_GCC_541\Debug\Biosensor.a(VDAC_Poise.o)
                0x00003f88                VDAC_Poise_DacTrim
 .text.VDAC_Poise_SaveConfig
                0x00003fc4       0x30 .\CortexM3\ARM_GCC_541\Debug\Biosensor.a(VDAC_Poise_PM.o)
                0x00003fc4                VDAC_Poise_SaveConfig
 .text.VDAC_Poise_RestoreConfig
                0x00003ff4       0x6c .\CortexM3\ARM_GCC_541\Debug\Biosensor.a(VDAC_Poise_PM.o)
                0x00003ff4                VDAC_Poise_RestoreConfig
 .text.VDAC_Poise_Sleep
                0x00004060       0x34 .\CortexM3\ARM_GCC_541\Debug\Biosensor.a(VDAC_Poise_PM.o)
                0x00004060                VDAC_Poise_Sleep
 .text.VDAC_Poise_Wakeup
                0x00004094       0x2c .\CortexM3\ARM_GCC_541\Debug\Biosensor.a(VDAC_Poise_PM.o)
                0x00004094                VDAC_Poise_Wakeup
 .text.AMux_electrode_Start
                0x000040c0       0x34 .\CortexM3\ARM_GCC_541\Debug\Biosensor.a(AMux_electrode.o)
                0x000040c0                AMux_electrode_Start
 .text.AMux_electrode_FastSelect
                0x000040f4       0x38 .\CortexM3\ARM_GCC_541\Debug\Biosensor.a(AMux_electrode.o)
                0x000040f4                AMux_electrode_FastSelect
 .text.Opamp_Aux_Init
                0x0000412c       0x10 .\CortexM3\ARM_GCC_541\Debug\Biosensor.a(Opamp_Aux.o)
                0x0000412c                Opamp_Aux_Init
 .text.Opamp_Aux_Enable
                0x0000413c       0x48 .\CortexM3\ARM_GCC_541\Debug\Biosensor.a(Opamp_Aux.o)
                0x0000413c                Opamp_Aux_Enable
 .text.Opamp_Aux_Stop
                0x00004184       0x54 .\CortexM3\ARM_GCC_541\Debug\Biosensor.a(Opamp_Aux.o)
                0x00004184                Opamp_Aux_Stop
 .text.Opamp_Aux_SetPower
                0x000041d8       0x40 .\CortexM3\ARM_GCC_541\Debug\Biosensor.a(Opamp_Aux.o)
                0x000041d8                Opamp_Aux_SetPower
 .text.Opamp_Aux_SaveConfig
                0x00004218        0xc .\CortexM3\ARM_GCC_541\Debug\Biosensor.a(Opamp_Aux_PM.o)
                0x00004218                Opamp_Aux_SaveConfig
 .text.Opamp_Aux_RestoreConfig
                0x00004224        0xc .\CortexM3\ARM_GCC_541\Debug\Biosensor.a(Opamp_Aux_PM.o)
                0x00004224                Opamp_Aux_RestoreConfig
 .text.Opamp_Aux_Sleep
                0x00004230       0x34 .\CortexM3\ARM_GCC_541\Debug\Biosensor.a(Opamp_Aux_PM.o)
                0x00004230                Opamp_Aux_Sleep
 .text.Opamp_Aux_Wakeup
                0x00004264       0x1c .\CortexM3\ARM_GCC_541\Debug\Biosensor.a(Opamp_Aux_PM.o)
                0x00004264                Opamp_Aux_Wakeup
 .text.LCD_Init
                0x00004280       0x70 .\CortexM3\ARM_GCC_541\Debug\Biosensor.a(LCD.o)
                0x00004280                LCD_Init
 .text.LCD_Enable
                0x000042f0       0x18 .\CortexM3\ARM_GCC_541\Debug\Biosensor.a(LCD.o)
                0x000042f0                LCD_Enable
 .text.LCD_Start
                0x00004308       0x24 .\CortexM3\ARM_GCC_541\Debug\Biosensor.a(LCD.o)
                0x00004308                LCD_Start
 .text.LCD_Position
                0x0000432c       0x70 .\CortexM3\ARM_GCC_541\Debug\Biosensor.a(LCD.o)
                0x0000432c                LCD_Position
 .text.LCD_PrintString
                0x0000439c       0x3c .\CortexM3\ARM_GCC_541\Debug\Biosensor.a(LCD.o)
                0x0000439c                LCD_PrintString
 .text.LCD_WriteData
                0x000043d8       0x34 .\CortexM3\ARM_GCC_541\Debug\Biosensor.a(LCD.o)
                0x000043d8                LCD_WriteData
 .text.LCD_WriteControl
                0x0000440c       0x34 .\CortexM3\ARM_GCC_541\Debug\Biosensor.a(LCD.o)
                0x0000440c                LCD_WriteControl
 .text.LCD_IsReady
                0x00004440      0x178 .\CortexM3\ARM_GCC_541\Debug\Biosensor.a(LCD.o)
                0x00004440                LCD_IsReady
 .text.LCD_WrDatNib
                0x000045b8       0x78 .\CortexM3\ARM_GCC_541\Debug\Biosensor.a(LCD.o)
 .text.LCD_WrCntrlNib
                0x00004630       0x64 .\CortexM3\ARM_GCC_541\Debug\Biosensor.a(LCD.o)
 .text.PWM_M_Init
                0x00004694       0x50 .\CortexM3\ARM_GCC_541\Debug\Biosensor.a(PWM_M.o)
                0x00004694                PWM_M_Init
 .text.PWM_M_Enable
                0x000046e4       0x20 .\CortexM3\ARM_GCC_541\Debug\Biosensor.a(PWM_M.o)
                0x000046e4                PWM_M_Enable
 .text.PWM_M_WriteCounter
                0x00004704       0x20 .\CortexM3\ARM_GCC_541\Debug\Biosensor.a(PWM_M.o)
                0x00004704                PWM_M_WriteCounter
 .text.PWM_M_WritePeriod
                0x00004724       0x20 .\CortexM3\ARM_GCC_541\Debug\Biosensor.a(PWM_M.o)
                0x00004724                PWM_M_WritePeriod
 .text.PWM_M_WriteCompare
                0x00004744       0x20 .\CortexM3\ARM_GCC_541\Debug\Biosensor.a(PWM_M.o)
                0x00004744                PWM_M_WriteCompare
 .text.ADC_DelSig_Init
                0x00004764      0x144 .\CortexM3\ARM_GCC_541\Debug\Biosensor.a(ADC_DelSig.o)
                0x00004764                ADC_DelSig_Init
 .text.ADC_DelSig_Enable
                0x000048a8      0x158 .\CortexM3\ARM_GCC_541\Debug\Biosensor.a(ADC_DelSig.o)
                0x000048a8                ADC_DelSig_Enable
 .text.ADC_DelSig_Start
                0x00004a00       0x30 .\CortexM3\ARM_GCC_541\Debug\Biosensor.a(ADC_DelSig.o)
                0x00004a00                ADC_DelSig_Start
 .text.ADC_DelSig_Stop
                0x00004a30      0x17c .\CortexM3\ARM_GCC_541\Debug\Biosensor.a(ADC_DelSig.o)
                0x00004a30                ADC_DelSig_Stop
 .text.ADC_DelSig_SetBufferGain
                0x00004bac       0x3c .\CortexM3\ARM_GCC_541\Debug\Biosensor.a(ADC_DelSig.o)
                0x00004bac                ADC_DelSig_SetBufferGain
 .text.ADC_DelSig_StartConvert
                0x00004be8       0x20 .\CortexM3\ARM_GCC_541\Debug\Biosensor.a(ADC_DelSig.o)
                0x00004be8                ADC_DelSig_StartConvert
 .text.ADC_DelSig_StopConvert
                0x00004c08       0x20 .\CortexM3\ARM_GCC_541\Debug\Biosensor.a(ADC_DelSig.o)
                0x00004c08                ADC_DelSig_StopConvert
 .text.ADC_DelSig_IsEndConversion
                0x00004c28       0x4c .\CortexM3\ARM_GCC_541\Debug\Biosensor.a(ADC_DelSig.o)
                0x00004c28                ADC_DelSig_IsEndConversion
 .text.ADC_DelSig_GetResult16
                0x00004c74       0x7c .\CortexM3\ARM_GCC_541\Debug\Biosensor.a(ADC_DelSig.o)
                0x00004c74                ADC_DelSig_GetResult16
 .text.ADC_DelSig_GetResult32
                0x00004cf0       0xa8 .\CortexM3\ARM_GCC_541\Debug\Biosensor.a(ADC_DelSig.o)
                0x00004cf0                ADC_DelSig_GetResult32
 .text.ADC_DelSig_InitConfig
                0x00004d98      0x310 .\CortexM3\ARM_GCC_541\Debug\Biosensor.a(ADC_DelSig.o)
 .text.ADC_DelSig_SelectConfiguration
                0x000050a8       0x90 .\CortexM3\ARM_GCC_541\Debug\Biosensor.a(ADC_DelSig.o)
                0x000050a8                ADC_DelSig_SelectConfiguration
 .text.ADC_DelSig_GainCompensation
                0x00005138      0x170 .\CortexM3\ARM_GCC_541\Debug\Biosensor.a(ADC_DelSig.o)
 .text.ADC_DelSig_SetDSMRef0Reg
                0x000052a8       0x7c .\CortexM3\ARM_GCC_541\Debug\Biosensor.a(ADC_DelSig.o)
 .text.ADC_DelSig_ISR1
                0x00005324       0x18 .\CortexM3\ARM_GCC_541\Debug\Biosensor.a(ADC_DelSig_INT.o)
                0x00005324                ADC_DelSig_ISR1
 .text.ADC_DelSig_ISR2
                0x0000533c       0x18 .\CortexM3\ARM_GCC_541\Debug\Biosensor.a(ADC_DelSig_INT.o)
                0x0000533c                ADC_DelSig_ISR2
 .text.ADC_DelSig_ISR3
                0x00005354        0xc .\CortexM3\ARM_GCC_541\Debug\Biosensor.a(ADC_DelSig_INT.o)
                0x00005354                ADC_DelSig_ISR3
 .text.Clock_PWM_Start
                0x00005360       0x34 .\CortexM3\ARM_GCC_541\Debug\Biosensor.a(Clock_PWM.o)
                0x00005360                Clock_PWM_Start
 .text.PWM_S_Init
                0x00005394       0x50 .\CortexM3\ARM_GCC_541\Debug\Biosensor.a(PWM_S.o)
                0x00005394                PWM_S_Init
 .text.PWM_S_Enable
                0x000053e4       0x20 .\CortexM3\ARM_GCC_541\Debug\Biosensor.a(PWM_S.o)
                0x000053e4                PWM_S_Enable
 .text.PWM_S_WriteCounter
                0x00005404       0x20 .\CortexM3\ARM_GCC_541\Debug\Biosensor.a(PWM_S.o)
                0x00005404                PWM_S_WriteCounter
 .text.PWM_S_WritePeriod
                0x00005424       0x20 .\CortexM3\ARM_GCC_541\Debug\Biosensor.a(PWM_S.o)
                0x00005424                PWM_S_WritePeriod
 .text.PWM_S_WriteCompare
                0x00005444       0x20 .\CortexM3\ARM_GCC_541\Debug\Biosensor.a(PWM_S.o)
                0x00005444                PWM_S_WriteCompare
 .text.isr_adc_reset_StartEx
                0x00005464       0x24 .\CortexM3\ARM_GCC_541\Debug\Biosensor.a(isr_adc_reset.o)
                0x00005464                isr_adc_reset_StartEx
 .text.isr_adc_reset_SetVector
                0x00005488       0x24 .\CortexM3\ARM_GCC_541\Debug\Biosensor.a(isr_adc_reset.o)
                0x00005488                isr_adc_reset_SetVector
 .text.isr_adc_reset_SetPriority
                0x000054ac       0x24 .\CortexM3\ARM_GCC_541\Debug\Biosensor.a(isr_adc_reset.o)
                0x000054ac                isr_adc_reset_SetPriority
 .text.isr_adc_reset_Enable
                0x000054d0       0x18 .\CortexM3\ARM_GCC_541\Debug\Biosensor.a(isr_adc_reset.o)
                0x000054d0                isr_adc_reset_Enable
 .text.isr_adc_reset_Disable
                0x000054e8       0x18 .\CortexM3\ARM_GCC_541\Debug\Biosensor.a(isr_adc_reset.o)
                0x000054e8                isr_adc_reset_Disable
 .text.USBUART_Dp_ClearInterrupt
                0x00005500       0x20 .\CortexM3\ARM_GCC_541\Debug\Biosensor.a(USBUART_Dp.o)
                0x00005500                USBUART_Dp_ClearInterrupt
 .text.ADC_DelSig_Ext_CP_Clk_SetDividerRegister
                0x00005520      0x164 .\CortexM3\ARM_GCC_541\Debug\Biosensor.a(ADC_DelSig_Ext_CP_Clk.o)
                0x00005520                ADC_DelSig_Ext_CP_Clk_SetDividerRegister
 .text.ADC_DelSig_Ext_CP_Clk_GetDividerRegister
                0x00005684       0x18 .\CortexM3\ARM_GCC_541\Debug\Biosensor.a(ADC_DelSig_Ext_CP_Clk.o)
                0x00005684                ADC_DelSig_Ext_CP_Clk_GetDividerRegister
 .text.ADC_DelSig_Ext_CP_Clk_SetModeRegister
                0x0000569c       0x34 .\CortexM3\ARM_GCC_541\Debug\Biosensor.a(ADC_DelSig_Ext_CP_Clk.o)
                0x0000569c                ADC_DelSig_Ext_CP_Clk_SetModeRegister
 .text.ADC_DelSig_Ext_CP_Clk_GetSourceRegister
                0x000056d0       0x1c .\CortexM3\ARM_GCC_541\Debug\Biosensor.a(ADC_DelSig_Ext_CP_Clk.o)
                0x000056d0                ADC_DelSig_Ext_CP_Clk_GetSourceRegister
 .text.ADC_DelSig_theACLK_SetDividerRegister
                0x000056ec      0x164 .\CortexM3\ARM_GCC_541\Debug\Biosensor.a(ADC_DelSig_theACLK.o)
                0x000056ec                ADC_DelSig_theACLK_SetDividerRegister
 .text.ADC_DelSig_theACLK_GetDividerRegister
                0x00005850       0x18 .\CortexM3\ARM_GCC_541\Debug\Biosensor.a(ADC_DelSig_theACLK.o)
                0x00005850                ADC_DelSig_theACLK_GetDividerRegister
 .text.ADC_DelSig_theACLK_SetModeRegister
                0x00005868       0x34 .\CortexM3\ARM_GCC_541\Debug\Biosensor.a(ADC_DelSig_theACLK.o)
                0x00005868                ADC_DelSig_theACLK_SetModeRegister
 .text.ADC_DelSig_theACLK_GetSourceRegister
                0x0000589c       0x1c .\CortexM3\ARM_GCC_541\Debug\Biosensor.a(ADC_DelSig_theACLK.o)
                0x0000589c                ADC_DelSig_theACLK_GetSourceRegister
 .text.CyHalt   0x000058b8       0x18 .\CortexM3\ARM_GCC_541\Debug\Biosensor.a(CyLib.o)
                0x000058b8                CyHalt
 .text.CyDelay  0x000058d0       0x44 .\CortexM3\ARM_GCC_541\Debug\Biosensor.a(CyLib.o)
                0x000058d0                CyDelay
 .text.CyDelayUs
                0x00005914       0x28 .\CortexM3\ARM_GCC_541\Debug\Biosensor.a(CyLib.o)
                0x00005914                CyDelayUs
 .text.CyIntSetVector
                0x0000593c       0x50 .\CortexM3\ARM_GCC_541\Debug\Biosensor.a(CyLib.o)
                0x0000593c                CyIntSetVector
 .text.CyIntSetPriority
                0x0000598c       0x48 .\CortexM3\ARM_GCC_541\Debug\Biosensor.a(CyLib.o)
                0x0000598c                CyIntSetPriority
 .text.CyGetUniqueId
                0x000059d4       0xc4 .\CortexM3\ARM_GCC_541\Debug\Biosensor.a(CyLib.o)
                0x000059d4                CyGetUniqueId
 .text          0x00005a98       0x20 .\CortexM3\ARM_GCC_541\Debug\Biosensor.a(CyBootAsmGnu.o)
                0x00005a98                CyDelayCycles
                0x00005aa8                CyEnterCriticalSection
                0x00005ab0                CyExitCriticalSection
 .text.USBUART_DispatchClassRqst
                0x00005ab8       0x94 .\CortexM3\ARM_GCC_541\Debug\Biosensor.a(USBUART_cls.o)
                0x00005ab8                USBUART_DispatchClassRqst
 .text.round    0x00005b4c       0xa0 c:/program files (x86)/cypress/psoc creator/4.4/psoc creator/import/gnu/arm/5.4.1/bin/../lib/gcc/arm-none-eabi/5.4.1/../../../../arm-none-eabi/lib/armv7-m\libm.a(lib_a-s_round.o)
                0x00005b4c                round
 .text.pow      0x00005bec      0x330 c:/program files (x86)/cypress/psoc creator/4.4/psoc creator/import/gnu/arm/5.4.1/bin/../lib/gcc/arm-none-eabi/5.4.1/../../../../arm-none-eabi/lib/armv7-m\libm.a(lib_a-w_pow.o)
                0x00005bec                pow
 *fill*         0x00005f1c        0x4 
 .text.__ieee754_pow
                0x00005f20      0xac4 c:/program files (x86)/cypress/psoc creator/4.4/psoc creator/import/gnu/arm/5.4.1/bin/../lib/gcc/arm-none-eabi/5.4.1/../../../../arm-none-eabi/lib/armv7-m\libm.a(lib_a-e_pow.o)
                0x00005f20                __ieee754_pow
 .text.__ieee754_sqrt
                0x000069e4      0x188 c:/program files (x86)/cypress/psoc creator/4.4/psoc creator/import/gnu/arm/5.4.1/bin/../lib/gcc/arm-none-eabi/5.4.1/../../../../arm-none-eabi/lib/armv7-m\libm.a(lib_a-e_sqrt.o)
                0x000069e4                __ieee754_sqrt
 .text.fabs     0x00006b6c        0x8 c:/program files (x86)/cypress/psoc creator/4.4/psoc creator/import/gnu/arm/5.4.1/bin/../lib/gcc/arm-none-eabi/5.4.1/../../../../arm-none-eabi/lib/armv7-m\libm.a(lib_a-s_fabs.o)
                0x00006b6c                fabs
 .text.finite   0x00006b74        0xc c:/program files (x86)/cypress/psoc creator/4.4/psoc creator/import/gnu/arm/5.4.1/bin/../lib/gcc/arm-none-eabi/5.4.1/../../../../arm-none-eabi/lib/armv7-m\libm.a(lib_a-s_finite.o)
                0x00006b74                finite
 .text.matherr  0x00006b80        0x4 c:/program files (x86)/cypress/psoc creator/4.4/psoc creator/import/gnu/arm/5.4.1/bin/../lib/gcc/arm-none-eabi/5.4.1/../../../../arm-none-eabi/lib/armv7-m\libm.a(lib_a-s_matherr.o)
                0x00006b80                matherr
 .text.nan      0x00006b84        0xc c:/program files (x86)/cypress/psoc creator/4.4/psoc creator/import/gnu/arm/5.4.1/bin/../lib/gcc/arm-none-eabi/5.4.1/../../../../arm-none-eabi/lib/armv7-m\libm.a(lib_a-s_nan.o)
                0x00006b84                nan
 .text.rint     0x00006b90      0x120 c:/program files (x86)/cypress/psoc creator/4.4/psoc creator/import/gnu/arm/5.4.1/bin/../lib/gcc/arm-none-eabi/5.4.1/../../../../arm-none-eabi/lib/armv7-m\libm.a(lib_a-s_rint.o)
                0x00006b90                rint
 .text.scalbn   0x00006cb0       0xe4 c:/program files (x86)/cypress/psoc creator/4.4/psoc creator/import/gnu/arm/5.4.1/bin/../lib/gcc/arm-none-eabi/5.4.1/../../../../arm-none-eabi/lib/armv7-m\libm.a(lib_a-s_scalbn.o)
                0x00006cb0                scalbn
 .text.copysign
                0x00006d94       0x10 c:/program files (x86)/cypress/psoc creator/4.4/psoc creator/import/gnu/arm/5.4.1/bin/../lib/gcc/arm-none-eabi/5.4.1/../../../../arm-none-eabi/lib/armv7-m\libm.a(lib_a-s_copysign.o)
                0x00006d94                copysign
 .text          0x00006da4      0x370 c:/program files (x86)/cypress/psoc creator/4.4/psoc creator/import/gnu/arm/5.4.1/bin/../lib/gcc/arm-none-eabi/5.4.1/armv7-m\libgcc.a(_arm_addsubdf3.o)
                0x00006da4                __aeabi_drsub
                0x00006dac                __aeabi_dsub
                0x00006dac                __subdf3
                0x00006db0                __aeabi_dadd
                0x00006db0                __adddf3
                0x00007028                __floatunsidf
                0x00007028                __aeabi_ui2d
                0x00007048                __floatsidf
                0x00007048                __aeabi_i2d
                0x0000706c                __aeabi_f2d
                0x0000706c                __extendsfdf2
                0x000070a8                __floatundidf
                0x000070a8                __aeabi_ul2d
                0x000070b8                __floatdidf
                0x000070b8                __aeabi_l2d
 .text          0x00007114      0x424 c:/program files (x86)/cypress/psoc creator/4.4/psoc creator/import/gnu/arm/5.4.1/bin/../lib/gcc/arm-none-eabi/5.4.1/armv7-m\libgcc.a(_arm_muldivdf3.o)
                0x00007114                __aeabi_dmul
                0x00007114                __muldf3
                0x00007368                __divdf3
                0x00007368                __aeabi_ddiv
 .text          0x00007538      0x110 c:/program files (x86)/cypress/psoc creator/4.4/psoc creator/import/gnu/arm/5.4.1/bin/../lib/gcc/arm-none-eabi/5.4.1/armv7-m\libgcc.a(_arm_cmpdf2.o)
                0x00007538                __gtdf2
                0x00007538                __gedf2
                0x00007540                __ltdf2
                0x00007540                __ledf2
                0x00007548                __nedf2
                0x00007548                __eqdf2
                0x00007548                __cmpdf2
                0x000075c4                __aeabi_cdrcmple
                0x000075d4                __aeabi_cdcmpeq
                0x000075d4                __aeabi_cdcmple
                0x000075e4                __aeabi_dcmpeq
                0x000075f8                __aeabi_dcmplt
                0x0000760c                __aeabi_dcmple
                0x00007620                __aeabi_dcmpge
                0x00007634                __aeabi_dcmpgt
 .text          0x00007648       0x2c c:/program files (x86)/cypress/psoc creator/4.4/psoc creator/import/gnu/arm/5.4.1/bin/../lib/gcc/arm-none-eabi/5.4.1/armv7-m\libgcc.a(_arm_unorddf2.o)
                0x00007648                __unorddf2
                0x00007648                __aeabi_dcmpun
 .text          0x00007674       0x50 c:/program files (x86)/cypress/psoc creator/4.4/psoc creator/import/gnu/arm/5.4.1/bin/../lib/gcc/arm-none-eabi/5.4.1/armv7-m\libgcc.a(_arm_fixdfsi.o)
                0x00007674                __aeabi_d2iz
                0x00007674                __fixdfsi
 .text          0x000076c4       0x40 c:/program files (x86)/cypress/psoc creator/4.4/psoc creator/import/gnu/arm/5.4.1/bin/../lib/gcc/arm-none-eabi/5.4.1/armv7-m\libgcc.a(_arm_fixunsdfsi.o)
                0x000076c4                __aeabi_d2uiz
                0x000076c4                __fixunsdfsi
 .text          0x00007704       0xa0 c:/program files (x86)/cypress/psoc creator/4.4/psoc creator/import/gnu/arm/5.4.1/bin/../lib/gcc/arm-none-eabi/5.4.1/armv7-m\libgcc.a(_arm_truncdfsf2.o)
                0x00007704                __truncdfsf2
                0x00007704                __aeabi_d2f
 .text          0x000077a4       0x4c c:/program files (x86)/cypress/psoc creator/4.4/psoc creator/import/gnu/arm/5.4.1/bin/../lib/gcc/arm-none-eabi/5.4.1/armv7-m\libgcc.a(_arm_fixsfsi.o)
                0x000077a4                __aeabi_f2iz
                0x000077a4                __fixsfsi
 .text.__errno  0x000077f0        0xc c:/program files (x86)/cypress/psoc creator/4.4/psoc creator/import/gnu/arm/5.4.1/bin/../lib/gcc/arm-none-eabi/5.4.1/../../../../arm-none-eabi/lib/armv7-m\libg_nano.a(lib_a-errno.o)
                0x000077f0                __errno
 .text.__libc_init_array
                0x000077fc       0x4c c:/program files (x86)/cypress/psoc creator/4.4/psoc creator/import/gnu/arm/5.4.1/bin/../lib/gcc/arm-none-eabi/5.4.1/../../../../arm-none-eabi/lib/armv7-m\libg_nano.a(lib_a-init.o)
                0x000077fc                __libc_init_array
 .text.memcpy   0x00007848       0x16 c:/program files (x86)/cypress/psoc creator/4.4/psoc creator/import/gnu/arm/5.4.1/bin/../lib/gcc/arm-none-eabi/5.4.1/../../../../arm-none-eabi/lib/armv7-m\libg_nano.a(lib_a-memcpy-stub.o)
                0x00007848                memcpy
 .text.memset   0x0000785e       0x10 c:/program files (x86)/cypress/psoc creator/4.4/psoc creator/import/gnu/arm/5.4.1/bin/../lib/gcc/arm-none-eabi/5.4.1/../../../../arm-none-eabi/lib/armv7-m\libg_nano.a(lib_a-memset.o)
                0x0000785e                memset
 .text.__cvt    0x0000786e       0xc0 c:/program files (x86)/cypress/psoc creator/4.4/psoc creator/import/gnu/arm/5.4.1/bin/../lib/gcc/arm-none-eabi/5.4.1/../../../../arm-none-eabi/lib/armv7-m\libg_nano.a(lib_a-nano-vfprintf_float.o)
                0x0000786e                __cvt
 .text.__exponent
                0x0000792e       0x62 c:/program files (x86)/cypress/psoc creator/4.4/psoc creator/import/gnu/arm/5.4.1/bin/../lib/gcc/arm-none-eabi/5.4.1/../../../../arm-none-eabi/lib/armv7-m\libg_nano.a(lib_a-nano-vfprintf_float.o)
                0x0000792e                __exponent
 .text._printf_float
                0x00007990      0x488 c:/program files (x86)/cypress/psoc creator/4.4/psoc creator/import/gnu/arm/5.4.1/bin/../lib/gcc/arm-none-eabi/5.4.1/../../../../arm-none-eabi/lib/armv7-m\libg_nano.a(lib_a-nano-vfprintf_float.o)
                0x00007990                _printf_float
 .text._printf_common
                0x00007e18       0xec c:/program files (x86)/cypress/psoc creator/4.4/psoc creator/import/gnu/arm/5.4.1/bin/../lib/gcc/arm-none-eabi/5.4.1/../../../../arm-none-eabi/lib/armv7-m\libg_nano.a(lib_a-nano-vfprintf_i.o)
                0x00007e18                _printf_common
 .text._printf_i
                0x00007f04      0x24c c:/program files (x86)/cypress/psoc creator/4.4/psoc creator/import/gnu/arm/5.4.1/bin/../lib/gcc/arm-none-eabi/5.4.1/../../../../arm-none-eabi/lib/armv7-m\libg_nano.a(lib_a-nano-vfprintf_i.o)
                0x00007f04                _printf_i
 .text.snprintf
                0x00008150       0x64 c:/program files (x86)/cypress/psoc creator/4.4/psoc creator/import/gnu/arm/5.4.1/bin/../lib/gcc/arm-none-eabi/5.4.1/../../../../arm-none-eabi/lib/armv7-m\libg_nano.a(lib_a-snprintf.o)
                0x00008150                sniprintf
                0x00008150                snprintf
 .text          0x000081b4       0x10 c:/program files (x86)/cypress/psoc creator/4.4/psoc creator/import/gnu/arm/5.4.1/bin/../lib/gcc/arm-none-eabi/5.4.1/../../../../arm-none-eabi/lib/armv7-m\libg_nano.a(lib_a-strlen.o)
                0x000081b4                strlen
 .text.quorem   0x000081c4      0x116 c:/program files (x86)/cypress/psoc creator/4.4/psoc creator/import/gnu/arm/5.4.1/bin/../lib/gcc/arm-none-eabi/5.4.1/../../../../arm-none-eabi/lib/armv7-m\libg_nano.a(lib_a-dtoa.o)
 *fill*         0x000082da        0x6 
 .text._dtoa_r  0x000082e0      0xb30 c:/program files (x86)/cypress/psoc creator/4.4/psoc creator/import/gnu/arm/5.4.1/bin/../lib/gcc/arm-none-eabi/5.4.1/../../../../arm-none-eabi/lib/armv7-m\libg_nano.a(lib_a-dtoa.o)
                0x000082e0                _dtoa_r
 .text._localeconv_r
                0x00008e10        0x8 c:/program files (x86)/cypress/psoc creator/4.4/psoc creator/import/gnu/arm/5.4.1/bin/../lib/gcc/arm-none-eabi/5.4.1/../../../../arm-none-eabi/lib/armv7-m\libg_nano.a(lib_a-locale.o)
                0x00008e10                _localeconv_r
 .text.malloc   0x00008e18       0x10 c:/program files (x86)/cypress/psoc creator/4.4/psoc creator/import/gnu/arm/5.4.1/bin/../lib/gcc/arm-none-eabi/5.4.1/../../../../arm-none-eabi/lib/armv7-m\libg_nano.a(lib_a-malloc.o)
                0x00008e18                malloc
 .text.memchr   0x00008e28       0x1c c:/program files (x86)/cypress/psoc creator/4.4/psoc creator/import/gnu/arm/5.4.1/bin/../lib/gcc/arm-none-eabi/5.4.1/../../../../arm-none-eabi/lib/armv7-m\libg_nano.a(lib_a-memchr-stub.o)
                0x00008e28                memchr
 .text._Balloc  0x00008e44       0x6a c:/program files (x86)/cypress/psoc creator/4.4/psoc creator/import/gnu/arm/5.4.1/bin/../lib/gcc/arm-none-eabi/5.4.1/../../../../arm-none-eabi/lib/armv7-m\libg_nano.a(lib_a-mprec.o)
                0x00008e44                _Balloc
 .text._Bfree   0x00008eae       0x2e c:/program files (x86)/cypress/psoc creator/4.4/psoc creator/import/gnu/arm/5.4.1/bin/../lib/gcc/arm-none-eabi/5.4.1/../../../../arm-none-eabi/lib/armv7-m\libg_nano.a(lib_a-mprec.o)
                0x00008eae                _Bfree
 .text.__multadd
                0x00008edc       0x76 c:/program files (x86)/cypress/psoc creator/4.4/psoc creator/import/gnu/arm/5.4.1/bin/../lib/gcc/arm-none-eabi/5.4.1/../../../../arm-none-eabi/lib/armv7-m\libg_nano.a(lib_a-mprec.o)
                0x00008edc                __multadd
 .text.__hi0bits
                0x00008f52       0x40 c:/program files (x86)/cypress/psoc creator/4.4/psoc creator/import/gnu/arm/5.4.1/bin/../lib/gcc/arm-none-eabi/5.4.1/../../../../arm-none-eabi/lib/armv7-m\libg_nano.a(lib_a-mprec.o)
                0x00008f52                __hi0bits
 .text.__lo0bits
                0x00008f92       0x5a c:/program files (x86)/cypress/psoc creator/4.4/psoc creator/import/gnu/arm/5.4.1/bin/../lib/gcc/arm-none-eabi/5.4.1/../../../../arm-none-eabi/lib/armv7-m\libg_nano.a(lib_a-mprec.o)
                0x00008f92                __lo0bits
 .text.__i2b    0x00008fec       0x12 c:/program files (x86)/cypress/psoc creator/4.4/psoc creator/import/gnu/arm/5.4.1/bin/../lib/gcc/arm-none-eabi/5.4.1/../../../../arm-none-eabi/lib/armv7-m\libg_nano.a(lib_a-mprec.o)
                0x00008fec                __i2b
 .text.__multiply
                0x00008ffe      0x120 c:/program files (x86)/cypress/psoc creator/4.4/psoc creator/import/gnu/arm/5.4.1/bin/../lib/gcc/arm-none-eabi/5.4.1/../../../../arm-none-eabi/lib/armv7-m\libg_nano.a(lib_a-mprec.o)
                0x00008ffe                __multiply
 *fill*         0x0000911e        0x2 
 .text.__pow5mult
                0x00009120       0x9c c:/program files (x86)/cypress/psoc creator/4.4/psoc creator/import/gnu/arm/5.4.1/bin/../lib/gcc/arm-none-eabi/5.4.1/../../../../arm-none-eabi/lib/armv7-m\libg_nano.a(lib_a-mprec.o)
                0x00009120                __pow5mult
 .text.__lshift
                0x000091bc       0xa2 c:/program files (x86)/cypress/psoc creator/4.4/psoc creator/import/gnu/arm/5.4.1/bin/../lib/gcc/arm-none-eabi/5.4.1/../../../../arm-none-eabi/lib/armv7-m\libg_nano.a(lib_a-mprec.o)
                0x000091bc                __lshift
 .text.__mcmp   0x0000925e       0x38 c:/program files (x86)/cypress/psoc creator/4.4/psoc creator/import/gnu/arm/5.4.1/bin/../lib/gcc/arm-none-eabi/5.4.1/../../../../arm-none-eabi/lib/armv7-m\libg_nano.a(lib_a-mprec.o)
                0x0000925e                __mcmp
 .text.__mdiff  0x00009296       0xbe c:/program files (x86)/cypress/psoc creator/4.4/psoc creator/import/gnu/arm/5.4.1/bin/../lib/gcc/arm-none-eabi/5.4.1/../../../../arm-none-eabi/lib/armv7-m\libg_nano.a(lib_a-mprec.o)
                0x00009296                __mdiff
 .text.__d2b    0x00009354       0x9c c:/program files (x86)/cypress/psoc creator/4.4/psoc creator/import/gnu/arm/5.4.1/bin/../lib/gcc/arm-none-eabi/5.4.1/../../../../arm-none-eabi/lib/armv7-m\libg_nano.a(lib_a-mprec.o)
                0x00009354                __d2b
 .text._calloc_r
                0x000093f0       0x1c c:/program files (x86)/cypress/psoc creator/4.4/psoc creator/import/gnu/arm/5.4.1/bin/../lib/gcc/arm-none-eabi/5.4.1/../../../../arm-none-eabi/lib/armv7-m\libg_nano.a(lib_a-nano-callocr.o)
                0x000093f0                _calloc_r
 .text._free_r  0x0000940c       0x98 c:/program files (x86)/cypress/psoc creator/4.4/psoc creator/import/gnu/arm/5.4.1/bin/../lib/gcc/arm-none-eabi/5.4.1/../../../../arm-none-eabi/lib/armv7-m\libg_nano.a(lib_a-nano-freer.o)
                0x0000940c                _free_r
 .text._malloc_r
                0x000094a4       0xbc c:/program files (x86)/cypress/psoc creator/4.4/psoc creator/import/gnu/arm/5.4.1/bin/../lib/gcc/arm-none-eabi/5.4.1/../../../../arm-none-eabi/lib/armv7-m\libg_nano.a(lib_a-nano-mallocr.o)
                0x000094a4                _malloc_r
 .text.__ssputs_r
                0x00009560       0xb2 c:/program files (x86)/cypress/psoc creator/4.4/psoc creator/import/gnu/arm/5.4.1/bin/../lib/gcc/arm-none-eabi/5.4.1/../../../../arm-none-eabi/lib/armv7-m\libg_nano.a(lib_a-nano-svfprintf.o)
                0x00009560                __ssputs_r
 *fill*         0x00009612        0x2 
 .text._svfprintf_r
                0x00009614      0x1e8 c:/program files (x86)/cypress/psoc creator/4.4/psoc creator/import/gnu/arm/5.4.1/bin/../lib/gcc/arm-none-eabi/5.4.1/../../../../arm-none-eabi/lib/armv7-m\libg_nano.a(lib_a-nano-svfprintf.o)
                0x00009614                _svfiprintf_r
                0x00009614                _svfprintf_r
 .text._sbrk_r  0x000097fc       0x20 c:/program files (x86)/cypress/psoc creator/4.4/psoc creator/import/gnu/arm/5.4.1/bin/../lib/gcc/arm-none-eabi/5.4.1/../../../../arm-none-eabi/lib/armv7-m\libg_nano.a(lib_a-sbrkr.o)
                0x000097fc                _sbrk_r
 .text.memmove  0x0000981c       0x36 c:/program files (x86)/cypress/psoc creator/4.4/psoc creator/import/gnu/arm/5.4.1/bin/../lib/gcc/arm-none-eabi/5.4.1/../../../../arm-none-eabi/lib/armv7-m\libg_nano.a(lib_a-memmove.o)
                0x0000981c                memmove
 .text.__malloc_lock
                0x00009852        0x2 c:/program files (x86)/cypress/psoc creator/4.4/psoc creator/import/gnu/arm/5.4.1/bin/../lib/gcc/arm-none-eabi/5.4.1/../../../../arm-none-eabi/lib/armv7-m\libg_nano.a(lib_a-mlock.o)
                0x00009852                __malloc_lock
 .text.__malloc_unlock
                0x00009854        0x2 c:/program files (x86)/cypress/psoc creator/4.4/psoc creator/import/gnu/arm/5.4.1/bin/../lib/gcc/arm-none-eabi/5.4.1/../../../../arm-none-eabi/lib/armv7-m\libg_nano.a(lib_a-mlock.o)
                0x00009854                __malloc_unlock
 .text._realloc_r
                0x00009856       0x4c c:/program files (x86)/cypress/psoc creator/4.4/psoc creator/import/gnu/arm/5.4.1/bin/../lib/gcc/arm-none-eabi/5.4.1/../../../../arm-none-eabi/lib/armv7-m\libg_nano.a(lib_a-nano-reallocr.o)
                0x00009856                _realloc_r
 .text._malloc_usable_size_r
                0x000098a2       0x14 c:/program files (x86)/cypress/psoc creator/4.4/psoc creator/import/gnu/arm/5.4.1/bin/../lib/gcc/arm-none-eabi/5.4.1/../../../../arm-none-eabi/lib/armv7-m\libg_nano.a(lib_a-nano-msizer.o)
                0x000098a2                _malloc_usable_size_r
 *(.plt)
 *(.gnu.warning)
 *(.glue_7t)
 .glue_7t       0x000098b6        0x0 linker stubs
 *(.glue_7)
 .glue_7        0x000098b6        0x0 linker stubs
 *(.vfp11_veneer)
 .vfp11_veneer  0x000098b6        0x0 linker stubs
 *(.bootloader)
 *(.ARM.extab* .gnu.linkonce.armextab.*)
 *(.gcc_except_table)

.v4_bx          0x000098b8        0x0
 .v4_bx         0x000098b8        0x0 linker stubs

.iplt           0x000098b8        0x0
 .iplt          0x000098b8        0x0 c:/program files (x86)/cypress/psoc creator/4.4/psoc creator/import/gnu/arm/5.4.1/bin/../lib/gcc/arm-none-eabi/5.4.1/armv7-m/crtbegin.o

.eh_frame_hdr
 *(.eh_frame_hdr)

.eh_frame       0x000098b8        0x4
 *(.eh_frame)
 .eh_frame      0x000098b8        0x0 c:/program files (x86)/cypress/psoc creator/4.4/psoc creator/import/gnu/arm/5.4.1/bin/../lib/gcc/arm-none-eabi/5.4.1/armv7-m/crtbegin.o
 .eh_frame      0x000098b8        0x4 c:/program files (x86)/cypress/psoc creator/4.4/psoc creator/import/gnu/arm/5.4.1/bin/../lib/gcc/arm-none-eabi/5.4.1/armv7-m/crtend.o
                [!provide]                PROVIDE (__exidx_start, .)

.ARM.exidx
 *(.ARM.exidx* .gnu.linkonce.armexidx.*)
                0x000098bc                __exidx_end = .

.rodata         0x000098c0      0x680
 *(.rodata .rodata.* .gnu.linkonce.r.*)
 .rodata        0x000098c0       0x3d .\CortexM3\ARM_GCC_541\Debug\dac.o
 *fill*         0x000098fd        0x3 
 .rodata        0x00009900       0xa8 .\CortexM3\ARM_GCC_541\Debug\user_selections.o
 .rodata        0x000099a8       0x37 .\CortexM3\ARM_GCC_541\Debug\main.o
 *fill*         0x000099df        0x1 
 .rodata        0x000099e0      0x1c4 .\CortexM3\ARM_GCC_541\Debug\cyfitter_cfg.o
                0x000099f8                AMux_electrode__addrTable
                0x00009a00                AMux_electrode__maskTable
 .rodata        0x00009ba4        0x2 .\CortexM3\ARM_GCC_541\Debug\Biosensor.a(USBUART_cdc.o)
 *fill*         0x00009ba6        0x2 
 .rodata        0x00009ba8       0x11 .\CortexM3\ARM_GCC_541\Debug\Biosensor.a(USBUART_std.o)
 *fill*         0x00009bb9        0x3 
 .rodata        0x00009bbc      0x1d4 .\CortexM3\ARM_GCC_541\Debug\Biosensor.a(USBUART_descr.o)
                0x00009bbc                USBUART_DEVICE0_DESCR
                0x00009bd0                USBUART_DEVICE0_CONFIGURATION0_DESCR
                0x00009c14                USBUART_STRING_DESCRIPTORS
                0x00009cb4                USBUART_SN_STRING_DESCRIPTOR
                0x00009cb8                USBUART_HIDREPORT_DESCRIPTOR1
                0x00009cf0                USBUART_DEVICE0_CONFIGURATION0_EP_SETTINGS_TABLE
                0x00009d08                USBUART_DEVICE0_CONFIGURATION0_INTERFACE_CLASS
                0x00009d0c                USBUART_DEVICE0_CONFIGURATION0_TABLE
                0x00009d34                USBUART_DEVICE0_TABLE
                0x00009d4c                USBUART_TABLE
                0x00009d54                USBUART_MSOS_DESCRIPTOR
                0x00009d68                USBUART_MSOS_CONFIGURATION_DESCR
 .rodata.str1.4
                0x00009d90        0x4 c:/program files (x86)/cypress/psoc creator/4.4/psoc creator/import/gnu/arm/5.4.1/bin/../lib/gcc/arm-none-eabi/5.4.1/../../../../arm-none-eabi/lib/armv7-m\libm.a(lib_a-w_pow.o)
 .rodata.str1.4
                0x00009d94        0x4 c:/program files (x86)/cypress/psoc creator/4.4/psoc creator/import/gnu/arm/5.4.1/bin/../lib/gcc/arm-none-eabi/5.4.1/../../../../arm-none-eabi/lib/armv7-m\libm.a(lib_a-e_pow.o)
                                  0x1 (size before relaxing)
 .rodata.TWO52  0x00009d98       0x10 c:/program files (x86)/cypress/psoc creator/4.4/psoc creator/import/gnu/arm/5.4.1/bin/../lib/gcc/arm-none-eabi/5.4.1/../../../../arm-none-eabi/lib/armv7-m\libm.a(lib_a-s_rint.o)
 .rodata.str1.1
                0x00009da8        0x2 c:/program files (x86)/cypress/psoc creator/4.4/psoc creator/import/gnu/arm/5.4.1/bin/../lib/gcc/arm-none-eabi/5.4.1/../../../../arm-none-eabi/lib/armv7-m\libg_nano.a(lib_a-impure.o)
 .rodata.str1.1
                0x00009daa       0x12 c:/program files (x86)/cypress/psoc creator/4.4/psoc creator/import/gnu/arm/5.4.1/bin/../lib/gcc/arm-none-eabi/5.4.1/../../../../arm-none-eabi/lib/armv7-m\libg_nano.a(lib_a-nano-vfprintf_float.o)
 .rodata.str1.1
                0x00009dbc       0x22 c:/program files (x86)/cypress/psoc creator/4.4/psoc creator/import/gnu/arm/5.4.1/bin/../lib/gcc/arm-none-eabi/5.4.1/../../../../arm-none-eabi/lib/armv7-m\libg_nano.a(lib_a-nano-vfprintf_i.o)
 .rodata.str1.1
                0x00009dde        0xd c:/program files (x86)/cypress/psoc creator/4.4/psoc creator/import/gnu/arm/5.4.1/bin/../lib/gcc/arm-none-eabi/5.4.1/../../../../arm-none-eabi/lib/armv7-m\libg_nano.a(lib_a-dtoa.o)
                                  0xf (size before relaxing)
 .rodata.str1.1
                0x00009deb        0x8 c:/program files (x86)/cypress/psoc creator/4.4/psoc creator/import/gnu/arm/5.4.1/bin/../lib/gcc/arm-none-eabi/5.4.1/../../../../arm-none-eabi/lib/armv7-m\libg_nano.a(lib_a-locale.o)
                                  0xb (size before relaxing)
 *fill*         0x00009df3        0x5 
 .rodata.__mprec_tens
                0x00009df8       0xc8 c:/program files (x86)/cypress/psoc creator/4.4/psoc creator/import/gnu/arm/5.4.1/bin/../lib/gcc/arm-none-eabi/5.4.1/../../../../arm-none-eabi/lib/armv7-m\libg_nano.a(lib_a-mprec.o)
                0x00009df8                __mprec_tens
 .rodata.p05.5408
                0x00009ec0        0xc c:/program files (x86)/cypress/psoc creator/4.4/psoc creator/import/gnu/arm/5.4.1/bin/../lib/gcc/arm-none-eabi/5.4.1/../../../../arm-none-eabi/lib/armv7-m\libg_nano.a(lib_a-mprec.o)
 *fill*         0x00009ecc        0x4 
 .rodata.__mprec_bigtens
                0x00009ed0       0x28 c:/program files (x86)/cypress/psoc creator/4.4/psoc creator/import/gnu/arm/5.4.1/bin/../lib/gcc/arm-none-eabi/5.4.1/../../../../arm-none-eabi/lib/armv7-m\libg_nano.a(lib_a-mprec.o)
                0x00009ed0                __mprec_bigtens
 .rodata.str1.1
                0x00009ef8       0x11 c:/program files (x86)/cypress/psoc creator/4.4/psoc creator/import/gnu/arm/5.4.1/bin/../lib/gcc/arm-none-eabi/5.4.1/../../../../arm-none-eabi/lib/armv7-m\libg_nano.a(lib_a-nano-svfprintf.o)
                0x00009f0c                . = ALIGN (0x4)
 *fill*         0x00009f09        0x3 
 *(.init)
 .init          0x00009f0c        0x4 c:/program files (x86)/cypress/psoc creator/4.4/psoc creator/import/gnu/arm/5.4.1/bin/../lib/gcc/arm-none-eabi/5.4.1/armv7-m/crti.o
                0x00009f0c                _init
 .init          0x00009f10        0x8 c:/program files (x86)/cypress/psoc creator/4.4/psoc creator/import/gnu/arm/5.4.1/bin/../lib/gcc/arm-none-eabi/5.4.1/armv7-m/crtn.o
                0x00009f18                . = ALIGN (0x4)
                0x00009f18                __preinit_array_start = .
 *(.preinit_array)
                0x00009f18                __preinit_array_end = .
                0x00009f18                . = ALIGN (0x4)
                0x00009f18                __init_array_start = .
 *(SORT(.init_array.*))
 *(.init_array)
 .init_array    0x00009f18        0x4 c:/program files (x86)/cypress/psoc creator/4.4/psoc creator/import/gnu/arm/5.4.1/bin/../lib/gcc/arm-none-eabi/5.4.1/armv7-m/crtbegin.o
 .init_array    0x00009f1c        0x4 .\CortexM3\ARM_GCC_541\Debug\Cm3Start.o
                0x00009f20                __init_array_end = .
                0x00009f20                . = ALIGN (0x4)
 *(.fini)
 .fini          0x00009f20        0x4 c:/program files (x86)/cypress/psoc creator/4.4/psoc creator/import/gnu/arm/5.4.1/bin/../lib/gcc/arm-none-eabi/5.4.1/armv7-m/crti.o
                0x00009f20                _fini
 .fini          0x00009f24        0x8 c:/program files (x86)/cypress/psoc creator/4.4/psoc creator/import/gnu/arm/5.4.1/bin/../lib/gcc/arm-none-eabi/5.4.1/armv7-m/crtn.o
                0x00009f2c                . = ALIGN (0x4)
                0x00009f2c                __fini_array_start = .
 *(.fini_array)
 .fini_array    0x00009f2c        0x4 c:/program files (x86)/cypress/psoc creator/4.4/psoc creator/import/gnu/arm/5.4.1/bin/../lib/gcc/arm-none-eabi/5.4.1/armv7-m/crtbegin.o
 *(SORT(.fini_array.*))
                0x00009f30                __fini_array_end = .
                0x00009f30                . = ALIGN (0x4)
 *crtbegin.o(.ctors)
 *(EXCLUDE_FILE(*crtend.o) .ctors)
 *(SORT(.ctors.*))
 *crtend.o(.ctors)
                0x00009f30                . = ALIGN (0x4)
 *crtbegin.o(.dtors)
 *(EXCLUDE_FILE(*crtend.o) .dtors)
 *(SORT(.dtors.*))
 *crtend.o(.dtors)
                0x00009f30                . = ALIGN (0x4)
                0x00009f30                __cy_regions = .
                0x00009f30        0x4 LONG 0x9f40 __cy_region_init_ram
                0x00009f34        0x4 LONG 0x1fff80c8 __cy_region_start_data
                0x00009f38        0x4 LONG 0xf8 __cy_region_init_size_ram
                0x00009f3c        0x4 LONG 0x268 __cy_region_zero_size_ram
                0x00009f40                __cy_regions_end = .
                0x00009f40                . = ALIGN (0x8)
                0x00009f40                _etext = .

.cy_checksum_exclude
                0x00009f40        0x0
 *(.cy_checksum_exclude)

.ramvectors     0x1fff8000       0xc0
                0x1fff8000                __cy_region_start_ram = .
 *(.ramvectors)
 .ramvectors    0x1fff8000       0xc0 .\CortexM3\ARM_GCC_541\Debug\Cm3Start.o
                0x1fff8000                CyRamVectors

.noinit         0x1fff80c0        0x5
 *(.noinit)
 .noinit        0x1fff80c0        0x4 .\CortexM3\ARM_GCC_541\Debug\Cm3Start.o
 .noinit        0x1fff80c4        0x1 .\CortexM3\ARM_GCC_541\Debug\Biosensor.a(CyLib.o)
                0x1fff80c4                CyResetStatus

.data           0x1fff80c8       0xf8 load address 0x00009f40
                0x1fff80c8                __cy_region_start_data = .
 *(.jcr)
 .jcr           0x1fff80c8        0x0 c:/program files (x86)/cypress/psoc creator/4.4/psoc creator/import/gnu/arm/5.4.1/bin/../lib/gcc/arm-none-eabi/5.4.1/armv7-m/crtbegin.o
 .jcr           0x1fff80c8        0x4 c:/program files (x86)/cypress/psoc creator/4.4/psoc creator/import/gnu/arm/5.4.1/bin/../lib/gcc/arm-none-eabi/5.4.1/armv7-m/crtend.o
 *(.got.plt)
 *(.got)
 *(.shdata)
 *(.data .data.* .gnu.linkonce.d.*)
 .data          0x1fff80cc       0x20 .\CortexM3\ARM_GCC_541\Debug\calibrate.o
                0x1fff80cc                calibrate_TIA_resistor_list
 .data          0x1fff80ec        0x4 .\CortexM3\ARM_GCC_541\Debug\Cm3Start.o
 .data          0x1fff80f0        0x1 .\CortexM3\ARM_GCC_541\Debug\Biosensor.a(AMux_TIA_input.o)
 *fill*         0x1fff80f1        0x3 
 .data          0x1fff80f4       0x1a .\CortexM3\ARM_GCC_541\Debug\Biosensor.a(USBUART_cdc.o)
                0x1fff80f4                USBUART_linesCoding
 .data          0x1fff810e        0x1 .\CortexM3\ARM_GCC_541\Debug\Biosensor.a(AMux_electrode.o)
 .data          0x1fff810f        0x1 .\CortexM3\ARM_GCC_541\Debug\Biosensor.a(ADC_DelSig.o)
                0x1fff810f                ADC_DelSig_Config
 .data          0x1fff8110       0x10 .\CortexM3\ARM_GCC_541\Debug\Biosensor.a(CyLib.o)
                0x1fff8110                cydelay_freq_hz
                0x1fff8114                cydelay_freq_khz
                0x1fff8118                cydelay_freq_mhz
                0x1fff811c                cydelay_32k_ms
 .data.__fdlib_version
                0x1fff8120        0x1 c:/program files (x86)/cypress/psoc creator/4.4/psoc creator/import/gnu/arm/5.4.1/bin/../lib/gcc/arm-none-eabi/5.4.1/../../../../arm-none-eabi/lib/armv7-m\libm.a(lib_a-s_lib_ver.o)
                0x1fff8120                __fdlib_version
 *fill*         0x1fff8121        0x3 
 .data.impure_data
                0x1fff8124       0x60 c:/program files (x86)/cypress/psoc creator/4.4/psoc creator/import/gnu/arm/5.4.1/bin/../lib/gcc/arm-none-eabi/5.4.1/../../../../arm-none-eabi/lib/armv7-m\libg_nano.a(lib_a-impure.o)
 .data._impure_ptr
                0x1fff8184        0x4 c:/program files (x86)/cypress/psoc creator/4.4/psoc creator/import/gnu/arm/5.4.1/bin/../lib/gcc/arm-none-eabi/5.4.1/../../../../arm-none-eabi/lib/armv7-m\libg_nano.a(lib_a-impure.o)
                0x1fff8184                _impure_ptr
 .data.lconv    0x1fff8188       0x38 c:/program files (x86)/cypress/psoc creator/4.4/psoc creator/import/gnu/arm/5.4.1/bin/../lib/gcc/arm-none-eabi/5.4.1/../../../../arm-none-eabi/lib/armv7-m\libg_nano.a(lib_a-locale.o)
                0x1fff81c0                . = ALIGN (0x8)
 *(.ram)
                0x1fff81c0                _edata = .

.igot.plt       0x1fff81c0        0x0 load address 0x0000a038
 .igot.plt      0x1fff81c0        0x0 c:/program files (x86)/cypress/psoc creator/4.4/psoc creator/import/gnu/arm/5.4.1/bin/../lib/gcc/arm-none-eabi/5.4.1/armv7-m/crtbegin.o

.bss            0x1fff81c0      0x268 load address 0x0000a038
                0x1fff81c0                PROVIDE (__bss_start__, .)
 *(.shbss)
 *(.bss .bss.* .gnu.linkonce.b.*)
 .bss           0x1fff81c0       0x1c c:/program files (x86)/cypress/psoc creator/4.4/psoc creator/import/gnu/arm/5.4.1/bin/../lib/gcc/arm-none-eabi/5.4.1/armv7-m/crtbegin.o
 .bss           0x1fff81dc        0x5 .\CortexM3\ARM_GCC_541\Debug\cyfitter_cfg.o
 *fill*         0x1fff81e1        0x3 
 .bss           0x1fff81e4        0x2 .\CortexM3\ARM_GCC_541\Debug\Biosensor.a(VDAC_TIA_PM.o)
 *fill*         0x1fff81e6        0x2 
 .bss           0x1fff81e8        0x4 .\CortexM3\ARM_GCC_541\Debug\Biosensor.a(TIA_PM.o)
 .bss           0x1fff81ec        0x1 .\CortexM3\ARM_GCC_541\Debug\Biosensor.a(USBUART.o)
                0x1fff81ec                USBUART_initVar
 .bss           0x1fff81ed        0x1 .\CortexM3\ARM_GCC_541\Debug\Biosensor.a(USBUART_cdc.o)
 *fill*         0x1fff81ee        0x2 
 .bss           0x1fff81f0        0x2 .\CortexM3\ARM_GCC_541\Debug\Biosensor.a(USBUART_std.o)
 .bss           0x1fff81f2        0x1 .\CortexM3\ARM_GCC_541\Debug\Biosensor.a(IDAC_calibrate.o)
                0x1fff81f2                IDAC_calibrate_initVar
 *fill*         0x1fff81f3        0x1 
 .bss           0x1fff81f4        0x2 .\CortexM3\ARM_GCC_541\Debug\Biosensor.a(VDAC_Poise_PM.o)
 *fill*         0x1fff81f6        0x2 
 .bss           0x1fff81f8        0x1 .\CortexM3\ARM_GCC_541\Debug\Biosensor.a(Opamp_Aux_PM.o)
 .bss           0x1fff81f9        0x2 .\CortexM3\ARM_GCC_541\Debug\Biosensor.a(LCD.o)
                0x1fff81f9                LCD_enableState
                0x1fff81fa                LCD_initVar
 *fill*         0x1fff81fb        0x1 
 .bss           0x1fff81fc       0x14 .\CortexM3\ARM_GCC_541\Debug\Biosensor.a(ADC_DelSig.o)
                0x1fff81fc                ADC_DelSig_convDone
                0x1fff81fd                ADC_DelSig_stopConversion
                0x1fff81fe                ADC_DelSig_initVar
                0x1fff81ff                ADC_DelSig_started
                0x1fff8200                ADC_DelSig_Offset
 .bss.__malloc_sbrk_start
                0x1fff8210        0x4 c:/program files (x86)/cypress/psoc creator/4.4/psoc creator/import/gnu/arm/5.4.1/bin/../lib/gcc/arm-none-eabi/5.4.1/../../../../arm-none-eabi/lib/armv7-m\libg_nano.a(lib_a-nano-mallocr.o)
                0x1fff8210                __malloc_sbrk_start
 .bss.__malloc_free_list
                0x1fff8214        0x4 c:/program files (x86)/cypress/psoc creator/4.4/psoc creator/import/gnu/arm/5.4.1/bin/../lib/gcc/arm-none-eabi/5.4.1/../../../../arm-none-eabi/lib/armv7-m\libg_nano.a(lib_a-nano-mallocr.o)
                0x1fff8214                __malloc_free_list
 *(COMMON)
 COMMON         0x1fff8218       0x58 .\CortexM3\ARM_GCC_541\Debug\calibrate.o
                0x1fff8218                TIA_resistor_value_index
                0x1fff821c                buffer
                0x1fff825c                calibrate_array
 COMMON         0x1fff8270       0xc9 .\CortexM3\ARM_GCC_541\Debug\main.o
                0x1fff8270                TX_Data
                0x1fff82b0                ADC_buffer_index
                0x1fff82b1                conversionCount
                0x1fff82b2                voltage
                0x1fff82b4                RX_Data
                0x1fff82f8                current
                0x1fff8300                ADC_config
                0x1fff8304                LCD_str_bot
                0x1fff8314                signedValue
                0x1fff8318                LCD_str_top
                0x1fff8328                adcValue
                0x1fff832c                dataReady
                0x1fff8330                measureADC
                0x1fff8338                dac_Volts
 *fill*         0x1fff8339        0x3 
 COMMON         0x1fff833c       0x18 .\CortexM3\ARM_GCC_541\Debug\Biosensor.a(USBUART_cdc.o)
                0x1fff833c                USBUART_linesChanged
                0x1fff8340                USBUART_cdcDataInEp
                0x1fff8344                USBUART_cdcCommInInterruptEp
                0x1fff8348                USBUART_cdcDataOutEp
                0x1fff834c                USBUART_serialStateBitmap
                0x1fff8350                USBUART_linesControlBitmap
 COMMON         0x1fff8354       0x9a .\CortexM3\ARM_GCC_541\Debug\Biosensor.a(USBUART_drv.o)
                0x1fff8354                USBUART_lastPacketSize
                0x1fff8355                USBUART_device
                0x1fff8356                USBUART_transferByteCount
                0x1fff8358                USBUART_transferState
                0x1fff835c                USBUART_interfaceSettingLast
                0x1fff8360                USBUART_currentTD
                0x1fff836c                USBUART_interfaceNumber
                0x1fff8370                USBUART_interfaceClass
                0x1fff8374                USBUART_configurationChanged
                0x1fff8375                USBUART_ep0Mode
                0x1fff8376                USBUART_deviceAddress
                0x1fff8377                USBUART_configuration
                0x1fff8378                USBUART_ep0Count
                0x1fff8379                USBUART_deviceStatus
                0x1fff837c                USBUART_EP
                0x1fff83e8                USBUART_interfaceSetting
                0x1fff83ea                USBUART_ep0Toggle
                0x1fff83ec                USBUART_interfaceStatus
 *fill*         0x1fff83ee        0x2 
 COMMON         0x1fff83f0        0xa .\CortexM3\ARM_GCC_541\Debug\Biosensor.a(USBUART_hid.o)
                0x1fff83f0                USBUART_hidProtocol
                0x1fff83f4                USBUART_hidIdleTimer
                0x1fff83f8                USBUART_hidIdleRate
 *fill*         0x1fff83fa        0x2 
 COMMON         0x1fff83fc        0x4 .\CortexM3\ARM_GCC_541\Debug\Biosensor.a(ADC_DelSig.o)
                0x1fff83fc                ADC_DelSig_CountsPerVolt
 COMMON         0x1fff8400       0x22 .\CortexM3\ARM_GCC_541\Debug\Biosensor.a(USBUART_descr.o)
                0x1fff8400                USBUART_idSerialNumberStringDescriptor
 *fill*         0x1fff8422        0x2 
 COMMON         0x1fff8424        0x4 c:/program files (x86)/cypress/psoc creator/4.4/psoc creator/import/gnu/arm/5.4.1/bin/../lib/gcc/arm-none-eabi/5.4.1/../../../../arm-none-eabi/lib/armv7-m\libg_nano.a(lib_a-reent.o)
                0x1fff8424                errno
                0x1fff8428                . = ALIGN (0x8)
 *(.ram.b)
                0x1fff8428                _end = .
                0x1fff8428                __end = .
                0x1fff8428                PROVIDE (end, .)
                0x1fff8428                PROVIDE (__bss_end__, .)
                0x00009f40                __cy_region_init_ram = LOADADDR (.data)
                0x000000f8                __cy_region_init_size_ram = (_edata - ADDR (.data))
                0x00000268                __cy_region_zero_size_ram = (_end - _edata)

.heap           0x1fff8428       0x80 load address 0x0000a038
                0x1fff8428                . = _end
                0x1fff84a8                . = (. + 0x80)
 *fill*         0x1fff8428       0x80 
                0x1fff84a8                __cy_heap_limit = .

.stack          0x20007800      0x800
                0x20007800                __cy_stack_limit = .
                0x20008000                . = (. + 0x800)
 *fill*         0x20007800      0x800 
                0x00000001                ASSERT ((__cy_stack_limit >= __cy_heap_limit), region RAM overflowed with stack)
                0x00000000                cy_checksum_exclude_size = (CY_APPL_LOADABLE == 0x1)?SIZEOF (.cy_checksum_exclude):0x0
                0x00000001                ASSERT ((cy_checksum_exclude_size <= CY_CHECKSUM_EXCLUDE_SIZE), CY_BOOT: Section .cy_checksum_exclude size exceedes specified limit.)

.cyloadermeta
 *(.cyloadermeta)

.cyloadablemeta
 *(.cyloadablemeta)

.cyconfigecc    0x80000000      0xde0
 *(.cyconfigecc)
 .cyconfigecc   0x80000000      0xde0 .\CortexM3\ARM_GCC_541\Debug\cymetadata.o
                0x80000000                cy_meta_configecc

.cycustnvl      0x90000000        0x4
 *(.cycustnvl)
 .cycustnvl     0x90000000        0x4 .\CortexM3\ARM_GCC_541\Debug\cymetadata.o
                0x90000000                cy_meta_custnvl

.cywolatch      0x90100000        0x4
 *(.cywolatch)
 .cywolatch     0x90100000        0x4 .\CortexM3\ARM_GCC_541\Debug\cymetadata.o
                0x90100000                cy_meta_wonvl

.cyeeprom       0x90200000        0x0
 *(.cyeeprom)
                0x00000001                ASSERT ((. <= ((0x90200000 + ee_offset) + ee_size)), .cyeeprom data will not fit in EEPROM)

.cyflashprotect
                0x90400000      0x100
 *(.cyflashprotect)
 .cyflashprotect
                0x90400000      0x100 .\CortexM3\ARM_GCC_541\Debug\cymetadata.o
                0x90400000                cy_meta_flashprotect

.cymeta         0x90500000        0xc
 *(.cymeta)
 .cymeta        0x90500000        0xc .\CortexM3\ARM_GCC_541\Debug\cymetadata.o
                0x90500000                cy_metadata

.rel.dyn        0x0000a038        0x0 load address 0x9050000c
 .rel.iplt      0x0000a038        0x0 c:/program files (x86)/cypress/psoc creator/4.4/psoc creator/import/gnu/arm/5.4.1/bin/../lib/gcc/arm-none-eabi/5.4.1/armv7-m/crtbegin.o

.stab
 *(.stab)

.stabstr
 *(.stabstr)

.debug
 *(.debug)

.line
 *(.line)

.debug_srcinfo
 *(.debug_srcinfo)

.debug_sfnames
 *(.debug_sfnames)

.debug_aranges  0x00000000     0x1360
 *(.debug_aranges)
 .debug_aranges
                0x00000000       0x38 .\CortexM3\ARM_GCC_541\Debug\calibrate.o
 .debug_aranges
                0x00000038       0x28 .\CortexM3\ARM_GCC_541\Debug\dac.o
 .debug_aranges
                0x00000060       0x20 .\CortexM3\ARM_GCC_541\Debug\usb_protocols.o
 .debug_aranges
                0x00000080       0x48 .\CortexM3\ARM_GCC_541\Debug\user_selections.o
 .debug_aranges
                0x000000c8       0x30 .\CortexM3\ARM_GCC_541\Debug\main.o
 .debug_aranges
                0x000000f8       0x20 .\CortexM3\ARM_GCC_541\Debug\adc.o
 .debug_aranges
                0x00000118       0x70 .\CortexM3\ARM_GCC_541\Debug\helper_functions.o
 .debug_aranges
                0x00000188       0x78 .\CortexM3\ARM_GCC_541\Debug\cyfitter_cfg.o
 .debug_aranges
                0x00000200       0x18 .\CortexM3\ARM_GCC_541\Debug\cymetadata.o
 .debug_aranges
                0x00000218       0x48 .\CortexM3\ARM_GCC_541\Debug\Cm3Start.o
 .debug_aranges
                0x00000260       0x30 .\CortexM3\ARM_GCC_541\Debug\Biosensor.a(AMux_TIA_input.o)
 .debug_aranges
                0x00000290       0x58 .\CortexM3\ARM_GCC_541\Debug\Biosensor.a(VDAC_TIA.o)
 .debug_aranges
                0x000002e8       0x38 .\CortexM3\ARM_GCC_541\Debug\Biosensor.a(VDAC_TIA_PM.o)
 .debug_aranges
                0x00000320       0x50 .\CortexM3\ARM_GCC_541\Debug\Biosensor.a(TIA.o)
 .debug_aranges
                0x00000370       0x38 .\CortexM3\ARM_GCC_541\Debug\Biosensor.a(TIA_PM.o)
 .debug_aranges
                0x000003a8       0x80 .\CortexM3\ARM_GCC_541\Debug\Biosensor.a(isr_adc.o)
 .debug_aranges
                0x00000428       0xc8 .\CortexM3\ARM_GCC_541\Debug\Biosensor.a(USBUART.o)
 .debug_aranges
                0x000004f0       0xe8 .\CortexM3\ARM_GCC_541\Debug\Biosensor.a(USBUART_cdc.o)
 .debug_aranges
                0x000005d8       0x98 .\CortexM3\ARM_GCC_541\Debug\Biosensor.a(USBUART_drv.o)
 .debug_aranges
                0x00000670       0x40 .\CortexM3\ARM_GCC_541\Debug\Biosensor.a(USBUART_episr.o)
 .debug_aranges
                0x000006b0       0x48 .\CortexM3\ARM_GCC_541\Debug\Biosensor.a(USBUART_hid.o)
 .debug_aranges
                0x000006f8       0x40 .\CortexM3\ARM_GCC_541\Debug\Biosensor.a(USBUART_pm.o)
 .debug_aranges
                0x00000738       0x80 .\CortexM3\ARM_GCC_541\Debug\Biosensor.a(USBUART_std.o)
 .debug_aranges
                0x000007b8       0x20 .\CortexM3\ARM_GCC_541\Debug\Biosensor.a(USBUART_vnd.o)
 .debug_aranges
                0x000007d8       0x60 .\CortexM3\ARM_GCC_541\Debug\Biosensor.a(IDAC_calibrate.o)
 .debug_aranges
                0x00000838       0x78 .\CortexM3\ARM_GCC_541\Debug\Biosensor.a(EEPROM.o)
 .debug_aranges
                0x000008b0       0x58 .\CortexM3\ARM_GCC_541\Debug\Biosensor.a(VDAC_Poise.o)
 .debug_aranges
                0x00000908       0x38 .\CortexM3\ARM_GCC_541\Debug\Biosensor.a(VDAC_Poise_PM.o)
 .debug_aranges
                0x00000940       0x30 .\CortexM3\ARM_GCC_541\Debug\Biosensor.a(AMux_electrode.o)
 .debug_aranges
                0x00000970       0x40 .\CortexM3\ARM_GCC_541\Debug\Biosensor.a(Opamp_Aux.o)
 .debug_aranges
                0x000009b0       0x38 .\CortexM3\ARM_GCC_541\Debug\Biosensor.a(Opamp_Aux_PM.o)
 .debug_aranges
                0x000009e8       0x98 .\CortexM3\ARM_GCC_541\Debug\Biosensor.a(LCD.o)
 .debug_aranges
                0x00000a80       0x80 .\CortexM3\ARM_GCC_541\Debug\Biosensor.a(PWM_M.o)
 .debug_aranges
                0x00000b00       0xe8 .\CortexM3\ARM_GCC_541\Debug\Biosensor.a(ADC_DelSig.o)
 .debug_aranges
                0x00000be8       0x38 .\CortexM3\ARM_GCC_541\Debug\Biosensor.a(ADC_DelSig_INT.o)
 .debug_aranges
                0x00000c20       0x70 .\CortexM3\ARM_GCC_541\Debug\Biosensor.a(Clock_PWM.o)
 .debug_aranges
                0x00000c90       0x80 .\CortexM3\ARM_GCC_541\Debug\Biosensor.a(PWM_S.o)
 .debug_aranges
                0x00000d10       0x80 .\CortexM3\ARM_GCC_541\Debug\Biosensor.a(isr_adc_reset.o)
 .debug_aranges
                0x00000d90       0x48 .\CortexM3\ARM_GCC_541\Debug\Biosensor.a(USBUART_Dp.o)
 .debug_aranges
                0x00000dd8       0x70 .\CortexM3\ARM_GCC_541\Debug\Biosensor.a(ADC_DelSig_Ext_CP_Clk.o)
 .debug_aranges
                0x00000e48       0x80 .\CortexM3\ARM_GCC_541\Debug\Biosensor.a(ADC_DelSig_theACLK.o)
 .debug_aranges
                0x00000ec8       0x88 .\CortexM3\ARM_GCC_541\Debug\Biosensor.a(CyFlash.o)
 .debug_aranges
                0x00000f50      0x2a0 .\CortexM3\ARM_GCC_541\Debug\Biosensor.a(CyLib.o)
 .debug_aranges
                0x000011f0       0x98 .\CortexM3\ARM_GCC_541\Debug\Biosensor.a(cyPm.o)
 .debug_aranges
                0x00001288       0x80 .\CortexM3\ARM_GCC_541\Debug\Biosensor.a(CySpc.o)
 .debug_aranges
                0x00001308       0x20 .\CortexM3\ARM_GCC_541\Debug\Biosensor.a(CyBootAsmGnu.o)
 .debug_aranges
                0x00001328       0x20 .\CortexM3\ARM_GCC_541\Debug\Biosensor.a(USBUART_cls.o)
 .debug_aranges
                0x00001348       0x18 .\CortexM3\ARM_GCC_541\Debug\Biosensor.a(USBUART_descr.o)

.debug_pubnames
 *(.debug_pubnames)

.debug_info     0x00000000     0x916c
 *(.debug_info .gnu.linkonce.wi.*)
 .debug_info    0x00000000      0x299 .\CortexM3\ARM_GCC_541\Debug\calibrate.o
 .debug_info    0x00000299      0x227 .\CortexM3\ARM_GCC_541\Debug\dac.o
 .debug_info    0x000004c0      0x135 .\CortexM3\ARM_GCC_541\Debug\usb_protocols.o
 .debug_info    0x000005f5      0x280 .\CortexM3\ARM_GCC_541\Debug\user_selections.o
 .debug_info    0x00000875      0x2f8 .\CortexM3\ARM_GCC_541\Debug\main.o
 .debug_info    0x00000b6d      0x18f .\CortexM3\ARM_GCC_541\Debug\adc.o
 .debug_info    0x00000cfc      0x2d8 .\CortexM3\ARM_GCC_541\Debug\helper_functions.o
 .debug_info    0x00000fd4      0x595 .\CortexM3\ARM_GCC_541\Debug\cyfitter_cfg.o
 .debug_info    0x00001569      0x139 .\CortexM3\ARM_GCC_541\Debug\cymetadata.o
 .debug_info    0x000016a2      0x324 .\CortexM3\ARM_GCC_541\Debug\Cm3Start.o
 .debug_info    0x000019c6       0xf7 .\CortexM3\ARM_GCC_541\Debug\Biosensor.a(AMux_TIA_input.o)
 .debug_info    0x00001abd      0x185 .\CortexM3\ARM_GCC_541\Debug\Biosensor.a(VDAC_TIA.o)
 .debug_info    0x00001c42      0x11f .\CortexM3\ARM_GCC_541\Debug\Biosensor.a(VDAC_TIA_PM.o)
 .debug_info    0x00001d61      0x178 .\CortexM3\ARM_GCC_541\Debug\Biosensor.a(TIA.o)
 .debug_info    0x00001ed9      0x13e .\CortexM3\ARM_GCC_541\Debug\Biosensor.a(TIA_PM.o)
 .debug_info    0x00002017      0x23a .\CortexM3\ARM_GCC_541\Debug\Biosensor.a(isr_adc.o)
 .debug_info    0x00002251      0x740 .\CortexM3\ARM_GCC_541\Debug\Biosensor.a(USBUART.o)
 .debug_info    0x00002991      0x91d .\CortexM3\ARM_GCC_541\Debug\Biosensor.a(USBUART_cdc.o)
 .debug_info    0x000032ae      0x526 .\CortexM3\ARM_GCC_541\Debug\Biosensor.a(USBUART_drv.o)
 .debug_info    0x000037d4      0x234 .\CortexM3\ARM_GCC_541\Debug\Biosensor.a(USBUART_episr.o)
 .debug_info    0x00003a08      0x374 .\CortexM3\ARM_GCC_541\Debug\Biosensor.a(USBUART_hid.o)
 .debug_info    0x00003d7c      0x186 .\CortexM3\ARM_GCC_541\Debug\Biosensor.a(USBUART_pm.o)
 .debug_info    0x00003f02      0x95a .\CortexM3\ARM_GCC_541\Debug\Biosensor.a(USBUART_std.o)
 .debug_info    0x0000485c      0x1a2 .\CortexM3\ARM_GCC_541\Debug\Biosensor.a(USBUART_vnd.o)
 .debug_info    0x000049fe      0x1ad .\CortexM3\ARM_GCC_541\Debug\Biosensor.a(IDAC_calibrate.o)
 .debug_info    0x00004bab      0x352 .\CortexM3\ARM_GCC_541\Debug\Biosensor.a(EEPROM.o)
 .debug_info    0x00004efd      0x185 .\CortexM3\ARM_GCC_541\Debug\Biosensor.a(VDAC_Poise.o)
 .debug_info    0x00005082      0x11f .\CortexM3\ARM_GCC_541\Debug\Biosensor.a(VDAC_Poise_PM.o)
 .debug_info    0x000051a1       0xf7 .\CortexM3\ARM_GCC_541\Debug\Biosensor.a(AMux_electrode.o)
 .debug_info    0x00005298      0x11e .\CortexM3\ARM_GCC_541\Debug\Biosensor.a(Opamp_Aux.o)
 .debug_info    0x000053b6      0x11a .\CortexM3\ARM_GCC_541\Debug\Biosensor.a(Opamp_Aux_PM.o)
 .debug_info    0x000054d0      0x3c8 .\CortexM3\ARM_GCC_541\Debug\Biosensor.a(LCD.o)
 .debug_info    0x00005898      0x227 .\CortexM3\ARM_GCC_541\Debug\Biosensor.a(PWM_M.o)
 .debug_info    0x00005abf      0x725 .\CortexM3\ARM_GCC_541\Debug\Biosensor.a(ADC_DelSig.o)
 .debug_info    0x000061e4       0xe8 .\CortexM3\ARM_GCC_541\Debug\Biosensor.a(ADC_DelSig_INT.o)
 .debug_info    0x000062cc      0x25d .\CortexM3\ARM_GCC_541\Debug\Biosensor.a(Clock_PWM.o)
 .debug_info    0x00006529      0x227 .\CortexM3\ARM_GCC_541\Debug\Biosensor.a(PWM_S.o)
 .debug_info    0x00006750      0x23a .\CortexM3\ARM_GCC_541\Debug\Biosensor.a(isr_adc_reset.o)
 .debug_info    0x0000698a      0x171 .\CortexM3\ARM_GCC_541\Debug\Biosensor.a(USBUART_Dp.o)
 .debug_info    0x00006afb      0x25d .\CortexM3\ARM_GCC_541\Debug\Biosensor.a(ADC_DelSig_Ext_CP_Clk.o)
 .debug_info    0x00006d58      0x299 .\CortexM3\ARM_GCC_541\Debug\Biosensor.a(ADC_DelSig_theACLK.o)
 .debug_info    0x00006ff1      0x3b2 .\CortexM3\ARM_GCC_541\Debug\Biosensor.a(CyFlash.o)
 .debug_info    0x000073a3      0xe4a .\CortexM3\ARM_GCC_541\Debug\Biosensor.a(CyLib.o)
 .debug_info    0x000081ed      0x573 .\CortexM3\ARM_GCC_541\Debug\Biosensor.a(cyPm.o)
 .debug_info    0x00008760      0x4b9 .\CortexM3\ARM_GCC_541\Debug\Biosensor.a(CySpc.o)
 .debug_info    0x00008c19       0x8e .\CortexM3\ARM_GCC_541\Debug\Biosensor.a(CyBootAsmGnu.o)
 .debug_info    0x00008ca7      0x1c1 .\CortexM3\ARM_GCC_541\Debug\Biosensor.a(USBUART_cls.o)
 .debug_info    0x00008e68      0x304 .\CortexM3\ARM_GCC_541\Debug\Biosensor.a(USBUART_descr.o)

.debug_abbrev   0x00000000     0x3357
 *(.debug_abbrev)
 .debug_abbrev  0x00000000      0x118 .\CortexM3\ARM_GCC_541\Debug\calibrate.o
 .debug_abbrev  0x00000118      0x139 .\CortexM3\ARM_GCC_541\Debug\dac.o
 .debug_abbrev  0x00000251       0xb1 .\CortexM3\ARM_GCC_541\Debug\usb_protocols.o
 .debug_abbrev  0x00000302      0x112 .\CortexM3\ARM_GCC_541\Debug\user_selections.o
 .debug_abbrev  0x00000414      0x10a .\CortexM3\ARM_GCC_541\Debug\main.o
 .debug_abbrev  0x0000051e       0xe1 .\CortexM3\ARM_GCC_541\Debug\adc.o
 .debug_abbrev  0x000005ff      0x10b .\CortexM3\ARM_GCC_541\Debug\helper_functions.o